Component: ARM Compiler 5.06 update 1 (build 61) Tool: armlink [4d35a8]

==============================================================================

Section Cross References

    alarm.o(i.SetAlarm) refers to alarm.o(i.__SetAlarm) for __SetAlarm
    alarm.o(i.__SetAlarm) refers to alarm.o(.data) for .data
    alarm.o(i.calc_next_Alarm) refers to clocktick.o(.data) for current_timer
    alarm.o(i.calc_next_Alarm) refers to alarm.o(.data) for .data
    main.o(i.covert_int2str) refers to main.o(.constdata) for .constdata
    main.o(i.main) refers to main.o(i.covert_int2str) for covert_int2str
    main.o(i.main) refers to qr_utils.o(i.QR_Encode_Create) for QR_Encode_Create
    main.o(i.main) refers to osal_timer.o(i.osalTimerInit) for osalTimerInit
    main.o(i.main) refers to osal_task.o(i.osal_init_tasks) for osal_init_tasks
    main.o(i.main) refers to osal.o(i.osal_start_system) for osal_start_system
    main.o(i.main) refers to osal.o(i.osal_run_system) for osal_run_system
    main.o(i.main) refers to main.o(.bss) for .bss
    clocktick.o(i.Cal_Time) refers to clocktick.o(i.Get_Week) for Get_Week
    clocktick.o(i.Cal_Time) refers to clocktick.o(.constdata) for .constdata
    clocktick.o(i.Convert_UTC_time) refers to mktime.o(.text) for mktime
    clocktick.o(i.SetDate) refers to clocktick.o(.data) for .data
    clocktick.o(i.SetTimer) refers to clocktick.o(.data) for .data
    clocktick.o(i.getUTC) refers to mktime.o(.text) for mktime
    clocktick.o(i.getUTC) refers to clocktick.o(.data) for .data
    clocktick.o(i.load_date_time) refers to clocktick.o(.data) for .data
    clocktick.o(i.setSystemTimer) refers to clocktick.o(.data) for .data
    clocktick.o(i.system_clock_click) refers to osal.o(i.osal_set_event) for osal_set_event
    clocktick.o(i.system_clock_click) refers to osal_timer.o(i.osal_start_timerEx) for osal_start_timerEx
    clocktick.o(i.system_clock_click) refers to clocktick.o(.data) for .data
    clocktick.o(i.system_clock_click) refers to task_step.o(.data) for taskStepTaskId
    clocktick.o(i.system_clock_click) refers to task_battery.o(.data) for taskBatteryTaskId
    clocktick.o(i.system_clock_click) refers to task_gui.o(.data) for taskGUITaskId
    clocktick.o(i.system_clock_click) refers to task_flash.o(.data) for taskFlashTaskId
    clocktick.o(i.system_clock_click) refers to task_store.o(.data) for taskStoreTaskId
    clocktick.o(i.system_clock_click) refers to task_upload.o(.data) for taskUploadTaskId
    clocktick.o(i.system_clock_click) refers to clocktick.o(.constdata) for .constdata
    btprotocol.o(i.bt_protocol_rx) refers to clocktick.o(i.SetTimer) for SetTimer
    btprotocol.o(i.bt_protocol_rx) refers to clocktick.o(i.SetDate) for SetDate
    btprotocol.o(i.bt_protocol_rx) refers to alarm.o(i.SetAlarm) for SetAlarm
    btprotocol.o(i.bt_protocol_rx) refers to alarm.o(i.calc_next_Alarm) for calc_next_Alarm
    btprotocol.o(i.bt_protocol_rx) refers to osal.o(i.osal_set_event) for osal_set_event
    btprotocol.o(i.bt_protocol_rx) refers to btprotocol.o(i.handle_notification) for handle_notification
    btprotocol.o(i.bt_protocol_rx) refers to usersetting.o(.data) for config
    btprotocol.o(i.bt_protocol_rx) refers to alarm.o(.data) for alarm
    btprotocol.o(i.bt_protocol_rx) refers to task_motor.o(.data) for taskMotorTaskId
    btprotocol.o(i.bt_protocol_rx) refers to task_flash.o(.bss) for fm
    btprotocol.o(i.bt_protocol_rx) refers to task_step.o(.bss) for pedometer
    btprotocol.o(i.bt_protocol_rx) refers to task_upload.o(.data) for taskUploadTaskId
    btprotocol.o(i.bt_protocol_rx) refers to task_step.o(.data) for taskStepTaskId
    btprotocol.o(i.bt_protocol_rx) refers to task_gui.o(.data) for taskGUITaskId
    btprotocol.o(i.bt_protocol_rx) refers to task_step.o(i.load_pedometer) for load_pedometer
    btprotocol.o(i.bt_protocol_rx) refers to ui_win_notify.o(i.font_is_ok) for font_is_ok
    btprotocol.o(i.bt_protocol_rx) refers to clocktick.o(.data) for current_timer
    btprotocol.o(i.bt_protocol_rx) refers to usersetting.o(.data) for monitor
    btprotocol.o(i.bt_protocol_rx) refers to task_ble.o(.data) for taskBleTaskId
    btprotocol.o(i.bt_protocol_rx) refers to btprotocol.o(.constdata) for .constdata
    btprotocol.o(i.bt_protocol_rx) refers to task_battery.o(.data) for taskBatteryTaskId
    btprotocol.o(i.bt_protocol_rx) refers to window.o(.data) for win_current
    btprotocol.o(i.bt_protocol_rx) refers to task_flash.o(.data) for taskFlashTaskId
    btprotocol.o(i.bt_protocol_rx) refers to usersetting.o(.data) for hr
    btprotocol.o(i.bt_protocol_rx) refers to task_step.o(i.unit_update) for unit_update
    btprotocol.o(i.bt_protocol_rx) refers to btprotocol.o(i.__ARM_common_memcpy4_5) for __ARM_common_memcpy4_5
    btprotocol.o(i.bt_protocol_rx) refers to window.o(i.window_set) for window_set
[...]
    current_timer                            0x200020a4   Data           8  clocktick.o(.data)
    last_timer                               0x200020ac   Data           8  clocktick.o(.data)
    config                                   0x200020b4   Data          76  usersetting.o(.data)
    monitor                                  0x20002100   Data          16  usersetting.o(.data)
    hr                                       0x20002110   Data          16  usersetting.o(.data)
    ble                                      0x20002120   Data           2  usersetting.o(.data)
    sleepEnable                              0x20002124   Data           4  osal.o(.data)
    osal_systemClock                         0x20002128   Data           4  osal_timer.o(.data)
    systemTick                               0x2000212c   Data           4  osal_timer.o(.data)
    hr_mticks                                0x20002130   Data           4  osal_timer.o(.data)
    battery_flag                             0x20002134   Data           1  task_battery.o(.data)
    last_battery_level                       0x20002135   Data           1  task_battery.o(.data)
    current_adc                              0x20002136   Data           2  task_battery.o(.data)
    taskBatteryTaskId                        0x2000213c   Data           4  task_battery.o(.data)
    dog_is_shutdown_cnt                      0x20002144   Data           4  task_ble.o(.data)
    taskBleTaskId                            0x2000214c   Data           4  task_ble.o(.data)
    taskMotorTaskId                          0x2000215c   Data           4  task_motor.o(.data)
    taskGUITaskId                            0x20002160   Data           4  task_gui.o(.data)
    takePhotoEnable                          0x20002164   Data           1  task_step.o(.data)
    action_cnt                               0x20002168   Data           4  task_step.o(.data)
    pedometerFlag                            0x2000216c   Data           4  task_step.o(.data)
    sum_x                                    0x20002170   Data           4  task_step.o(.data)
    sum_y                                    0x20002174   Data           4  task_step.o(.data)
    sum_z                                    0x20002178   Data           4  task_step.o(.data)
    d4time                                   0x2000217c   Data           4  task_step.o(.data)
    taskStepTaskId                           0x200021a4   Data           4  task_step.o(.data)
    keyFlag                                  0x200021a8   Data           1  task_touch.o(.data)
    taskTouchTaskId                          0x200021b0   Data           4  task_touch.o(.data)
    taskUploadTaskId                         0x200021c4   Data           4  task_upload.o(.data)
    finder                                   0x200021c8   Data           1  task_finder.o(.data)
    taskFinderTaskId                         0x200021cc   Data           4  task_finder.o(.data)
    leaveEnable                              0x200021d0   Data           1  task_hr.o(.data)
    hr_showFlag                              0x200021d1   Data           1  task_hr.o(.data)
    hr_reset_flag                            0x200021d2   Data           1  task_hr.o(.data)
    upload_flag                              0x200021d3   Data           1  task_hr.o(.data)
    current_hr_adc                           0x200021d4   Data           2  task_hr.o(.data)
    current_touch_adc                        0x200021d6   Data           2  task_hr.o(.data)
    dect_mTicks                              0x200021d8   Data           4  task_hr.o(.data)
    need_mTicks                              0x200021dc   Data           4  task_hr.o(.data)
    leaveFlag                                0x200021e0   Data           4  task_hr.o(.data)
    taskHrTaskId                             0x200021e4   Data           4  task_hr.o(.data)
    to_close                                 0x200021e8   Data           4  task_hr.o(.data)
    hr_real                                  0x200021ec   Data           4  task_hr.o(.data)
    leave_time                               0x200021f0   Data           4  task_hr.o(.data)
    saadc_buff1                              0x200021f4   Data           8  task_hr.o(.data)
    hr_array                                 0x200021fc   Data          20  task_hr.o(.data)
    last_hr                                  0x20002210   Data           1  task_hr.o(.data)
    taskFlashTaskId                          0x20002214   Data           4  task_flash.o(.data)
    fm_block_param                           0x20002218   Data           8  task_flash.o(.data)
    fm_block_id                              0x20002220   Data           8  task_flash.o(.data)
    reset_action_done                        0x20002228   Data          20  task_flash.o(.data)
    taskStoreTaskId                          0x2000223c   Data           4  task_store.o(.data)
    taskFrameTaskId                          0x20002240   Data           4  task_frame.o(.data)
    taskStepInterrutCount                    0x200022f4   Data           4  irqhandler.o(.data)
    touchInterruptCount                      0x200022f8   Data           4  irqhandler.o(.data)
    taskStepInterrutMonotorCnt               0x200022fc   Data           4  irqhandler.o(.data)
    length                                   0x20002300   Data           4  debug.o(.data)
    sendIdx                                  0x20002304   Data           4  debug.o(.data)
    lcd_enable_flag                          0x20002308   Data           1  lcd_st7735.o(.data)
    V_BMA2x2RESOLUTION_U8                    0x2000230c   Data           1  bma2x2.o(.data)
    error_cnt                                0x20002314   Data           4  bma253.o(.data)
    mTicks                                   0x20002318   Data           4  step_process.o(.data)
    AutoSleep                                0x2000233c   Data          88  sleep_algorithm.o(.data)
    encoder                                  0x200024b4   Data         852  qr_encode.o(.data)
    logoutputEnable                          0x20002808   Data           4  log.o(.data)
    m_write_char_val                         0x2000280c   Data           1  ble_wechat_service.o(.data)
    m_read_indicate_val                      0x2000280d   Data           1  ble_wechat_service.o(.data)
    m_pedometer_profile_val                  0x2000280e   Data           4  ble_wechat_service.o(.data)
    m_target_profile_val                     0x20002812   Data           4  ble_wechat_service.o(.data)
    m_addl_adv_manuf_data                    0x20002816   Data           8  ble_wechat_service.o(.data)
    m_peer_handle                            0x20002821   Data           4  ancs.o(.data)
    last_call_uuid                           0x20002825   Data           4  ancs.o(.data)
    mq                                       0x20002834   Data          40  msgqueue.o(.data)
    fristBootFlag                            0x2000285c   Data           1  ui_win_main.o(.data)
    showLogoFlag                             0x2000285d   Data           1  ui_win_main.o(.data)
    show_qr_flag                             0x20002860   Data           4  ui_win_pedometer.o(.data)
    select_enable                            0x20002864   Data           1  ui_win_sport.o(.data)
    notify_flag                              0x20002865   Data           1  ui_win_sport.o(.data)
    flag                                     0x20002866   Data           1  ui_win_sport.o(.data)
    sport_id                                 0x20002874   Data           4  ui_win_sport.o(.data)
    sport_stat                               0x20002878   Data           4  ui_win_sport.o(.data)
    showFlag                                 0x20002880   Data           1  ui_win_findphone.o(.data)
    showMacFlag                              0x20002881   Data           1  ui_win_info.o(.data)
    take_photo_action                        0x20002882   Data          20  ui_win_camera.o(.data)
    exit_take_photo                          0x20002896   Data          20  ui_win_camera.o(.data)
    ccflag                                   0x200028aa   Data           1  ui_win_notify.o(.data)
    DZ                                       0x200028ad   Data          32  ui_win_notify.o(.data)
    hangup_cmd                               0x200028cd   Data          20  ui_win_notify.o(.data)
    current_idx                              0x200028e4   Data           1  window.o(.data)
    win_ticks                                0x200028e6   Data           2  window.o(.data)
    win_current                              0x200028e8   Data           4  window.o(.data)
    win_show_flag                            0x200028ec   Data           4  window.o(.data)
    window                                   0x200028f0   Data         264  window.o(.data)
    SystemCoreClock                          0x200029f8   Data           4  system_nrf52.o(.data)
    mac_buf                                  0x20002a04   Data          18  main.o(.bss)
    taskEventsTable                          0x20002a18   Data          48  osal_task.o(.bss)
    timer                                    0x20002a48   Data         960  osal_timer.o(.bss)
    power                                    0x20002e08   Data          16  task_battery.o(.bss)
    battery_filter_arr                       0x20002e18   Data          14  task_battery.o(.bss)
    battery_level_arr                        0x20002e26   Data         126  task_battery.o(.bss)
    rxbuf                                    0x20002f38   Data          20  task_ble.o(.bss)
    pedometer                                0x20002f4c   Data          20  task_step.o(.bss)
    accel_fifo                               0x20002f60   Data          96  task_step.o(.bss)
    pedometer_last                           0x20002fd4   Data          20  task_step.o(.bss)
    q                                        0x20002ffc   Data          16  task_upload.o(.bss)
    qbuf                                     0x2000300c   Data        2048  task_upload.o(.bss)
    buffer                                   0x2000380c   Data          20  task_finder.o(.bss)
    leave_array                              0x20003820   Data         124  task_hr.o(.bss)
    fm                                       0x2000389c   Data         164  task_flash.o(.bss)
    fmc                                      0x20003940   Data         188  task_flash.o(.bss)
    swap                                     0x200039fc   Data        4096  task_flash.o(.bss)
    fq                                       0x200049fc   Data         328  task_flash.o(.bss)
    nrf_nvic_state                           0x200052a0   Data          12  softdevice_handler.o(.bss)
    saadc_buff                               0x200052ac   Data          16  ssadc.o(.bss)
    ble_tx_buf                               0x200052bc   Data          20  debug.o(.bss)
    frame_buffer                             0x200052d0   Data       25600  lcd_st7735.o(.bss)
    bma2x2                                   0x2000b6d0   Data          24  bma253.o(.bss)
    accelDevice                              0x2000b6e8   Data          76  step_process.o(.bss)
    sin_table                                0x2000b7fc   Data        1024  fft.o(.bss)
    s                                        0x2000bbfc   Data        4096  fft.o(.bss)
    bb                                       0x2000cbfc   Data        1024  fft.o(.bss)
    Fn                                       0x2000cffc   Data        2048  fft.o(.bss)
    logbuf                                   0x2000d7fc   Data          16  log.o(.bss)
    m_ble_wechat                             0x2000d80c   Data          56  ble_wechat_service.o(.bss)
    m_ancs_c                                 0x2000d844   Data         224  ancs.o(.bss)
    m_ble_db_discovery                       0x2000dc24   Data         428  ancs.o(.bss)
    title_buf                                0x2000ddd0   Data          30  msgqueue.o(.bss)
    body_buf                                 0x2000ddee   Data         256  msgqueue.o(.bss)
    win_stack                                0x2000def0   Data          16  window.o(.bss)
    __initial_sp                             0x2000ff00   Data           0  arm_startup_nrf52.o(STACK)



==============================================================================

Memory Map of the image

  Image Entry point : 0x0001c201

  Load Region LR_IROM1 (Base: 0x0001c000, Size: 0x0002b028, Max: 0x00064000, ABSOLUTE, COMPRESSED[0x0002a84c])

    Execution Region ER_IROM1 (Base: 0x0001c000, Size: 0x0002a6a4, Max: 0x00064000, ABSOLUTE)

    Base Addr    Size         Type   Attr      Idx    E Section Name        Object

    0x0001c000   0x00000200   Data   RO         6327    RESET               arm_startup_nrf52.o
    0x0001c200   0x00000000   Code   RO         6619  * .ARM.Collect$$$$00000000  mc_w.l(entry.o)
    0x0001c200   0x00000004   Code   RO         6715    .ARM.Collect$$$$00000001  mc_w.l(entry2.o)
    0x0001c204   0x00000004   Code   RO         6718    .ARM.Collect$$$$00000004  mc_w.l(entry5.o)
    0x0001c208   0x00000000   Code   RO         6720    .ARM.Collect$$$$00000008  mc_w.l(entry7b.o)
    0x0001c208   0x00000000   Code   RO         6722    .ARM.Collect$$$$0000000A  mc_w.l(entry8b.o)
    0x0001c208   0x00000008   Code   RO         6723    .ARM.Collect$$$$0000000B  mc_w.l(entry9a.o)
    0x0001c210   0x00000000   Code   RO         6725    .ARM.Collect$$$$0000000D  mc_w.l(entry10a.o)
    0x0001c210   0x00000000   Code   RO         6727    .ARM.Collect$$$$0000000F  mc_w.l(entry11a.o)
    0x0001c210   0x00000004   Code   RO         6716    .ARM.Collect$$$$00002712  mc_w.l(entry2.o)
    0x0001c214   0x00000034   Code   RO         2383    .emb_text           bootloader_util.o
    0x0001c248   0x00000076   Code   RO         2851    .emb_text           nrf_delay.o
    0x0001c2be   0x00000002   PAD
    0x0001c2c0   0x00000024   Code   RO         6328    .text               arm_startup_nrf52.o
    0x0001c2e4   0x000000a8   Code   RO         6622    .text               mc_w.l(mktime.o)
    0x0001c38c   0x00000040   Code   RO         6627    .text               mc_w.l(memmovea.o)
    0x0001c3cc   0x00000024   Code   RO         6629    .text               mc_w.l(memseta.o)
    0x0001c3f0   0x0000000e   Code   RO         6631    .text               mc_w.l(strlen.o)
    0x0001c3fe   0x0000001a   Code   RO         6633    .text               mc_w.l(memcmp.o)
    0x0001c418   0x0000001e   Code   RO         6635    .text               mc_w.l(strncmp.o)
    0x0001c436   0x0000014e   Code   RO         6669    .text               mf_w.l(dadd.o)
    0x0001c584   0x000000e4   Code   RO         6671    .text               mf_w.l(dmul.o)
    0x0001c668   0x000000de   Code   RO         6673    .text               mf_w.l(ddiv.o)
    0x0001c746   0x00000022   Code   RO         6675    .text               mf_w.l(dflti.o)
    0x0001c768   0x0000001a   Code   RO         6677    .text               mf_w.l(dfltui.o)
    0x0001c782   0x0000003e   Code   RO         6679    .text               mf_w.l(dfixi.o)
    0x0001c7c0   0x00000032   Code   RO         6681    .text               mf_w.l(dfixui.o)
    0x0001c7f2   0x00000026   Code   RO         6683    .text               mf_w.l(f2d.o)
    0x0001c818   0x00000038   Code   RO         6685    .text               mf_w.l(d2f.o)
    0x0001c850   0x0000002c   Code   RO         6732    .text               mc_w.l(uidiv.o)
    0x0001c87c   0x00000062   Code   RO         6734    .text               mc_w.l(uldiv.o)
    0x0001c8de   0x0000001e   Code   RO         6736    .text               mc_w.l(llshl.o)
    0x0001c8fc   0x00000020   Code   RO         6738    .text               mc_w.l(llushr.o)
    0x0001c91c   0x00000024   Code   RO         6740    .text               mc_w.l(llsshr.o)
    0x0001c940   0x0000008c   Code   RO         6745    .text               mc_w.l(localtime_i.o)
    0x0001c9cc   0x00000000   Code   RO         6755    .text               mc_w.l(iusefp.o)
    0x0001c9cc   0x0000006e   Code   RO         6756    .text               mf_w.l(fepilogue.o)
    0x0001ca3a   0x000000ba   Code   RO         6758    .text               mf_w.l(depilogue.o)
    0x0001caf4   0x000000a2   Code   RO         6762    .text               mf_w.l(dsqrt.o)
    0x0001cb96   0x00000030   Code   RO         6764    .text               mf_w.l(dfixul.o)
    0x0001cbc6   0x00000002   PAD
    0x0001cbc8   0x00000030   Code   RO         6768    .text               mf_w.l(cdrcmple.o)
    0x0001cbf8   0x00000024   Code   RO         6780    .text               mc_w.l(init.o)
    0x0001cc1c   0x00000056   Code   RO         6792    .text               mc_w.l(__dczerorl2.o)
    0x0001cc72   0x000000c4   Code   RO         6369    i.ASCII_GetData     nrf52832_xxaa.lib(hfma2ylib.o)
    0x0001cd36   0x00000002   PAD
    0x0001cd38   0x00000058   Code   RO         4291    i.AccelHandle       step_process.o
    0x0001cd90   0x0000005c   Code   RO         4564    i.AlphabetToBinaly  qr_encode.o
    0x0001cdec   0x00000064   Code   RO         4230    i.BMA2x2_SPI_bus_read  bma253.o
    0x0001ce50   0x00000060   Code   RO         4231    i.BMA2x2_SPI_bus_write  bma253.o
    0x0001ceb0   0x0000001a   Code   RO         4232    i.BMA2x2_delay_msek  bma253.o
    0x0001ceca   0x00000002   PAD
    0x0001cecc   0x00000048   Code   RO         4233    i.BMA_init_spi_pin  bma253.o
    0x0001cf14   0x00000038   Code   RO         6372    i.CYRILLIC_GetData  nrf52832_xxaa.lib(hfma2ylib.o)
    0x0001cf4c   0x0000011c   Code   RO          167    i.Cal_Time          clocktick.o
    0x0001d068   0x00000060   Code   RO          838    i.ConnectionTerminate  task_ble.o
    0x0001d0c8   0x0000002a   Code   RO          168    i.Convert_UTC_time  clocktick.o
    0x0001d0f2   0x00000002   PAD
    0x0001d0f4   0x00000398   Code   RO         4565    i.CountPenalty      qr_encode.o
    0x0001d48c   0x000000b0   Code   RO         3210    i.Debug_ble_send_hex  debug.o
    0x0001d53c   0x00000084   Code   RO         5653    i.DoRect16x16       ui_win_notify.o
    0x0001d5c0   0x00000084   Code   RO         5654    i.DoRect8x16        ui_win_notify.o
    0x0001d644   0x000001c0   Code   RO         5655    i.DrawBody          ui_win_notify.o
    0x0001d804   0x0000007c   Code   RO         5250    i.DrawCaloriesValue  ui_win_sport.o
    0x0001d880   0x00000128   Code   RO         5656    i.DrawIcon          ui_win_notify.o
    0x0001d9a8   0x000001ac   Code   RO         5398    i.DrawSleepTimer    ui_win_sleep.o
    0x0001db54   0x000000f8   Code   RO         5252    i.DrawSportIconBycle  ui_win_sport.o
    0x0001dc4c   0x00000098   Code   RO         5253    i.DrawSportIconMain  ui_win_sport.o
    0x0001dce4   0x000000f4   Code   RO         5254    i.DrawSportIconRunning  ui_win_sport.o
    0x0001ddd8   0x000000f4   Code   RO         5255    i.DrawSportIconSwimming  ui_win_sport.o
    0x0001decc   0x000001a0   Code   RO         5256    i.DrawSportTimer    ui_win_sport.o
    0x0001e06c   0x00000218   Code   RO         5657    i.DrawTitle         ui_win_notify.o
    0x0001e284   0x000000b0   Code   RO         5849    i.DrawUI_Bitmap     ui_draw.o
    0x0001e334   0x0000008c   Code   RO         5850    i.DrawUI_Bitmap_Ex  ui_draw.o
    0x0001e3c0   0x0000008c   Code   RO         5851    i.DrawUI_Bitmap_Rever  ui_draw.o
    0x0001e44c   0x000002a8   Code   RO         4566    i.EncodeData        qr_encode.o
    0x0001e6f4   0x000007f4   Code   RO         4567    i.EncodeSourceData  qr_encode.o
    0x0001eee8   0x00000024   Code   RO         5041    i.EntryDeepSleepMode  spi.o
    0x0001ef0c   0x00000024   Code   RO         5042    i.ExitDeepSleepMode  spi.o
    0x0001ef30   0x00000018   Code   RO         3143    i.FPU_IRQHandler    fpu.o
    0x0001ef48   0x000000c4   Code   RO         4568    i.FormatModule      qr_encode.o
    0x0001f00c   0x00000094   Code   RO         3030    i.GPIOTE_IRQHandler  irqhandler.o
    0x0001f0a0   0x000000a8   Code   RO         4569    i.GetBitLength      qr_encode.o
    0x0001f148   0x000000ec   Code   RO         4570    i.GetEncodeVersion  qr_encode.o
    0x0001f234   0x00000098   Code   RO         4571    i.GetRSCodeWord     qr_encode.o
    0x0001f2cc   0x00000080   Code   RO          169    i.Get_Week          clocktick.o
    0x0001f34c   0x0000003c   Code   RO         4572    i.IsAlphabetData    qr_encode.o
    0x0001f388   0x00000030   Code   RO         4573    i.IsKanjiData       qr_encode.o
    0x0001f3b8   0x0000000c   Code   RO         4574    i.IsNumeralData     qr_encode.o
    0x0001f3c4   0x00000046   Code   RO         6377    i.JIS_16_GetData    nrf52832_xxaa.lib(hfma2ylib.o)
    0x0001f40a   0x00000042   Code   RO         6378    i.KSC_16_GetData    nrf52832_xxaa.lib(hfma2ylib.o)
    0x0001f44c   0x00000022   Code   RO         4575    i.KanjiToBinaly     qr_encode.o
    0x0001f46e   0x00000002   PAD
    0x0001f470   0x00000084   Code   RO         6380    i.LATIN_GetData     nrf52832_xxaa.lib(hfma2ylib.o)
    0x0001f4f4   0x000001ec   Code   RO         3266    i.LCD_Config        lcd_st7735.o
    0x0001f6e0   0x00000014   Code   RO         3267    i.LCD_Config_Delay  lcd_st7735.o
    0x0001f6f4   0x0000000e   Code   RO         3268    i.LCD_Init          lcd_st7735.o
    0x0001f702   0x00000002   PAD
    0x0001f704   0x000000c8   Code   RO         3269    i.LCD_SPI_Init      lcd_st7735.o
    0x0001f7cc   0x00000080   Code   RO         4764    i.Log_Printf        log.o
    0x0001f84c   0x0000004c   Code   RO         4994    i.MessageBuildContent  msgqueue.o
    0x0001f898   0x0000004c   Code   RO         4995    i.MessageBuildSender  msgqueue.o
    0x0001f8e4   0x00000034   Code   RO         4996    i.MessageClearAll   msgqueue.o
    0x0001f918   0x0000002c   Code   RO         4998    i.MessageUpdatePage  msgqueue.o
    0x0001f944   0x00000018   Code   RO         5659    i.NOTICE_ADD        ui_win_notify.o
    0x0001f95c   0x00000054   Code   RO         4495    i.Put_the_desktop_process  sleep_algorithm.o
    0x0001f9b0   0x0000009c   Code   RO         4736    i.QR_Copy_Image     qr_utils.o
    0x0001fa4c   0x0000002c   Code   RO         4737    i.QR_Encode_Create  qr_utils.o
    0x0001fa78   0x00000044   Code   RO          633    i.RTC1_IRQHandler   osal_timer.o
    0x0001fabc   0x00000028   Code   RO          634    i.RTC2_IRQHandler   osal_timer.o
    0x0001fae4   0x00000024   Code   RO         2917    i.SWI2_EGU2_IRQHandler  softdevice_handler.o
    0x0001fb08   0x000001a0   Code   RO         4496    i.SaveSleepdata     sleep_algorithm.o
    0x0001fca8   0x000000e4   Code   RO            1    i.SetAlarm          alarm.o
    0x0001fd8c   0x0000006c   Code   RO         4576    i.SetAlignmentPattern  qr_encode.o
    0x0001fdf8   0x00000072   Code   RO         4577    i.SetBitStream      qr_encode.o
    0x0001fe6a   0x0000008c   Code   RO         4578    i.SetCodeWordPattern  qr_encode.o
    0x0001fef6   0x00000002   PAD
    0x0001fef8   0x00000060   Code   RO          171    i.SetDate           clocktick.o
    0x0001ff58   0x00000054   Code   RO         4579    i.SetFinderPattern  qr_encode.o
    0x0001ffac   0x0000011a   Code   RO         4580    i.SetFormatInfoPattern  qr_encode.o
    0x000200c6   0x00000002   PAD
    0x000200c8   0x000001c8   Code   RO         4581    i.SetFunctionModule  qr_encode.o
    0x00020290   0x0000014c   Code   RO         4582    i.SetMaskingPattern  qr_encode.o
    0x000203dc   0x00000048   Code   RO          172    i.SetTimer          clocktick.o
    0x00020424   0x00000092   Code   RO         4583    i.SetVersionPattern  qr_encode.o
    0x000204b6   0x00000002   PAD
    0x000204b8   0x0000004c   Code   RO         4294    i.Step_main_thread  step_process.o
    0x00020504   0x00000338   Code   RO         6336    i.SystemInit        system_nrf52.o
    0x0002083c   0x000001ec   Code   RO         6383    i.U2G               nrf52832_xxaa.lib(hfma2ylib.o)
    0x00020a28   0x000000a4   Code   RO         6384    i.U2J               nrf52832_xxaa.lib(hfma2ylib.o)
    0x00020acc   0x00000084   Code   RO         6385    i.U2K               nrf52832_xxaa.lib(hfma2ylib.o)
    0x00020b50   0x00000040   Code   RO         5089    i.UI_Draw_Buttom    ui_win_main.o
    0x00020b90   0x000000e0   Code   RO         5091    i.UI_Draw_Title     ui_win_main.o
    0x00020c70   0x000000fc   Code   RO         5092    i.UI_Draw_Title_1   ui_win_main.o
    0x00020d6c   0x00000010   Code   RO         6292    i.WDT_Feed          wdt.o
    0x00020d7c   0x0000002c   Code   RO         6293    i.WDT_Init          wdt.o
    0x00020da8   0x00000054   Code   RO         3270    i.WriteComm         lcd_st7735.o
    0x00020dfc   0x0000005c   Code   RO         3271    i.WriteData         lcd_st7735.o
    0x00020e58   0x00000024   Code   RO         6647    i.__0vsnprintf      mc_w.l(printfa.o)
    0x00020e7c   0x00000008   Code   RO          934    i.__ARM_common_memclr4_5  task_ble.o
    0x00020e84   0x00000008   Code   RO         2191    i.__ARM_common_memclr4_6  device_manager_peripheral.o
    0x00020e8c   0x0000000a   Code   RO         1794    i.__ARM_common_memclr4_7  ble_advertising.o
    0x00020e96   0x00000008   Code   RO         1301    i.__ARM_common_memclr4_8  task_upload.o
    0x00020e9e   0x0000000a   Code   RO          342    i.__ARM_common_memcpy4_5  btprotocol.o
    0x00020ea8   0x00000030   Code   RO         6776    i.__ARM_fpclassify  m_wm.l(fpclassify.o)
    0x00020ed8   0x00000088   Code   RO            2    i.__SetAlarm        alarm.o
    0x00020f60   0x000000c8   Code   RO         6583    i.__hardfp_cos      m_wm.l(cos.o)
    0x00021028   0x000000c8   Code   RO         6595    i.__hardfp_sin      m_wm.l(sin.o)
    0x000210f0   0x0000007a   Code   RO         6607    i.__hardfp_sqrt     m_wm.l(sqrt.o)
    0x0002116a   0x00000006   PAD
    0x00021170   0x00000438   Code   RO         6704    i.__ieee754_rem_pio2  m_wm.l(rred.o)
    0x000215a8   0x00000170   Code   RO         6687    i.__kernel_cos      m_wm.l(cos_i.o)
    0x00021718   0x000000f8   Code   RO         6778    i.__kernel_poly     m_wm.l(poly.o)
    0x00021810   0x00000130   Code   RO         6709    i.__kernel_sin      m_wm.l(sin_i.o)
    0x00021940   0x00000014   Code   RO         6691    i.__mathlib_dbl_infnan  m_wm.l(dunder.o)
    0x00021954   0x00000004   PAD
    0x00021958   0x00000020   Code   RO         6693    i.__mathlib_dbl_invalid  m_wm.l(dunder.o)
    0x00021978   0x00000020   Code   RO         6696    i.__mathlib_dbl_underflow  m_wm.l(dunder.o)
    0x00021998   0x0000000e   Code   RO         6786    i.__scatterload_copy  mc_w.l(handlers.o)
    0x000219a6   0x00000002   Code   RO         6787    i.__scatterload_null  mc_w.l(handlers.o)
    0x000219a8   0x0000000e   Code   RO         6788    i.__scatterload_zeroinit  mc_w.l(handlers.o)
    0x000219b6   0x00000002   PAD
    0x000219b8   0x0000000c   Code   RO         6750    i.__set_errno       mc_w.l(errno.o)
    0x000219c4   0x00000164   Code   RO         6649    i._fp_digits        mc_w.l(printfa.o)
    0x00021b28   0x000006dc   Code   RO         6650    i._printf_core      mc_w.l(printfa.o)
    0x00022204   0x00000024   Code   RO         6651    i._printf_post_padding  mc_w.l(printfa.o)
    0x00022228   0x0000002e   Code   RO         6652    i._printf_pre_padding  mc_w.l(printfa.o)
    0x00022256   0x00000016   Code   RO         6653    i._snputc           mc_w.l(printfa.o)
    0x0002226c   0x00000040   Code   RO         4295    i.accel_filter      step_process.o
    0x000222ac   0x0000051e   Code   RO         1811    i.adv_data_encode   ble_advdata.o
    0x000227ca   0x00000002   PAD
    0x000227cc   0x00000014   Code   RO         4921    i.ancs_perform_notification_action  ancs.o
    0x000227e0   0x00000088   Code   RO         4922    i.ancs_service_init  ancs.o
    0x00022868   0x00000024   Code   RO         2362    i.app_error_fault_handler  app_error_weak.o
    0x0002288c   0x0000001a   Code   RO         2323    i.app_error_handler_bare  app_error.o
    0x000228a6   0x00000004   Code   RO         4923    i.apple_notification_error_handler  ancs.o
    0x000228aa   0x00000006   PAD
    0x000228b0   0x0000012c   Code   RO          750    i.battery_get_level  task_battery.o
    0x000229dc   0x0000008e   Code   RO         1812    i.ble_advdata_set   ble_advdata.o
    0x00022a6a   0x00000002   PAD
    0x00022a6c   0x00000168   Code   RO         1737    i.ble_advertising_init  ble_advertising.o
    0x00022bd4   0x000000a8   Code   RO         1738    i.ble_advertising_on_ble_evt  ble_advertising.o
    0x00022c7c   0x00000034   Code   RO         1739    i.ble_advertising_on_sys_evt  ble_advertising.o
    0x00022cb0   0x00000210   Code   RO         1742    i.ble_advertising_start  ble_advertising.o
    0x00022ec0   0x00000028   Code   RO         2466    i.ble_ancs_c_attr_add  ble_ancs_c.o
    0x00022ee8   0x0000000a   Code   RO         2468    i.ble_ancs_c_data_source_notif_enable  ble_ancs_c.o
    0x00022ef2   0x00000024   Code   RO         2469    i.ble_ancs_c_handles_assign  ble_ancs_c.o
    0x00022f16   0x00000002   PAD
    0x00022f18   0x000000ac   Code   RO         2470    i.ble_ancs_c_init   ble_ancs_c.o
    0x00022fc4   0x0000000a   Code   RO         2472    i.ble_ancs_c_notif_source_notif_enable  ble_ancs_c.o
    0x00022fce   0x00000032   Code   RO         2473    i.ble_ancs_c_on_ble_evt  ble_ancs_c.o
    0x00023000   0x000000cc   Code   RO         2474    i.ble_ancs_c_on_db_disc_evt  ble_ancs_c.o
    0x000230cc   0x00000028   Code   RO         2475    i.ble_ancs_c_request_attrs  ble_ancs_c.o
    0x000230f4   0x000000b0   Code   RO         2476    i.ble_ancs_get_notif_attrs  ble_ancs_c.o
    0x000231a4   0x0000008c   Code   RO         2477    i.ble_ancs_perform_notification_action  ble_ancs_c.o
    0x00023230   0x0000006c   Code   RO         1857    i.ble_conn_params_init  ble_conn_params.o
    0x0002329c   0x000000b0   Code   RO         1858    i.ble_conn_params_on_ble_evt  ble_conn_params.o
    0x0002334c   0x00000014   Code   RO         1859    i.ble_conn_params_stop  ble_conn_params.o
    0x00023360   0x00000074   Code   RO         2584    i.ble_db_discovery_evt_register  ble_db_discovery.o
    0x000233d4   0x00000020   Code   RO         2585    i.ble_db_discovery_init  ble_db_discovery.o
    0x000233f4   0x000002d8   Code   RO         2586    i.ble_db_discovery_on_ble_evt  ble_db_discovery.o
    0x000236cc   0x0000006c   Code   RO         2587    i.ble_db_discovery_start  ble_db_discovery.o
    0x00023738   0x00000234   Code   RO         1627    i.ble_dfu_init      ble_dfu.o
    0x0002396c   0x000001b6   Code   RO         1628    i.ble_dfu_on_ble_evt  ble_dfu.o
    0x00023b22   0x00000002   PAD
    0x00023b24   0x00000070   Code   RO         1630    i.ble_dfu_response_send  ble_dfu.o
    0x00023b94   0x00000094   Code   RO          840    i.ble_evt_dispatch  task_ble.o
    0x00023c28   0x000001cc   Code   RO         1693    i.ble_nus_init      ble_nus.o
    0x00023df4   0x0000005a   Code   RO         1694    i.ble_nus_on_ble_evt  ble_nus.o
    0x00023e4e   0x00000058   Code   RO         1695    i.ble_nus_string_send  ble_nus.o
    0x00023ea6   0x00000002   PAD
    0x00023ea8   0x00000098   Code   RO         4847    i.ble_wechat_add_indicate_char  ble_wechat_service.o
    0x00023f40   0x000000cc   Code   RO         4848    i.ble_wechat_on_ble_evt  ble_wechat_service.o
    0x0002400c   0x00000010   Code   RO          841    i.ble_write_bytes   task_ble.o
    0x0002401c   0x00000358   Code   RO         4234    i.bma250_init       bma253.o
    0x00024374   0x0000003c   Code   RO         3359    i.bma2x2_get_bw     bma2x2.o
    0x000243b0   0x00000038   Code   RO         3363    i.bma2x2_get_fifo_data_select  bma2x2.o
    0x000243e8   0x00000034   Code   RO         3365    i.bma2x2_get_fifo_mode  bma2x2.o
    0x0002441c   0x00000038   Code   RO         3368    i.bma2x2_get_fifo_wml_trig  bma2x2.o
    0x00024454   0x00000038   Code   RO         3376    i.bma2x2_get_intr2_fifo_wm  bma2x2.o
    0x0002448c   0x00000038   Code   RO         3380    i.bma2x2_get_intr_fifo_wm  bma2x2.o
    0x000244c4   0x0000005c   Code   RO         3383    i.bma2x2_get_intr_level  bma2x2.o
    0x00024520   0x0000005c   Code   RO         3387    i.bma2x2_get_intr_output_type  bma2x2.o
    0x0002457c   0x00000038   Code   RO         3393    i.bma2x2_get_latch_intr  bma2x2.o
    0x000245b4   0x000000cc   Code   RO         3406    i.bma2x2_get_power_mode  bma2x2.o
    0x00024680   0x0000003c   Code   RO         3407    i.bma2x2_get_range  bma2x2.o
    0x000246bc   0x00000038   Code   RO         3411    i.bma2x2_get_sleep_durn  bma2x2.o
    0x000246f4   0x00000038   Code   RO         3412    i.bma2x2_get_sleep_timer_mode  bma2x2.o
    0x0002472c   0x0000004c   Code   RO         3424    i.bma2x2_init       bma2x2.o
    0x00024778   0x0000003c   Code   RO         3432    i.bma2x2_read_accel_xyz_fifo  bma2x2.o
    0x000247b4   0x0000002c   Code   RO         3436    i.bma2x2_read_reg   bma2x2.o
    0x000247e0   0x00000050   Code   RO         3438    i.bma2x2_rst_intr   bma2x2.o
    0x00024830   0x000000a4   Code   RO         3439    i.bma2x2_set_bw     bma2x2.o
    0x000248d4   0x00000080   Code   RO         3442    i.bma2x2_set_fifo_data_select  bma2x2.o
    0x00024954   0x00000080   Code   RO         3443    i.bma2x2_set_fifo_mode  bma2x2.o
    0x000249d4   0x00000058   Code   RO         3444    i.bma2x2_set_fifo_wml_trig  bma2x2.o
    0x00024a2c   0x00000058   Code   RO         3452    i.bma2x2_set_intr2_fifo_wm  bma2x2.o
    0x00024a84   0x00000058   Code   RO         3456    i.bma2x2_set_intr_fifo_wm  bma2x2.o
    0x00024adc   0x0000008c   Code   RO         3459    i.bma2x2_set_intr_level  bma2x2.o
    0x00024b68   0x0000008c   Code   RO         3462    i.bma2x2_set_intr_output_type  bma2x2.o
    0x00024bf4   0x000000ac   Code   RO         3466    i.bma2x2_set_latch_intr  bma2x2.o
    0x00024ca0   0x00000060   Code   RO         3469    i.bma2x2_set_mode_value  bma2x2.o
    0x00024d00   0x0000011c   Code   RO         3480    i.bma2x2_set_power_mode  bma2x2.o
    0x00024e1c   0x000000a4   Code   RO         3481    i.bma2x2_set_range  bma2x2.o
    0x00024ec0   0x0000009c   Code   RO         3485    i.bma2x2_set_sleep_durn  bma2x2.o
    0x00024f5c   0x00000058   Code   RO         3486    i.bma2x2_set_sleep_timer_mode  bma2x2.o
    0x00024fb4   0x0000002c   Code   RO         3498    i.bma2x2_soft_rst   bma2x2.o
    0x00024fe0   0x00000054   Code   RO         1964    i.bond_data_load    device_manager_peripheral.o
    0x00025034   0x00000004   Code   RO         2384    i.bootloader_util_app_start  bootloader_util.o
    0x00025038   0x00000b0c   Code   RO          305    i.bt_protocol_rx    btprotocol.o
    0x00025b44   0x00000004   Code   RO          306    i.bt_protocol_tx    btprotocol.o
    0x00025b48   0x00000048   Code   RO         3113    i.button_init       button.o
    0x00025b90   0x0000014c   Code   RO            6    i.calc_next_Alarm   alarm.o
    0x00025cdc   0x0000010c   Code   RO         4297    i.calcuX            step_process.o
    0x00025de8   0x00000110   Code   RO         4298    i.calcuY            step_process.o
    0x00025ef8   0x00000118   Code   RO         4299    i.calcuZ            step_process.o
    0x00026010   0x00000058   Code   RO         2478    i.cccd_configure    ble_ancs_c.o
    0x00026068   0x00000100   Code   RO         2660    i.clear_operation_execute  pstorage.o
    0x00026168   0x00000020   Code   RO         2661    i.cmd_queue_element_init  pstorage.o
    0x00026188   0x00000080   Code   RO         2662    i.cmd_queue_enqueue  pstorage.o
    0x00026208   0x0000005c   Code   RO         2663    i.command_end_procedure_run  pstorage.o
    0x00026264   0x00000004   Code   RO          842    i.conn_params_error_handler  task_ble.o
    0x00026268   0x0000006c   Code   RO         1860    i.conn_params_negotiation  ble_conn_params.o
    0x000262d4   0x00000090   Code   RO           57    i.covert_int2str    main.o
    0x00026364   0x00000098   Code   RO         2664    i.data_page_erase_state_run  pstorage.o
    0x000263fc   0x0000002c   Code   RO         2665    i.data_to_swap_write_state_run  pstorage.o
    0x00026428   0x0000000c   Code   RO         4924    i.db_disc_handler   ancs.o
    0x00026434   0x0000001c   Code   RO         4925    i.db_discovery_init  ancs.o
    0x00026450   0x00000130   Code   RO         6387    i.decompressbmp16   nrf52832_xxaa.lib(hfma2ylib.o)
    0x00026580   0x000000dc   Code   RO         2588    i.descriptors_discover  ble_db_discovery.o
    0x0002665c   0x000000d0   Code   RO         1965    i.device_context_store  device_manager_peripheral.o
    0x0002672c   0x000000e0   Code   RO          843    i.device_manager_evt_handler  task_ble.o
    0x0002680c   0x00000018   Code   RO         2409    i.dfu_app_dm_appl_instance_set  dfu_app_handler.o
    0x00026824   0x00000170   Code   RO         2410    i.dfu_app_on_dfu_evt  dfu_app_handler.o
    0x00026994   0x00000002   Code   RO         2411    i.dfu_app_reset_prepare  dfu_app_handler.o
    0x00026996   0x00000002   PAD
    0x00026998   0x0000000c   Code   RO         2412    i.dfu_app_reset_prepare_set  dfu_app_handler.o
    0x000269a4   0x000000dc   Code   RO         2589    i.discovery_complete_evt_trigger  ble_db_discovery.o
    0x00026a80   0x00000074   Code   RO         2590    i.discovery_error_evt_trigger  ble_db_discovery.o
    0x00026af4   0x000000b0   Code   RO         1966    i.dm_application_context_delete  device_manager_peripheral.o
    0x00026ba4   0x000000b8   Code   RO         1967    i.dm_application_context_get  device_manager_peripheral.o
    0x00026c5c   0x000000f4   Code   RO         1968    i.dm_application_context_set  device_manager_peripheral.o
    0x00026d50   0x00000034   Code   RO         1969    i.dm_application_instance_set  device_manager_peripheral.o
    0x00026d84   0x000005b4   Code   RO         1970    i.dm_ble_evt_handler  device_manager_peripheral.o
    0x00027338   0x000000c8   Code   RO         1974    i.dm_distributed_keys_get  device_manager_peripheral.o
    0x00027400   0x0000005c   Code   RO         1975    i.dm_handle_get     device_manager_peripheral.o
    0x0002745c   0x00000160   Code   RO         1977    i.dm_init           device_manager_peripheral.o
    0x000275bc   0x0000008c   Code   RO         1978    i.dm_peer_addr_get  device_manager_peripheral.o
    0x00027648   0x00000208   Code   RO         1980    i.dm_pstorage_cb_handler  device_manager_peripheral.o
    0x00027850   0x0000006c   Code   RO         1981    i.dm_register       device_manager_peripheral.o
    0x000278bc   0x00000054   Code   RO         1982    i.dm_security_setup_req  device_manager_peripheral.o
    0x00027910   0x00000064   Code   RO         1983    i.dm_security_status_req  device_manager_peripheral.o
    0x00027974   0x00000164   Code   RO         3272    i.do_sync_frame     lcd_st7735.o
    0x00027ad8   0x00000048   Code   RO         5862    i.draw_bitmap       ui_draw.o
    0x00027b20   0x00000040   Code   RO         5863    i.draw_fill         ui_draw.o
    0x00027b60   0x000001e4   Code   RO         5864    i.draw_line         ui_draw.o
    0x00027d44   0x00000040   Code   RO         4827    i.enc_get_utf8_size  u2k.o
    0x00027d84   0x00000188   Code   RO         4828    i.enc_utf8_to_unicode_one  u2k.o
    0x00027f0c   0x00000018   Code   RO         6772    i.fabs              m_wm.l(fabs.o)
    0x00027f24   0x0000003c   Code   RO         4413    i.fft               fft.o
    0x00027f60   0x000001cc   Code   RO         4414    i.fft_              fft.o
    0x0002812c   0x000000bc   Code   RO         4415    i.fft_init          fft.o
    0x000281e8   0x00000108   Code   RO         4416    i.fft_m             fft.o
    0x000282f0   0x00000020   Code   RO         4417    i.fft_put           fft.o
    0x00028310   0x00000040   Code   RO         4418    i.fft_reset         fft.o
    0x00028350   0x000000a0   Code   RO         1445    i.flash_memofy_cb_handler  task_flash.o
    0x000283f0   0x00000160   Code   RO         1446    i.flash_memory_Init  task_flash.o
    0x00028550   0x00000080   Code   RO         1447    i.flash_memory_control_update  task_flash.o
    0x000285d0   0x0000009c   Code   RO         1448    i.flash_memory_get  task_flash.o
    0x0002866c   0x0000008c   Code   RO         1449    i.flash_memory_put  task_flash.o
    0x000286f8   0x0000002c   Code   RO         1451    i.flash_memory_update  task_flash.o
    0x00028724   0x000000a8   Code   RO         2666    i.flash_operation_success_run  pstorage.o
    0x000287cc   0x00000060   Code   RO         2667    i.flash_page_erase  pstorage.o
    0x0002882c   0x00000050   Code   RO         1452    i.flash_temp_queue_put  task_flash.o
    0x0002887c   0x00000060   Code   RO         2668    i.flash_write       pstorage.o
    0x000288dc   0x0000003c   Code   RO         5043    i.font_init         spi.o
    0x00028918   0x00000044   Code   RO         5044    i.font_init_spi_pin  spi.o
    0x0002895c   0x00000018   Code   RO         5660    i.font_is_ok        ui_win_notify.o
    0x00028974   0x00000018   Code   RO         2208    i.fs_queued_op_count_get  fstorage.o
    0x0002898c   0x00000024   Code   RO           58    i.gain_mac          main.o
    0x000289b0   0x00000004   Code   RO         1988    i.gattc_context_apply  device_manager_peripheral.o
    0x000289b4   0x00000004   Code   RO         1989    i.gattc_context_load  device_manager_peripheral.o
    0x000289b8   0x00000004   Code   RO         1990    i.gattc_context_store  device_manager_peripheral.o
    0x000289bc   0x000000c4   Code   RO         1991    i.gatts_context_apply  device_manager_peripheral.o
    0x00028a80   0x0000003c   Code   RO         1992    i.gatts_context_load  device_manager_peripheral.o
    0x00028abc   0x000000d0   Code   RO         1993    i.gatts_context_store  device_manager_peripheral.o
    0x00028b8c   0x00000004   Code   RO         1994    i.gattsc_context_apply  device_manager_peripheral.o
    0x00028b90   0x00000040   Code   RO         1995    i.gattsc_context_load  device_manager_peripheral.o
    0x00028bd0   0x00000004   Code   RO         1996    i.gattsc_context_store  device_manager_peripheral.o
    0x00028bd4   0x00000134   Code   RO         4498    i.generate_test_data  sleep_algorithm.o
    0x00028d08   0x00000060   Code   RO         4546    i.getBattery        looktable.o
    0x00028d68   0x00000030   Code   RO          173    i.getUTC            clocktick.o
    0x00028d98   0x000000a0   Code   RO         4419    i.get_max_frecency  fft.o
    0x00028e38   0x000000e8   Code   RO         6391    i.gt                nrf52832_xxaa.lib(hfma2ylib.o)
    0x00028f20   0x000005dc   Code   RO          307    i.handle_notification  btprotocol.o
    0x000294fc   0x000000b0   Code   RO         2669    i.head_restore_state_run  pstorage.o
    0x000295ac   0x00000004   PAD
    0x000295b0   0x000000c8   Code   RO         4357    i.heart_comp_init   heartcomp.o
    0x00029678   0x00000074   Code   RO         4358    i.heart_comp_pedometer  heartcomp.o
    0x000296ec   0x00000004   PAD
    0x000296f0   0x00000258   Code   RO         4359    i.heart_get_comp_blood_pressure_val  heartcomp.o
    0x00029948   0x00000020   Code   RO         4360    i.heart_get_comp_spo2  heartcomp.o
    0x00029968   0x0000000c   Code   RO         4362    i.heart_set_base_heart  heartcomp.o
    0x00029974   0x0000016c   Code   RO         1342    i.hr_callback       task_hr.o
    0x00029ae0   0x0000003c   Code   RO          635    i.hr_clock_rtc_init  osal_timer.o
    0x00029b1c   0x0000000c   Code   RO          636    i.hr_clock_rtc_start  osal_timer.o
    0x00029b28   0x0000000c   Code   RO          637    i.hr_clock_rtc_stop  osal_timer.o
    0x00029b34   0x000000f8   Code   RO         1343    i.hr_get            task_hr.o
    0x00029c2c   0x0000003c   Code   RO         1347    i.hr_timer_disable  task_hr.o
    0x00029c68   0x00000068   Code   RO         6392    i.hzbmp16           nrf52832_xxaa.lib(hfma2ylib.o)
    0x00029cd0   0x00000070   Code   RO         2918    i.intern_softdevice_events_execute  softdevice_handler.o
    0x00029d40   0x00000044   Code   RO         2670    i.is_page_erase_required  pstorage.o
    0x00029d84   0x00000090   Code   RO         3273    i.lcd_display       lcd_st7735.o
    0x00029e14   0x0000006c   Code   RO         6395    i.lcdram_map        nrf52832_xxaa.lib(hfma2ylib.o)
    0x00029e80   0x00000090   Code   RO         1453    i.load_config_from_flash  task_flash.o
    0x00029f10   0x00000020   Code   RO          174    i.load_date_time    clocktick.o
    0x00029f30   0x00000028   Code   RO         1131    i.load_pedometer    task_step.o
    0x00029f58   0x0000003c   Code   RO         1257    i.load_queue        task_upload.o
    0x00029f94   0x00000054   Code   RO           59    i.main              main.o
    0x00029fe8   0x00000034   Code   RO         4235    i.make_bma250_to_deep_sleep  bma253.o
    0x0002a01c   0x00000010   Code   RO         1037    i.motor_disable     task_motor.o
    0x0002a02c   0x00000004   Code   RO         1997    i.no_service_context_apply  device_manager_peripheral.o
    0x0002a030   0x00000004   Code   RO         1998    i.no_service_context_load  device_manager_peripheral.o
    0x0002a034   0x00000004   Code   RO         1999    i.no_service_context_store  device_manager_peripheral.o
    0x0002a038   0x000003e0   Code   RO         4926    i.notif_attr_print  ancs.o
    0x0002a418   0x00000010   Code   RO          308    i.notify_remove     btprotocol.o
    0x0002a428   0x0000001e   Code   RO         2852    i.nrf_delay_ms      nrf_delay.o
    0x0002a446   0x0000005e   Code   RO         2886    i.nrf_saadc_channel_init  nrf_saadc.o
    0x0002a4a4   0x00000024   Code   RO          844    i.nus_data_handler  task_ble.o
    0x0002a4c8   0x00000012   Code   RO          845    i.on_adv_evt        task_ble.o
    0x0002a4da   0x00000002   PAD
    0x0002a4dc   0x00000094   Code   RO         4927    i.on_ancs_c_evt     ancs.o
    0x0002a570   0x00000020   Code   RO          846    i.on_conn_params_evt  task_ble.o
    0x0002a590   0x0000023c   Code   RO         2479    i.on_evt_gattc_notif  ble_ancs_c.o
    0x0002a7cc   0x00000088   Code   RO         2591    i.on_srv_disc_completion  ble_db_discovery.o
    0x0002a854   0x00000018   Code   RO          638    i.osalTimerInit     osal_timer.o
    0x0002a86c   0x00000030   Code   RO          478    i.osal_clear_event  osal.o
    0x0002a89c   0x00000050   Code   RO          639    i.osal_create_timer  osal_timer.o
    0x0002a8ec   0x00000084   Code   RO          561    i.osal_init_tasks   osal_task.o
    0x0002a970   0x00000020   Code   RO          524    i.osal_pwrmgr_powerconserve  osal_pwrmgr.o
    0x0002a990   0x00000074   Code   RO          479    i.osal_run_system   osal.o
    0x0002aa04   0x00000030   Code   RO          480    i.osal_set_event    osal.o
    0x0002aa34   0x00000004   Code   RO          481    i.osal_start_system  osal.o
    0x0002aa38   0x00000020   Code   RO          641    i.osal_start_timer  osal_timer.o
    0x0002aa58   0x00000098   Code   RO          642    i.osal_start_timerEx  osal_timer.o
    0x0002aaf0   0x0000001c   Code   RO          643    i.osal_stop_timer   osal_timer.o
    0x0002ab0c   0x00000054   Code   RO          644    i.osal_stop_timerEx  osal_timer.o
    0x0002ab60   0x00000070   Code   RO          645    i.osal_timer_isr    osal_timer.o
    0x0002abd0   0x00000050   Code   RO          646    i.osal_timer_start  osal_timer.o
    0x0002ac20   0x00000050   Code   RO         2000    i.peer_instance_init  device_manager_peripheral.o
    0x0002ac70   0x0000000c   Code   RO          847    i.power_manage      task_ble.o
    0x0002ac7c   0x00000028   Code   RO         2671    i.pstorage_access_status_get  pstorage.o
    0x0002aca4   0x00000068   Code   RO         2672    i.pstorage_block_identifier_get  pstorage.o
    0x0002ad0c   0x00000090   Code   RO         2673    i.pstorage_clear    pstorage.o
    0x0002ad9c   0x0000009c   Code   RO         2674    i.pstorage_init     pstorage.o
    0x0002ae38   0x00000098   Code   RO         2675    i.pstorage_load     pstorage.o
    0x0002aed0   0x000000dc   Code   RO         2676    i.pstorage_register  pstorage.o
    0x0002afac   0x00000084   Code   RO         2677    i.pstorage_store    pstorage.o
    0x0002b030   0x00000098   Code   RO         2678    i.pstorage_sys_event_handler  pstorage.o
    0x0002b0c8   0x00000084   Code   RO         2679    i.pstorage_update   pstorage.o
    0x0002b14c   0x0000006c   Code   RO         5045    i.r_dat_bat         spi.o
    0x0002b1b8   0x0000003c   Code   RO          848    i.reset_prepare     task_ble.o
    0x0002b1f4   0x00000040   Code   RO         3174    i.saadc_buffer_convert  ssadc.o
    0x0002b234   0x00000054   Code   RO         3175    i.saadc_init        ssadc.o
    0x0002b288   0x00000010   Code   RO         2919    i.sd_check_ram_start  softdevice_handler.o
    0x0002b298   0x00000148   Code   RO         5434    i.show_alarm        ui_win_alarm.o
    0x0002b3e0   0x0000010c   Code   RO         5472    i.show_findphone_icon  ui_win_findphone.o
    0x0002b4ec   0x000000ac   Code   RO         5513    i.show_information  ui_win_info.o
    0x0002b598   0x0000018c   Code   RO         5514    i.show_information_val  ui_win_info.o
    0x0002b724   0x000003a8   Code   RO         5096    i.show_main_ui_style_1  ui_win_main.o
    0x0002bacc   0x00000004   PAD
    0x0002bad0   0x00000254   Code   RO         5097    i.show_main_ui_style_2  ui_win_main.o
    0x0002bd24   0x00000078   Code   RO         5200    i.show_pedometer    ui_win_pedometer.o
    0x0002bd9c   0x0000008c   Code   RO         5201    i.show_pedometer_val  ui_win_pedometer.o
    0x0002be28   0x00000054   Code   RO         5661    i.show_ui_version   ui_win_notify.o
    0x0002be7c   0x00000068   Code   RO         4421    i.sin_tab           fft.o
    0x0002bee4   0x0000004c   Code   RO         4928    i.slave_security_request  ancs.o
    0x0002bf30   0x0000022c   Code   RO         4499    i.sleep_algorithm   sleep_algorithm.o
    0x0002c15c   0x000000e4   Code   RO         2680    i.sm_state_change   pstorage.o
    0x0002c240   0x00000014   Code   RO         2920    i.softdevice_ble_evt_handler_set  softdevice_handler.o
    0x0002c254   0x00000014   Code   RO         2921    i.softdevice_enable  softdevice_handler.o
    0x0002c268   0x00000026   Code   RO         2922    i.softdevice_enable_get_default_config  softdevice_handler.o
    0x0002c28e   0x00000004   Code   RO         2923    i.softdevice_fault_handler  softdevice_handler.o
    0x0002c292   0x00000002   PAD
    0x0002c294   0x00000080   Code   RO         2924    i.softdevice_handler_init  softdevice_handler.o
    0x0002c314   0x00000014   Code   RO         2927    i.softdevice_sys_evt_handler_set  softdevice_handler.o
    0x0002c328   0x00000030   Code   RO         3058    i.spi_configure     spi_hw.o
    0x0002c358   0x0000002e   Code   RO         3059    i.spi_transfer      spi_hw.o
    0x0002c386   0x00000026   Code   RO         3091    i.spi_write_byte    spi_hw.o
    0x0002c3ac   0x0000000c   Code   RO         2681    i.state_erase_data_page_entry_run  pstorage.o
    0x0002c3b8   0x0000003c   Code   RO         2682    i.state_restore_head_entry_run  pstorage.o
    0x0002c3f4   0x00000060   Code   RO         2683    i.state_restore_tail_entry_run  pstorage.o
    0x0002c454   0x00000030   Code   RO         2684    i.state_swap_erase_entry_run  pstorage.o
    0x0002c484   0x00000044   Code   RO         2685    i.state_write_data_swap_entry_run  pstorage.o
    0x0002c4c8   0x00000004   Code   RO         2001    i.storage_operation_dummy_handler  device_manager_peripheral.o
    0x0002c4cc   0x00000064   Code   RO         2686    i.store_cmd_flash_write_execute  pstorage.o
    0x0002c530   0x00000074   Code   RO         1454    i.store_config_default  task_flash.o
    0x0002c5a4   0x00000094   Code   RO         1455    i.store_current_config  task_flash.o
    0x0002c638   0x0000008c   Code   RO         1259    i.store_queue       task_upload.o
    0x0002c6c4   0x00000020   Code   RO         2687    i.swap_erase_state_run  pstorage.o
    0x0002c6e4   0x0000001c   Code   RO         2688    i.swap_sub_state_err_busy_process  pstorage.o
    0x0002c700   0x00000010   Code   RO         3274    i.sync_frame        lcd_st7735.o
    0x0002c710   0x00000012   Code   RO          849    i.sys_evt_dispatch  task_ble.o
    0x0002c722   0x00000002   PAD
    0x0002c724   0x000001d8   Code   RO          176    i.system_clock_click  clocktick.o
    0x0002c8fc   0x00000034   Code   RO         2689    i.tail_restore_state_run  pstorage.o
    0x0002c930   0x00000418   Code   RO          751    i.taskBattery       task_battery.o
    0x0002cd48   0x00000010   Code   RO          752    i.taskBatteryInit   task_battery.o
    0x0002cd58   0x00000278   Code   RO          850    i.taskBle           task_ble.o
    0x0002cfd0   0x00000284   Code   RO          851    i.taskBleInit       task_ble.o
    0x0002d254   0x00000114   Code   RO         1313    i.taskFinder        task_finder.o
    0x0002d368   0x0000000c   Code   RO         1314    i.taskFinderInit    task_finder.o
    0x0002d374   0x00000304   Code   RO         1456    i.taskFlash         task_flash.o
    0x0002d678   0x00000010   Code   RO         1457    i.taskFlashInit     task_flash.o
    0x0002d688   0x000000c2   Code   RO         1590    i.taskFrame         task_frame.o
    0x0002d74a   0x00000002   PAD
    0x0002d74c   0x0000000c   Code   RO         1591    i.taskFrameInit     task_frame.o
    0x0002d758   0x00000334   Code   RO         1082    i.taskGUI           task_gui.o
    0x0002da8c   0x00000024   Code   RO         1083    i.taskGUIInit       task_gui.o
    0x0002dab0   0x000003fc   Code   RO         1350    i.taskHr            task_hr.o
    0x0002deac   0x00000068   Code   RO         1351    i.taskHrInit        task_hr.o
    0x0002df14   0x00000140   Code   RO         1038    i.taskMotor         task_motor.o
    0x0002e054   0x0000002c   Code   RO         1039    i.taskMotorInit     task_motor.o
    0x0002e080   0x000009c0   Code   RO         1132    i.taskStep          task_step.o
    0x0002ea40   0x0000002c   Code   RO         1133    i.taskStepInit      task_step.o
    0x0002ea6c   0x00000550   Code   RO         1549    i.taskStore         task_store.o
    0x0002efbc   0x0000000c   Code   RO         1550    i.taskStoreInit     task_store.o
    0x0002efc8   0x000000a4   Code   RO         1218    i.taskTouch         task_touch.o
    0x0002f06c   0x0000000c   Code   RO         1219    i.taskTouchInit     task_touch.o
    0x0002f078   0x00000f60   Code   RO         1260    i.taskUpload        task_upload.o
    0x0002ffd8   0x0000000c   Code   RO         1261    i.taskUploadInit    task_upload.o
    0x0002ffe4   0x00000054   Code   RO         2480    i.tx_buffer_process  ble_ancs_c.o
    0x00030038   0x00000160   Code   RO         5662    i.ui_alarm_notify   ui_win_notify.o
    0x00030198   0x00000064   Code   RO         5663    i.ui_app_notify     ui_win_notify.o
    0x000301fc   0x00000064   Code   RO         5664    i.ui_ble_notify     ui_win_notify.o
    0x00030260   0x00000064   Code   RO         5665    i.ui_calling_notify  ui_win_notify.o
    0x000302c4   0x00000002   Code   RO         5666    i.ui_earse_app_notify  ui_win_notify.o
    0x000302c6   0x00000002   Code   RO         5667    i.ui_erase_alarm_notify  ui_win_notify.o
    0x000302c8   0x00000002   Code   RO         5668    i.ui_erase_ble_notify  ui_win_notify.o
    0x000302ca   0x00000018   Code   RO         5669    i.ui_erase_calling_notify  ui_win_notify.o
    0x000302e2   0x00000002   Code   RO         5670    i.ui_erase_find_me_notify  ui_win_notify.o
    0x000302e4   0x00000018   Code   RO         5671    i.ui_erase_message_notify  ui_win_notify.o
    0x000302fc   0x00000002   Code   RO         5672    i.ui_erase_sedentary_notify  ui_win_notify.o
    0x000302fe   0x00000002   PAD
    0x00030300   0x0000004c   Code   RO         5673    i.ui_find_me_notify  ui_win_notify.o
    0x0003034c   0x00000058   Code   RO         5674    i.ui_message_notify  ui_win_notify.o
    0x000303a4   0x0000004c   Code   RO         5675    i.ui_sedentary_notify  ui_win_notify.o
    0x000303f0   0x00000084   Code   RO         5515    i.ui_show_version   ui_win_info.o
    0x00030474   0x0000029c   Code   RO         5338    i.ui_win_hr_done    ui_win_hr.o
    0x00030710   0x00000090   Code   RO         5340    i.ui_win_hr_none    ui_win_hr.o
    0x000307a0   0x000000c4   Code   RO         5341    i.ui_win_hr_ready   ui_win_hr.o
    0x00030864   0x00000284   Code   RO         5342    i.ui_win_hr_stop    ui_win_hr.o
    0x00030ae8   0x00000098   Code   RO         5257    i.ui_win_sport      ui_win_sport.o
    0x00030b80   0x00000030   Code   RO         5966    i.ui_window_manager  window.o
    0x00030bb0   0x000000ec   Code   RO         1134    i.unit_update       task_step.o
    0x00030c9c   0x00000114   Code   RO         6398    i.unziphfmex        nrf52832_xxaa.lib(hfma2ylib.o)
    0x00030db0   0x0000006c   Code   RO         1861    i.update_timeout_handler  ble_conn_params.o
    0x00030e1c   0x000000ba   Code   RO         1813    i.uuid_list_sized_encode  ble_advdata.o
    0x00030ed6   0x00000002   PAD
    0x00030ed8   0x000000a4   Code   RO         4850    i.wchat_pedometer_profile_init  ble_wechat_service.o
    0x00030f7c   0x000000ac   Code   RO         4851    i.wchat_target_profile_init  ble_wechat_service.o
    0x00031028   0x00000058   Code   RO         4852    i.wechat_indicate_pedometer  ble_wechat_service.o
    0x00031080   0x00000194   Code   RO         4853    i.wechat_services_init  ble_wechat_service.o
    0x00031214   0x00000158   Code   RO         5435    i.win_alarm_proc    ui_win_alarm.o
    0x0003136c   0x00000194   Code   RO         5613    i.win_camera_proc   ui_win_camera.o
    0x00031500   0x000001d4   Code   RO         5473    i.win_findphone_proc  ui_win_findphone.o
    0x000316d4   0x000002d8   Code   RO         5343    i.win_hr_proc       ui_win_hr.o
    0x000319ac   0x0000014c   Code   RO         5516    i.win_info_proc     ui_win_info.o
    0x00031af8   0x00000198   Code   RO         5100    i.win_main_proc     ui_win_main.o
    0x00031c90   0x0000032c   Code   RO         5676    i.win_notify_proc   ui_win_notify.o
    0x00031fbc   0x0000019c   Code   RO         5203    i.win_pedometer_proc  ui_win_pedometer.o
    0x00032158   0x00000230   Code   RO         5572    i.win_shutdown_proc  ui_win_shutdown.o
    0x00032388   0x00000144   Code   RO         5399    i.win_sleep_proc    ui_win_sleep.o
    0x000324cc   0x0000027c   Code   RO         5258    i.win_sport_proc    ui_win_sport.o
    0x00032748   0x00000040   Code   RO         5969    i.window_get        window.o
    0x00032788   0x0000003c   Code   RO         5970    i.window_init       window.o
    0x000327c4   0x00000028   Code   RO         5971    i.window_pop        window.o
    0x000327ec   0x00000018   Code   RO         5972    i.window_push       window.o
    0x00032804   0x0000007c   Code   RO         5973    i.window_set        window.o
    0x00032880   0x0000001c   Code   RO         5975    i.window_tack_reset  window.o
    0x0003289c   0x00000011   Data   RO           61    .constdata          main.o
    0x000328ad   0x00000003   PAD
    0x000328b0   0x0000003d   Data   RO          177    .constdata          clocktick.o
    0x000328ed   0x00000003   Data   RO          309    .constdata          btprotocol.o
    0x000328f0   0x00000030   Data   RO          563    .constdata          osal_task.o
    0x00032920   0x00000004   Data   RO          564    .constdata          osal_task.o
    0x00032924   0x00000004   Data   RO          853    .constdata          task_ble.o
    0x00032928   0x00000010   Data   RO         1631    .constdata          ble_dfu.o
    0x00032938   0x00000010   Data   RO         1696    .constdata          ble_nus.o
    0x00032948   0x00000034   Data   RO         2003    .constdata          device_manager_peripheral.o
    0x0003297c   0x00000040   Data   RO         2482    .constdata          ble_ancs_c.o
    0x000329bc   0x00000028   Data   RO         2691    .constdata          pstorage.o
    0x000329e4   0x00000020   Data   RO         4364    .constdata          heartcomp.o
    0x00032a04   0x00000023   Data   RO         4500    .constdata          sleep_algorithm.o
    0x00032a27   0x00000001   PAD
    0x00032a28   0x00000338   Data   RO         4547    .constdata          looktable.o
    0x00032d60   0x000019e4   Data   RO         4584    .constdata          qr_encode.o
    0x00034744   0x00000007   Data   RO         4585    .constdata          qr_encode.o
    0x0003474b   0x0000000a   Data   RO         4586    .constdata          qr_encode.o
    0x00034755   0x0000000d   Data   RO         4587    .constdata          qr_encode.o
    0x00034762   0x0000000f   Data   RO         4588    .constdata          qr_encode.o
    0x00034771   0x00000010   Data   RO         4589    .constdata          qr_encode.o
    0x00034781   0x00000011   Data   RO         4590    .constdata          qr_encode.o
    0x00034792   0x00000012   Data   RO         4591    .constdata          qr_encode.o
    0x000347a4   0x00000014   Data   RO         4592    .constdata          qr_encode.o
    0x000347b8   0x00000016   Data   RO         4593    .constdata          qr_encode.o
    0x000347ce   0x00000018   Data   RO         4594    .constdata          qr_encode.o
    0x000347e6   0x0000001a   Data   RO         4595    .constdata          qr_encode.o
    0x00034800   0x0000001c   Data   RO         4596    .constdata          qr_encode.o
    0x0003481c   0x0000001e   Data   RO         4597    .constdata          qr_encode.o
    0x0003483a   0x00000020   Data   RO         4598    .constdata          qr_encode.o
    0x0003485a   0x00000022   Data   RO         4599    .constdata          qr_encode.o
    0x0003487c   0x00000024   Data   RO         4600    .constdata          qr_encode.o
    0x000348a0   0x00000026   Data   RO         4601    .constdata          qr_encode.o
    0x000348c6   0x00000028   Data   RO         4602    .constdata          qr_encode.o
    0x000348ee   0x0000002a   Data   RO         4603    .constdata          qr_encode.o
    0x00034918   0x0000002c   Data   RO         4604    .constdata          qr_encode.o
    0x00034944   0x0000002e   Data   RO         4605    .constdata          qr_encode.o
    0x00034972   0x00000030   Data   RO         4606    .constdata          qr_encode.o
    0x000349a2   0x00000032   Data   RO         4607    .constdata          qr_encode.o
    0x000349d4   0x00000034   Data   RO         4608    .constdata          qr_encode.o
    0x00034a08   0x00000036   Data   RO         4609    .constdata          qr_encode.o
    0x00034a3e   0x00000038   Data   RO         4610    .constdata          qr_encode.o
    0x00034a76   0x0000003a   Data   RO         4611    .constdata          qr_encode.o
    0x00034ab0   0x0000003c   Data   RO         4612    .constdata          qr_encode.o
    0x00034aec   0x0000003e   Data   RO         4613    .constdata          qr_encode.o
    0x00034b2a   0x00000040   Data   RO         4614    .constdata          qr_encode.o
    0x00034b6a   0x00000042   Data   RO         4615    .constdata          qr_encode.o
    0x00034bac   0x00000044   Data   RO         4616    .constdata          qr_encode.o
    0x00034bf0   0x0000058c   Data   RO         5101    .constdata          ui_win_main.o
    0x0003517c   0x00000048   Data   RO         5344    .constdata          ui_win_hr.o
    0x000351c4   0x00000054   Data   RO         5677    .constdata          ui_win_notify.o
    0x00035218   0x00000004   Data   RO         5977    .constdata          window.o
    0x0003521c   0x00000012   Data   RO         5978    .constdata          window.o
    0x0003522e   0x00000022   Data   RO         6063    .constdata          ui_main_icon.o
    0x00035250   0x00000020   Data   RO         6064    .constdata          ui_main_icon.o
    0x00035270   0x00000260   Data   RO         6067    .constdata          ui_main_icon.o
    0x000354d0   0x00000640   Data   RO         6071    .constdata          ui_main_icon.o
    0x00035b10   0x00000050   Data   RO         6072    .constdata          ui_main_icon.o
    0x00035b60   0x00000960   Data   RO         6073    .constdata          ui_main_icon.o
    0x000364c0   0x00006400   Data   RO         6074    .constdata          ui_main_icon.o
    0x0003c8c0   0x00000288   Data   RO         6087    .constdata          ui_pedometer_icon.o
    0x0003cb48   0x00000288   Data   RO         6088    .constdata          ui_pedometer_icon.o
    0x0003cdd0   0x00000288   Data   RO         6101    .constdata          ui_sport_icon.o
    0x0003d058   0x00000288   Data   RO         6102    .constdata          ui_sport_icon.o
    0x0003d2e0   0x00000288   Data   RO         6103    .constdata          ui_sport_icon.o
    0x0003d568   0x00000288   Data   RO         6104    .constdata          ui_sport_icon.o
    0x0003d7f0   0x00000288   Data   RO         6105    .constdata          ui_sport_icon.o
    0x0003da78   0x00000288   Data   RO         6106    .constdata          ui_sport_icon.o
    0x0003dd00   0x00000288   Data   RO         6107    .constdata          ui_sport_icon.o
    0x0003df88   0x00000288   Data   RO         6108    .constdata          ui_sport_icon.o
    0x0003e210   0x00000288   Data   RO         6109    .constdata          ui_sport_icon.o
    0x0003e498   0x00000288   Data   RO         6110    .constdata          ui_sport_icon.o
    0x0003e720   0x00000288   Data   RO         6111    .constdata          ui_sport_icon.o
    0x0003e9a8   0x00000288   Data   RO         6112    .constdata          ui_sport_icon.o
    0x0003ec30   0x00000048   Data   RO         6113    .constdata          ui_sport_icon.o
    0x0003ec78   0x000000a0   Data   RO         6114    .constdata          ui_sport_icon.o
    0x0003ed18   0x00000060   Data   RO         6115    .constdata          ui_sport_icon.o
    0x0003ed78   0x00000030   Data   RO         6119    .constdata          ui_sport_icon.o
    0x0003eda8   0x00000288   Data   RO         6131    .constdata          ui_sleep_icon.o
    0x0003f030   0x00000288   Data   RO         6132    .constdata          ui_sleep_icon.o
    0x0003f2b8   0x00000288   Data   RO         6148    .constdata          ui_hr_icon.o
    0x0003f540   0x00000288   Data   RO         6149    .constdata          ui_hr_icon.o
    0x0003f7c8   0x00000288   Data   RO         6150    .constdata          ui_hr_icon.o
    0x0003fa50   0x00000020   Data   RO         6151    .constdata          ui_hr_icon.o
    0x0003fa70   0x00000020   Data   RO         6154    .constdata          ui_hr_icon.o
    0x0003fa90   0x00000020   Data   RO         6155    .constdata          ui_hr_icon.o
    0x0003fab0   0x00000020   Data   RO         6156    .constdata          ui_hr_icon.o
    0x0003fad0   0x00000280   Data   RO         6160    .constdata          ui_hr_icon.o
    0x0003fd50   0x00000288   Data   RO         6174    .constdata          ui_alarm_icon.o
    0x0003ffd8   0x00000288   Data   RO         6175    .constdata          ui_alarm_icon.o
    0x00040260   0x00000288   Data   RO         6176    .constdata          ui_alarm_icon.o
    0x000404e8   0x00000288   Data   RO         6190    .constdata          ui_findphone_icon.o
    0x00040770   0x00000288   Data   RO         6191    .constdata          ui_findphone_icon.o
    0x000409f8   0x00000288   Data   RO         6192    .constdata          ui_findphone_icon.o
    0x00040c80   0x00000188   Data   RO         6193    .constdata          ui_findphone_icon.o
    0x00040e08   0x00000288   Data   RO         6194    .constdata          ui_findphone_icon.o
    0x00041090   0x00000060   Data   RO         6196    .constdata          ui_findphone_icon.o
    0x000410f0   0x00000288   Data   RO         6208    .constdata          ui_info_icon.o
    0x00041378   0x00000288   Data   RO         6209    .constdata          ui_info_icon.o
    0x00041600   0x00000288   Data   RO         6210    .constdata          ui_info_icon.o
    0x00041888   0x00000060   Data   RO         6211    .constdata          ui_info_icon.o
    0x000418e8   0x00000288   Data   RO         6223    .constdata          ui_shutdown_icon.o
    0x00041b70   0x00000288   Data   RO         6224    .constdata          ui_shutdown_icon.o
    0x00041df8   0x00000060   Data   RO         6225    .constdata          ui_shutdown_icon.o
    0x00041e58   0x00000288   Data   RO         6237    .constdata          ui_camera_icon.o
    0x000420e0   0x000000a0   Data   RO         6238    .constdata          ui_camera_icon.o
    0x00042180   0x000000c0   Data   RO         6250    .constdata          ui_comm_icon.o
    0x00042240   0x000000c4   Data   RO         6251    .constdata          ui_comm_icon.o
    0x00042304   0x00000270   Data   RO         6252    .constdata          ui_comm_icon.o
    0x00042574   0x000001ce   Data   RO         6253    .constdata          ui_comm_icon.o
    0x00042742   0x00000230   Data   RO         6254    .constdata          ui_comm_icon.o
    0x00042972   0x00002000   Data   RO         6266    .constdata          ui_notify_icon.o
    0x00044972   0x00000288   Data   RO         6267    .constdata          ui_notify_icon.o
    0x00044bfa   0x00000288   Data   RO         6268    .constdata          ui_notify_icon.o
    0x00044e82   0x00000288   Data   RO         6269    .constdata          ui_notify_icon.o
    0x0004510a   0x00000288   Data   RO         6270    .constdata          ui_notify_icon.o
    0x00045392   0x00000288   Data   RO         6271    .constdata          ui_notify_icon.o
    0x0004561a   0x00000288   Data   RO         6272    .constdata          ui_notify_icon.o
    0x000458a2   0x00000288   Data   RO         6273    .constdata          ui_notify_icon.o
    0x00045b2a   0x00000288   Data   RO         6274    .constdata          ui_notify_icon.o
    0x00045db2   0x00000288   Data   RO         6275    .constdata          ui_notify_icon.o
    0x0004603a   0x00000288   Data   RO         6276    .constdata          ui_notify_icon.o
    0x000462c2   0x00000288   Data   RO         6277    .constdata          ui_notify_icon.o
    0x0004654a   0x0000000c   Data   RO         6623    .constdata          mc_w.l(mktime.o)
    0x00046556   0x00000002   PAD
    0x00046558   0x00000030   Data   RO         6688    .constdata          m_wm.l(cos_i.o)
    0x00046588   0x000000c8   Data   RO         6706    .constdata          m_wm.l(rred.o)
    0x00046650   0x00000028   Data   RO         6710    .constdata          m_wm.l(sin_i.o)
    0x00046678   0x0000000c   Data   RO         6746    .constdata          mc_w.l(localtime_i.o)
    0x00046684   0x00000020   Data   RO         6784    Region$$Table       anon$$obj.o


    Execution Region RW_IRAM1 (Base: 0x20002080, Size: 0x0000de80, Max: 0x0000df80, ABSOLUTE, COMPRESSED[0x000001a8])

    Base Addr    Size         Type   Attr      Idx    E Section Name        Object

    0x20002080   0x00000024   Data   RW            7    .data               alarm.o
    0x200020a4   0x00000010   Data   RW          178    .data               clocktick.o
    0x200020b4   0x0000004c   Data   RW          287    .data               usersetting.o
    0x20002100   0x00000010   Data   RW          288    .data               usersetting.o
    0x20002110   0x00000010   Data   RW          289    .data               usersetting.o
    0x20002120   0x00000002   Data   RW          290    .data               usersetting.o
    0x20002122   0x00000001   Data   RW          310    .data               btprotocol.o
    0x20002123   0x00000001   PAD
    0x20002124   0x00000004   Data   RW          482    .data               osal.o
    0x20002128   0x0000000c   Data   RW          648    .data               osal_timer.o
    0x20002134   0x0000000c   Data   RW          754    .data               task_battery.o
    0x20002140   0x00000018   Data   RW          854    .data               task_ble.o
    0x20002158   0x00000008   Data   RW         1040    .data               task_motor.o
    0x20002160   0x00000004   Data   RW         1084    .data               task_gui.o
    0x20002164   0x00000044   Data   RW         1137    .data               task_step.o
    0x200021a8   0x0000000c   Data   RW         1220    .data               task_touch.o
    0x200021b4   0x00000014   Data   RW         1263    .data               task_upload.o
    0x200021c8   0x00000008   Data   RW         1316    .data               task_finder.o
    0x200021d0   0x00000040   Data   RW         1353    .data               task_hr.o
    0x20002210   0x00000001   Data   RW         1354    .data               task_hr.o
    0x20002211   0x00000003   PAD
    0x20002214   0x00000028   Data   RW         1459    .data               task_flash.o
    0x2000223c   0x00000004   Data   RW         1552    .data               task_store.o
    0x20002240   0x00000004   Data   RW         1592    .data               task_frame.o
    0x20002244   0x00000008   Data   RW         1632    .data               ble_dfu.o
    0x2000224c   0x0000001f   Data   RW         1745    .data               ble_advertising.o
    0x2000226b   0x00000001   PAD
    0x2000226c   0x00000018   Data   RW         1863    .data               ble_conn_params.o
    0x20002284   0x00000018   Data   RW         2004    .data               device_manager_peripheral.o
    0x2000229c   0x00000008   Data   RW         2414    .data               dfu_app_handler.o
    0x200022a4   0x00000008   Data   RW         2483    .data               ble_ancs_c.o
    0x200022ac   0x00000010   Data   RW         2593    .data               ble_db_discovery.o
    0x200022bc   0x00000024   Data   RW         2692    .data               pstorage.o
    0x200022e0   0x00000014   Data   RW         2929    .data               softdevice_handler.o
    0x200022f4   0x00000008   Data   RW         3031    .data               irqhandler.o
    0x200022fc   0x00000004   Data   RW         3032    .data               irqhandler.o
    0x20002300   0x00000008   Data   RW         3215    .data               debug.o
    0x20002308   0x00000001   Data   RW         3276    .data               lcd_st7735.o
    0x20002309   0x00000003   PAD
    0x2000230c   0x00000008   Data   RW         3501    .data               bma2x2.o
    0x20002314   0x00000004   Data   RW         4237    .data               bma253.o
    0x20002318   0x00000010   Data   RW         4301    .data               step_process.o
    0x20002328   0x0000000c   Data   RW         4365    .data               heartcomp.o
    0x20002334   0x00000060   Data   RW         4501    .data               sleep_algorithm.o
    0x20002394   0x00000120   Data   RW         4617    .data               qr_encode.o
    0x200024b4   0x00000354   Data   RW         4618    .data               qr_encode.o
    0x20002808   0x00000004   Data   RW         4771    .data               log.o
    0x2000280c   0x00000012   Data   RW         4855    .data               ble_wechat_service.o
    0x2000281e   0x00000002   PAD
    0x20002820   0x00000014   Data   RW         4931    .data               ancs.o
    0x20002834   0x00000028   Data   RW         5000    .data               msgqueue.o
    0x2000285c   0x00000004   Data   RW         5102    .data               ui_win_main.o
    0x20002860   0x00000004   Data   RW         5204    .data               ui_win_pedometer.o
    0x20002864   0x00000018   Data   RW         5259    .data               ui_win_sport.o
    0x2000287c   0x00000002   Data   RW         5345    .data               ui_win_hr.o
    0x2000287e   0x00000001   Data   RW         5400    .data               ui_win_sleep.o
    0x2000287f   0x00000002   Data   RW         5474    .data               ui_win_findphone.o
    0x20002881   0x00000001   Data   RW         5517    .data               ui_win_info.o
    0x20002882   0x00000028   Data   RW         5615    .data               ui_win_camera.o
    0x200028aa   0x00000037   Data   RW         5678    .data               ui_win_notify.o
    0x200028e1   0x00000003   PAD
    0x200028e4   0x00000114   Data   RW         5979    .data               window.o
    0x200029f8   0x00000004   Data   RW         6337    .data               system_nrf52.o
    0x200029fc   0x00000004   Data   RW         6400    .data               nrf52832_xxaa.lib(hfma2ylib.o)
    0x20002a00   0x00000004   Data   RW         6751    .data               mc_w.l(errno.o)
    0x20002a04   0x00000012   Zero   RW           60    .bss                main.o
    0x20002a16   0x00000002   PAD
    0x20002a18   0x00000030   Zero   RW          562    .bss                osal_task.o
    0x20002a48   0x000003c0   Zero   RW          647    .bss                osal_timer.o
    0x20002e08   0x0000009c   Zero   RW          753    .bss                task_battery.o
    0x20002ea4   0x000000a8   Zero   RW          852    .bss                task_ble.o
    0x20002f4c   0x00000088   Zero   RW         1135    .bss                task_step.o
    0x20002fd4   0x00000014   Zero   RW         1136    .bss                task_step.o
    0x20002fe8   0x00000824   Zero   RW         1262    .bss                task_upload.o
    0x2000380c   0x00000014   Zero   RW         1315    .bss                task_finder.o
    0x20003820   0x0000007c   Zero   RW         1352    .bss                task_hr.o
    0x2000389c   0x000012a8   Zero   RW         1458    .bss                task_flash.o
    0x20004b44   0x00000014   Zero   RW         1551    .bss                task_store.o
    0x20004b58   0x00000103   Zero   RW         1744    .bss                ble_advertising.o
    0x20004c5b   0x00000001   PAD
    0x20004c5c   0x0000001c   Zero   RW         1862    .bss                ble_conn_params.o
    0x20004c78   0x00000143   Zero   RW         2002    .bss                device_manager_peripheral.o
    0x20004dbb   0x00000001   PAD
    0x20004dbc   0x00000058   Zero   RW         2214    .bss                fstorage.o
    0x20004e14   0x0000003c   Zero   RW         2413    .bss                dfu_app_handler.o
    0x20004e50   0x00000120   Zero   RW         2481    .bss                ble_ancs_c.o
    0x20004f70   0x000001f8   Zero   RW         2592    .bss                ble_db_discovery.o
    0x20005168   0x00000138   Zero   RW         2690    .bss                pstorage.o
    0x200052a0   0x0000000c   Zero   RW         2928    .bss                softdevice_handler.o
    0x200052ac   0x00000010   Zero   RW         3176    .bss                ssadc.o
    0x200052bc   0x00000014   Zero   RW         3214    .bss                debug.o
    0x200052d0   0x00006400   Zero   RW         3275    .bss                lcd_st7735.o
    0x2000b6d0   0x00000018   Zero   RW         4236    .bss                bma253.o
    0x2000b6e8   0x000000f4   Zero   RW         4300    .bss                step_process.o
    0x2000b7dc   0x00000020   Zero   RW         4363    .bss                heartcomp.o
    0x2000b7fc   0x00002000   Zero   RW         4422    .bss                fft.o
    0x2000d7fc   0x00000010   Zero   RW         4770    .bss                log.o
    0x2000d80c   0x00000038   Zero   RW         4854    .bss                ble_wechat_service.o
    0x2000d844   0x000003e0   Zero   RW         4929    .bss                ancs.o
    0x2000dc24   0x000001ac   Zero   RW         4930    .bss                ancs.o
    0x2000ddd0   0x0000011e   Zero   RW         4999    .bss                msgqueue.o
    0x2000deee   0x00000002   PAD
    0x2000def0   0x00000010   Zero   RW         5976    .bss                window.o
    0x2000df00   0x00002000   Zero   RW         6325    STACK               arm_startup_nrf52.o


==============================================================================

Image component sizes


      Code (inc. data)   RO Data    RW Data    ZI Data      Debug   Object Name

       696         34          0         36          0       5333   alarm.o
      1416        266          0         20       1420       9307   ancs.o
        26          0          0          0          0       2161   app_error.o
        36         10          0          0          0        754   app_error_weak.o
        36          8        512          0       8192        852   arm_startup_nrf52.o
      1638          0          0          0          0      16768   ble_advdata.o
      1118         52          0         31        259       8993   ble_advertising.o
      1622         68         64          8        288      22561   ble_ancs_c.o
       520         60          0         24         28      13627   ble_conn_params.o
      1676         66          0         16        504      14283   ble_db_discovery.o
      1114         28         16          8          0      19684   ble_dfu.o
       638          6         16          0          0       9178   ble_nus.o
      1184         32          0         18         56      16602   ble_wechat_service.o
      1202         98          0          4         24      10204   bma253.o
      3180        218          0          8          0      60254   bma2x2.o
        56          2          0          0          0       1176   bootloader_util.o
      4358        240          3          1          0      60795   btprotocol.o
        72         22          0          0          0       3838   button.o
      1174         92         61         16          0      11352   clocktick.o
       176         14          0          8         20       1693   debug.o
      4656        384         52         24        323      39913   device_manager_peripheral.o
       406         22          0          8         60      33591   dfu_app_handler.o
      1332        122          0          0       8192       8107   fft.o
        24          6          0          0          0        857   fpu.o
        24          6          0          0         88       4892   fstorage.o
       960        130         32         12         32       4774   heartcomp.o
       148         20          0         12          0       1011   irqhandler.o
      1418        162          0          1      25600      12256   lcd_st7735.o
       128         14          0          4         16       3468   log.o
        96         10        824          0          0       1569   looktable.o
       264         22         17          0         18      61688   main.o
       248         28          0         40        286       4231   msgqueue.o
         0          0          0          0          0       1396   nrf_assert.o
       148          0          0          0          0       1711   nrf_delay.o
        94          0          0          0          0       6181   nrf_saadc.o
       216         32          0          4          0       3660   osal.o
        32          4          0          0          0      27971   osal_pwrmgr.o
       132          6         52          0         48       3005   osal_task.o
       784        102          0         12        960      37522   osal_timer.o
      3264        280         40         36        312      37962   pstorage.o
      6296        102       7824       1140          0      26612   qr_encode.o
       200         10          0          0          0       1623   qr_utils.o
      1364         60         35         96          0       6540   sleep_algorithm.o
       394         42          0         20         12      41223   softdevice_handler.o
       308         62          0          0          0       4293   spi.o
       132          6          0          0          0       2324   spi_hw.o
       148         34          0          0         16       2145   ssadc.o
      1048         52          0         16        244       7509   step_process.o
       824        164          0          4          0       2675   system_nrf52.o
      1364        126          0         12        156       9783   task_battery.o
      1948        228          4         24        168      56484   task_ble.o
       288         20          0          8         20       2983   task_finder.o
      2256        196          0         40       4776      13083   task_flash.o
       206          6          0          4          0       1622   task_frame.o
       856         56          0          4          0       2640   task_gui.o
      1796        184          0         65        124      13977   task_hr.o
       380         28          0          8          0       6218   task_motor.o
      2816        164          0         68        156      44667   task_step.o
      1372         60          0          4         20       3394   task_store.o
       176         22          0         12          0       4858   task_touch.o
      4156        108          0         20       2084      11387   task_upload.o
       456          8          0          0          0       2474   u2k.o
         0          0       1944          0          0        732   ui_alarm_icon.o
         0          0        808          0          0        575   ui_camera_icon.o
         0          0       2034          0          0        757   ui_comm_icon.o
      1076         30          0          0          0       7275   ui_draw.o
         0          0       3080          0          0        874   ui_findphone_icon.o
         0          0       2712          0          0       1193   ui_hr_icon.o
         0          0       2040          0          0        664   ui_info_icon.o
         0          0      30354          0          0       1147   ui_main_icon.o
         0          0      15320          0          0       1041   ui_notify_icon.o
         0          0       1296          0          0        602   ui_pedometer_icon.o
         0          0       1392          0          0        636   ui_shutdown_icon.o
         0          0       1296          0          0        786   ui_sleep_icon.o
         0          0       8152          0          0       1429   ui_sport_icon.o
       672         54          0          0          0       1814   ui_win_alarm.o
       404         42          0         40          0       2467   ui_win_camera.o
       736         68          0          2          0       2306   ui_win_findphone.o
      2380        188         72          2          0       5802   ui_win_hr.o
      1032         66          0          1          0       4115   ui_win_info.o
      2480        252       1420          4          0       8152   ui_win_main.o
      3438        246         84         55          0      22420   ui_win_notify.o
       672         60          0          4          0       3833   ui_win_pedometer.o
       560         50          0          0          0       2494   ui_win_shutdown.o
       752         66          0          1          0       2366   ui_win_sleep.o
      2216        222          0         24          0       7886   ui_win_sport.o
         0          0          0        110          0       2596   usersetting.o
        60         20          0          0          0        870   wdt.o
       388         64         22        276         16       6767   window.o

    ----------------------------------------------------------------------
     82020       5844      81614       2428      54524     945293   Object Totals
         0          0         32          0          0          0   (incl. Generated)
        58         12          4         13          6          0   (incl. Padding)

    ----------------------------------------------------------------------

      Code (inc. data)   RO Data    RW Data    ZI Data      Debug   Library Member Name

       200         20          0          0          0        164   cos.o
       368         46         48          0          0        200   cos_i.o
        84         16          0          0          0        372   dunder.o
        24          0          0          0          0        124   fabs.o
        48          0          0          0          0        124   fpclassify.o
       248          0          0          0          0        152   poly.o
      1080        142        200          0          0        188   rred.o
       200         20          0          0          0        164   sin.o
       304         24         40          0          0        208   sin_i.o
       122          0          0          0          0        148   sqrt.o
        86          0          0          0          0          0   __dczerorl2.o
         0          0          0          0          0          0   entry.o
         0          0          0          0          0          0   entry10a.o
         0          0          0          0          0          0   entry11a.o
         8          4          0          0          0          0   entry2.o
         4          0          0          0          0          0   entry5.o
         0          0          0          0          0          0   entry7b.o
         0          0          0          0          0          0   entry8b.o
         8          4          0          0          0          0   entry9a.o
        12          6          0          4          0         68   errno.o
        30          0          0          0          0          0   handlers.o
        36          8          0          0          0         68   init.o
         0          0          0          0          0          0   iusefp.o
        30          0          0          0          0         68   llshl.o
        36          0          0          0          0         68   llsshr.o
        32          0          0          0          0         68   llushr.o
       140          6         12          0          0         76   localtime_i.o
        26          0          0          0          0         80   memcmp.o
        64          0          0          0          0         76   memmovea.o
        36          0          0          0          0        108   memseta.o
       168         18         12          0          0         80   mktime.o
      2252         84          0          0          0        508   printfa.o
        14          0          0          0          0         68   strlen.o
        30          0          0          0          0         80   strncmp.o
        44          0          0          0          0         80   uidiv.o
        98          0          0          0          0         92   uldiv.o
        48          0          0          0          0         68   cdrcmple.o
        56          0          0          0          0         88   d2f.o
       334          0          0          0          0        148   dadd.o
       222          0          0          0          0        100   ddiv.o
       186          0          0          0          0        176   depilogue.o
        62          0          0          0          0         80   dfixi.o
        50          0          0          0          0         76   dfixui.o
        48          0          0          0          0         68   dfixul.o
        34          0          0          0          0         76   dflti.o
        26          0          0          0          0         76   dfltui.o
       228          0          0          0          0         96   dmul.o
       162          0          0          0          0        100   dsqrt.o
        38          0          0          0          0         68   f2d.o
       110          0          0          0          0        168   fepilogue.o
      2332         82          0          4          0      14749   hfma2ylib.o

    ----------------------------------------------------------------------
      9784        480        314          8          0      19569   Library Totals
        16          0          2          0          0          0   (incl. Padding)

    ----------------------------------------------------------------------

      Code (inc. data)   RO Data    RW Data    ZI Data      Debug   Library Name

      2678        268        288          0          0       1844   m_wm.l
      3154        130         24          4          0       1588   mc_w.l
      1604          0          0          0          0       1388   mf_w.l
      2332         82          0          4          0      14749   nrf52832_xxaa.lib

    ----------------------------------------------------------------------
      9784        480        314          8          0      19569   Library Totals

    ----------------------------------------------------------------------

==============================================================================


      Code (inc. data)   RO Data    RW Data    ZI Data      Debug   

     91804       6324      81928       2436      54524     920434   Grand Totals
     91804       6324      81928        424      54524     920434   ELF Image Totals (compressed)
     91804       6324      81928        424          0          0   ROM Totals

==============================================================================

    Total RO  Size (Code + RO Data)               173732 ( 169.66kB)
    Total RW  Size (RW Data + ZI Data)             56960 (  55.63kB)
    Total ROM Size (Code + RO Data + RW Data)     174156 ( 170.07kB)

==============================================================================

