<!doctype html public "-//w3c//dtd html 4.0 transitional//en">
<html><head>
<title>Static Call Graph - [.\Objects\nRF52_DFU.axf]</title></head>
<body><HR>
<H1>Static Call Graph for image .\Objects\nRF52_DFU.axf</H1><HR>
<BR><P>#&#060CALLGRAPH&#062# ARM Linker, 5060061: Last Updated: Mon Nov 13 10:14:31 2017
<BR><P>
<H3>Maximum Stack Usage =        376 bytes + Unknown(Cycles, Untraceable Function Pointers)</H3><H3>
Call chain for Maximum Stack Depth:</H3>
main &rArr; osal_init_tasks &rArr; taskBleInit &rArr; ble_advertising_init &rArr; ble_advdata_set &rArr; adv_data_encode &rArr; uuid_list_sized_encode
<P>
<H3>
Mutually Recursive functions
</H3> <LI><a href="#[22]">NMI_Handler</a>&nbsp;&nbsp;&nbsp;&rArr;&nbsp;&nbsp;&nbsp;<a href="#[22]">NMI_Handler</a><BR>
 <LI><a href="#[23]">HardFault_Handler</a>&nbsp;&nbsp;&nbsp;&rArr;&nbsp;&nbsp;&nbsp;<a href="#[23]">HardFault_Handler</a><BR>
 <LI><a href="#[24]">MemoryManagement_Handler</a>&nbsp;&nbsp;&nbsp;&rArr;&nbsp;&nbsp;&nbsp;<a href="#[24]">MemoryManagement_Handler</a><BR>
 <LI><a href="#[25]">BusFault_Handler</a>&nbsp;&nbsp;&nbsp;&rArr;&nbsp;&nbsp;&nbsp;<a href="#[25]">BusFault_Handler</a><BR>
 <LI><a href="#[26]">UsageFault_Handler</a>&nbsp;&nbsp;&nbsp;&rArr;&nbsp;&nbsp;&nbsp;<a href="#[26]">UsageFault_Handler</a><BR>
 <LI><a href="#[27]">SVC_Handler</a>&nbsp;&nbsp;&nbsp;&rArr;&nbsp;&nbsp;&nbsp;<a href="#[27]">SVC_Handler</a><BR>
 <LI><a href="#[28]">DebugMon_Handler</a>&nbsp;&nbsp;&nbsp;&rArr;&nbsp;&nbsp;&nbsp;<a href="#[28]">DebugMon_Handler</a><BR>
 <LI><a href="#[29]">PendSV_Handler</a>&nbsp;&nbsp;&nbsp;&rArr;&nbsp;&nbsp;&nbsp;<a href="#[29]">PendSV_Handler</a><BR>
 <LI><a href="#[2a]">SysTick_Handler</a>&nbsp;&nbsp;&nbsp;&rArr;&nbsp;&nbsp;&nbsp;<a href="#[2a]">SysTick_Handler</a><BR>
 <LI><a href="#[3a]">CCM_AAR_IRQHandler</a>&nbsp;&nbsp;&nbsp;&rArr;&nbsp;&nbsp;&nbsp;<a href="#[3a]">CCM_AAR_IRQHandler</a><BR>
 <LI><a href="#[1a5]">flash_write</a>&nbsp;&nbsp;&nbsp;&rArr;&nbsp;&nbsp;&nbsp;<a href="#[171]">sm_state_change</a><BR>
 <LI><a href="#[171]">sm_state_change</a>&nbsp;&nbsp;&nbsp;&rArr;&nbsp;&nbsp;&nbsp;<a href="#[171]">sm_state_change</a><BR>
 <LI><a href="#[1a3]">flash_page_erase</a>&nbsp;&nbsp;&nbsp;&rArr;&nbsp;&nbsp;&nbsp;<a href="#[171]">sm_state_change</a><BR>
 <LI><a href="#[170]">clear_operation_execute</a>&nbsp;&nbsp;&nbsp;&rArr;&nbsp;&nbsp;&nbsp;<a href="#[171]">sm_state_change</a><BR>
 <LI><a href="#[9c]">__asm___11_nrf_delay_c_532987f3__nrf_delay_us</a>&nbsp;&nbsp;&nbsp;&rArr;&nbsp;&nbsp;&nbsp;<a href="#[9c]">__asm___11_nrf_delay_c_532987f3__nrf_delay_us</a><BR>
</UL>
<P>
<H3>
Function Pointers
</H3><UL>
 <LI><a href="#[a]">AlphabetToBinaly</a> from qr_encode.o(i.AlphabetToBinaly) referenced 2 times from qr_encode.o(.data)
 <LI><a href="#[58]">BMA2x2_SPI_bus_read</a> from bma253.o(i.BMA2x2_SPI_bus_read) referenced from bma253.o(i.bma250_init)
 <LI><a href="#[57]">BMA2x2_SPI_bus_write</a> from bma253.o(i.BMA2x2_SPI_bus_write) referenced from bma253.o(i.bma250_init)
 <LI><a href="#[59]">BMA2x2_delay_msek</a> from bma253.o(i.BMA2x2_delay_msek) referenced from bma253.o(i.bma250_init)
 <LI><a href="#[25]">BusFault_Handler</a> from arm_startup_nrf52.o(.text) referenced from arm_startup_nrf52.o(RESET)
 <LI><a href="#[3a]">CCM_AAR_IRQHandler</a> from arm_startup_nrf52.o(.text) referenced from arm_startup_nrf52.o(RESET)
 <LI><a href="#[3e]">COMP_LPCOMP_IRQHandler</a> from arm_startup_nrf52.o(.text) referenced from arm_startup_nrf52.o(RESET)
 <LI><a href="#[15]">CountPenalty</a> from qr_encode.o(i.CountPenalty) referenced 2 times from qr_encode.o(.data)
 <LI><a href="#[28]">DebugMon_Handler</a> from arm_startup_nrf52.o(.text) referenced from arm_startup_nrf52.o(RESET)
 <LI><a href="#[39]">ECB_IRQHandler</a> from arm_startup_nrf52.o(.text) referenced from arm_startup_nrf52.o(RESET)
 <LI><a href="#[2]">EncodeData</a> from qr_encode.o(i.EncodeData) referenced 2 times from qr_encode.o(.data)
 <LI><a href="#[4]">EncodeSourceData</a> from qr_encode.o(i.EncodeSourceData) referenced 2 times from qr_encode.o(.data)
 <LI><a href="#[4f]">FPU_IRQHandler</a> from fpu.o(i.FPU_IRQHandler) referenced from arm_startup_nrf52.o(RESET)
 <LI><a href="#[d]">FormatModule</a> from qr_encode.o(i.FormatModule) referenced 2 times from qr_encode.o(.data)
 <LI><a href="#[31]">GPIOTE_IRQHandler</a> from irqhandler.o(i.GPIOTE_IRQHandler) referenced from arm_startup_nrf52.o(RESET)
 <LI><a href="#[5]">GetBitLength</a> from qr_encode.o(i.GetBitLength) referenced 2 times from qr_encode.o(.data)
 <LI><a href="#[3]">GetEncodeVersion</a> from qr_encode.o(i.GetEncodeVersion) referenced 2 times from qr_encode.o(.data)
 <LI><a href="#[c]">GetRSCodeWord</a> from qr_encode.o(i.GetRSCodeWord) referenced 2 times from qr_encode.o(.data)
 <LI><a href="#[23]">HardFault_Handler</a> from arm_startup_nrf52.o(.text) referenced from arm_startup_nrf52.o(RESET)
 <LI><a href="#[4e]">I2S_IRQHandler</a> from arm_startup_nrf52.o(.text) referenced from arm_startup_nrf52.o(RESET)
 <LI><a href="#[8]">IsAlphabetData</a> from qr_encode.o(i.IsAlphabetData) referenced 2 times from qr_encode.o(.data)
 <LI><a href="#[9]">IsKanjiData</a> from qr_encode.o(i.IsKanjiData) referenced 2 times from qr_encode.o(.data)
 <LI><a href="#[7]">IsNumeralData</a> from qr_encode.o(i.IsNumeralData) referenced 2 times from qr_encode.o(.data)
 <LI><a href="#[b]">KanjiToBinaly</a> from qr_encode.o(i.KanjiToBinaly) referenced 2 times from qr_encode.o(.data)
 <LI><a href="#[49]">MWU_IRQHandler</a> from arm_startup_nrf52.o(.text) referenced from arm_startup_nrf52.o(RESET)
 <LI><a href="#[24]">MemoryManagement_Handler</a> from arm_startup_nrf52.o(.text) referenced from arm_startup_nrf52.o(RESET)
 <LI><a href="#[30]">NFCT_IRQHandler</a> from arm_startup_nrf52.o(.text) referenced from arm_startup_nrf52.o(RESET)
 <LI><a href="#[22]">NMI_Handler</a> from arm_startup_nrf52.o(.text) referenced from arm_startup_nrf52.o(RESET)
 <LI><a href="#[48]">PDM_IRQHandler</a> from arm_startup_nrf52.o(.text) referenced from arm_startup_nrf52.o(RESET)
 <LI><a href="#[2b]">POWER_CLOCK_IRQHandler</a> from arm_startup_nrf52.o(.text) referenced from arm_startup_nrf52.o(RESET)
 <LI><a href="#[47]">PWM0_IRQHandler</a> from arm_startup_nrf52.o(.text) referenced from arm_startup_nrf52.o(RESET)
 <LI><a href="#[4a]">PWM1_IRQHandler</a> from arm_startup_nrf52.o(.text) referenced from arm_startup_nrf52.o(RESET)
 <LI><a href="#[4b]">PWM2_IRQHandler</a> from arm_startup_nrf52.o(.text) referenced from arm_startup_nrf52.o(RESET)
 <LI><a href="#[29]">PendSV_Handler</a> from arm_startup_nrf52.o(.text) referenced from arm_startup_nrf52.o(RESET)
 <LI><a href="#[3d]">QDEC_IRQHandler</a> from arm_startup_nrf52.o(.text) referenced from arm_startup_nrf52.o(RESET)
 <LI><a href="#[2c]">RADIO_IRQHandler</a> from arm_startup_nrf52.o(.text) referenced from arm_startup_nrf52.o(RESET)
 <LI><a href="#[38]">RNG_IRQHandler</a> from arm_startup_nrf52.o(.text) referenced from arm_startup_nrf52.o(RESET)
 <LI><a href="#[36]">RTC0_IRQHandler</a> from arm_startup_nrf52.o(.text) referenced from arm_startup_nrf52.o(RESET)
 <LI><a href="#[3c]">RTC1_IRQHandler</a> from osal_timer.o(i.RTC1_IRQHandler) referenced from arm_startup_nrf52.o(RESET)
 <LI><a href="#[4d]">RTC2_IRQHandler</a> from osal_timer.o(i.RTC2_IRQHandler) referenced from arm_startup_nrf52.o(RESET)
 <LI><a href="#[21]">Reset_Handler</a> from arm_startup_nrf52.o(.text) referenced from arm_startup_nrf52.o(RESET)
 <LI><a href="#[32]">SAADC_IRQHandler</a> from arm_startup_nrf52.o(.text) referenced from arm_startup_nrf52.o(RESET)
 <LI><a href="#[2e]">SPIM0_SPIS0_TWIM0_TWIS0_SPI0_TWI0_IRQHandler</a> from arm_startup_nrf52.o(.text) referenced from arm_startup_nrf52.o(RESET)
 <LI><a href="#[2f]">SPIM1_SPIS1_TWIM1_TWIS1_SPI1_TWI1_IRQHandler</a> from arm_startup_nrf52.o(.text) referenced from arm_startup_nrf52.o(RESET)
 <LI><a href="#[4c]">SPIM2_SPIS2_SPI2_IRQHandler</a> from arm_startup_nrf52.o(.text) referenced from arm_startup_nrf52.o(RESET)
 <LI><a href="#[27]">SVC_Handler</a> from arm_startup_nrf52.o(.text) referenced from arm_startup_nrf52.o(RESET)
 <LI><a href="#[3f]">SWI0_EGU0_IRQHandler</a> from arm_startup_nrf52.o(.text) referenced from arm_startup_nrf52.o(RESET)
 <LI><a href="#[40]">SWI1_EGU1_IRQHandler</a> from arm_startup_nrf52.o(.text) referenced from arm_startup_nrf52.o(RESET)
 <LI><a href="#[41]">SWI2_EGU2_IRQHandler</a> from softdevice_handler.o(i.SWI2_EGU2_IRQHandler) referenced from arm_startup_nrf52.o(RESET)
 <LI><a href="#[42]">SWI3_EGU3_IRQHandler</a> from arm_startup_nrf52.o(.text) referenced from arm_startup_nrf52.o(RESET)
 <LI><a href="#[43]">SWI4_EGU4_IRQHandler</a> from arm_startup_nrf52.o(.text) referenced from arm_startup_nrf52.o(RESET)
 <LI><a href="#[44]">SWI5_EGU5_IRQHandler</a> from arm_startup_nrf52.o(.text) referenced from arm_startup_nrf52.o(RESET)
 <LI><a href="#[10]">SetAlignmentPattern</a> from qr_encode.o(i.SetAlignmentPattern) referenced 2 times from qr_encode.o(.data)
 <LI><a href="#[6]">SetBitStream</a> from qr_encode.o(i.SetBitStream) referenced 2 times from qr_encode.o(.data)
 <LI><a href="#[12]">SetCodeWordPattern</a> from qr_encode.o(i.SetCodeWordPattern) referenced 2 times from qr_encode.o(.data)
 <LI><a href="#[f]">SetFinderPattern</a> from qr_encode.o(i.SetFinderPattern) referenced 2 times from qr_encode.o(.data)
 <LI><a href="#[14]">SetFormatInfoPattern</a> from qr_encode.o(i.SetFormatInfoPattern) referenced 2 times from qr_encode.o(.data)
 <LI><a href="#[e]">SetFunctionModule</a> from qr_encode.o(i.SetFunctionModule) referenced 2 times from qr_encode.o(.data)
 <LI><a href="#[13]">SetMaskingPattern</a> from qr_encode.o(i.SetMaskingPattern) referenced 2 times from qr_encode.o(.data)
 <LI><a href="#[11]">SetVersionPattern</a> from qr_encode.o(i.SetVersionPattern) referenced 2 times from qr_encode.o(.data)
 <LI><a href="#[2a]">SysTick_Handler</a> from arm_startup_nrf52.o(.text) referenced from arm_startup_nrf52.o(RESET)
 <LI><a href="#[51]">SystemInit</a> from system_nrf52.o(i.SystemInit) referenced from arm_startup_nrf52.o(.text)
 <LI><a href="#[37]">TEMP_IRQHandler</a> from arm_startup_nrf52.o(.text) referenced from arm_startup_nrf52.o(RESET)
 <LI><a href="#[33]">TIMER0_IRQHandler</a> from arm_startup_nrf52.o(.text) referenced from arm_startup_nrf52.o(RESET)
 <LI><a href="#[34]">TIMER1_IRQHandler</a> from arm_startup_nrf52.o(.text) referenced from arm_startup_nrf52.o(RESET)
 <LI><a href="#[35]">TIMER2_IRQHandler</a> from arm_startup_nrf52.o(.text) referenced from arm_startup_nrf52.o(RESET)
 <LI><a href="#[45]">TIMER3_IRQHandler</a> from arm_startup_nrf52.o(.text) referenced from arm_startup_nrf52.o(RESET)
 <LI><a href="#[46]">TIMER4_IRQHandler</a> from arm_startup_nrf52.o(.text) referenced from arm_startup_nrf52.o(RESET)
 <LI><a href="#[2d]">UARTE0_UART0_IRQHandler</a> from arm_startup_nrf52.o(.text) referenced from arm_startup_nrf52.o(RESET)
 <LI><a href="#[26]">UsageFault_Handler</a> from arm_startup_nrf52.o(.text) referenced from arm_startup_nrf52.o(RESET)
 <LI><a href="#[3b]">WDT_IRQHandler</a> from arm_startup_nrf52.o(.text) referenced from arm_startup_nrf52.o(RESET)
 <LI><a href="#[52]">__main</a> from entry.o(.ARM.Collect$$$$00000000) referenced from arm_startup_nrf52.o(.text)
 <LI><a href="#[53]">_snputc</a> from printfa.o(i._snputc) referenced from printfa.o(i.__0vsnprintf)
 <LI><a href="#[55]">apple_notification_error_handler</a> from ancs.o(i.apple_notification_error_handler) referenced from ancs.o(i.ancs_service_init)
 <LI><a href="#[61]">ble_evt_dispatch</a> from task_ble.o(i.ble_evt_dispatch) referenced from task_ble.o(i.taskBleInit)
 <LI><a href="#[69]">conn_params_error_handler</a> from task_ble.o(i.conn_params_error_handler) referenced from task_ble.o(i.taskBleInit)
 <LI><a href="#[89]">data_page_erase_state_run</a> from pstorage.o(i.data_page_erase_state_run) referenced from pstorage.o(.constdata)
 <LI><a href="#[88]">data_to_swap_write_state_run</a> from pstorage.o(i.data_to_swap_write_state_run) referenced from pstorage.o(.constdata)
 <LI><a href="#[5a]">db_disc_handler</a> from ancs.o(i.db_disc_handler) referenced from ancs.o(i.db_discovery_init)
 <LI><a href="#[63]">device_manager_evt_handler</a> from task_ble.o(i.device_manager_evt_handler) referenced from task_ble.o(i.taskBleInit)
 <LI><a href="#[66]">dfu_app_on_dfu_evt</a> from dfu_app_handler.o(i.dfu_app_on_dfu_evt) referenced from task_ble.o(i.taskBleInit)
 <LI><a href="#[1]">dfu_app_reset_prepare</a> from dfu_app_handler.o(i.dfu_app_reset_prepare) referenced 2 times from dfu_app_handler.o(.data)
 <LI><a href="#[5e]">dm_pstorage_cb_handler</a> from device_manager_peripheral.o(i.dm_pstorage_cb_handler) referenced from device_manager_peripheral.o(i.dm_init)
 <LI><a href="#[5f]">flash_memofy_cb_handler</a> from task_flash.o(i.flash_memofy_cb_handler) referenced from task_flash.o(i.flash_memory_Init)
 <LI><a href="#[80]">gattc_context_apply</a> from device_manager_peripheral.o(i.gattc_context_apply) referenced from device_manager_peripheral.o(.constdata)
 <LI><a href="#[7c]">gattc_context_load</a> from device_manager_peripheral.o(i.gattc_context_load) referenced from device_manager_peripheral.o(.constdata)
 <LI><a href="#[78]">gattc_context_store</a> from device_manager_peripheral.o(i.gattc_context_store) referenced from device_manager_peripheral.o(.constdata)
 <LI><a href="#[7f]">gatts_context_apply</a> from device_manager_peripheral.o(i.gatts_context_apply) referenced from device_manager_peripheral.o(.constdata)
 <LI><a href="#[7b]">gatts_context_load</a> from device_manager_peripheral.o(i.gatts_context_load) referenced from device_manager_peripheral.o(.constdata)
 <LI><a href="#[77]">gatts_context_store</a> from device_manager_peripheral.o(i.gatts_context_store) referenced from device_manager_peripheral.o(.constdata)
 <LI><a href="#[81]">gattsc_context_apply</a> from device_manager_peripheral.o(i.gattsc_context_apply) referenced from device_manager_peripheral.o(.constdata)
 <LI><a href="#[7d]">gattsc_context_load</a> from device_manager_peripheral.o(i.gattsc_context_load) referenced from device_manager_peripheral.o(.constdata)
 <LI><a href="#[79]">gattsc_context_store</a> from device_manager_peripheral.o(i.gattsc_context_store) referenced from device_manager_peripheral.o(.constdata)
 <LI><a href="#[8b]">head_restore_state_run</a> from pstorage.o(i.head_restore_state_run) referenced from pstorage.o(.constdata)
 <LI><a href="#[50]">main</a> from main.o(i.main) referenced from entry9a.o(.ARM.Collect$$$$0000000B)
 <LI><a href="#[7e]">no_service_context_apply</a> from device_manager_peripheral.o(i.no_service_context_apply) referenced from device_manager_peripheral.o(.constdata)
 <LI><a href="#[7a]">no_service_context_load</a> from device_manager_peripheral.o(i.no_service_context_load) referenced from device_manager_peripheral.o(.constdata)
 <LI><a href="#[76]">no_service_context_store</a> from device_manager_peripheral.o(i.no_service_context_store) referenced from device_manager_peripheral.o(.constdata)
 <LI><a href="#[65]">nus_data_handler</a> from task_ble.o(i.nus_data_handler) referenced from task_ble.o(i.taskBleInit)
 <LI><a href="#[64]">on_adv_evt</a> from task_ble.o(i.on_adv_evt) referenced from task_ble.o(i.taskBleInit)
 <LI><a href="#[54]">on_ancs_c_evt</a> from ancs.o(i.on_ancs_c_evt) referenced from ancs.o(i.ancs_service_init)
 <LI><a href="#[68]">on_conn_params_evt</a> from task_ble.o(i.on_conn_params_evt) referenced from task_ble.o(i.taskBleInit)
 <LI><a href="#[5b]">pstorage_store</a> from pstorage.o(i.pstorage_store) referenced from device_manager_peripheral.o(i.device_context_store)
 <LI><a href="#[5b]">pstorage_store</a> from pstorage.o(i.pstorage_store) referenced from device_manager_peripheral.o(i.dm_application_context_set)
 <LI><a href="#[5b]">pstorage_store</a> from pstorage.o(i.pstorage_store) referenced from device_manager_peripheral.o(i.gatts_context_store)
 <LI><a href="#[5d]">pstorage_update</a> from pstorage.o(i.pstorage_update) referenced from device_manager_peripheral.o(i.device_context_store)
 <LI><a href="#[5d]">pstorage_update</a> from pstorage.o(i.pstorage_update) referenced from device_manager_peripheral.o(i.dm_application_context_set)
 <LI><a href="#[5d]">pstorage_update</a> from pstorage.o(i.pstorage_update) referenced from device_manager_peripheral.o(i.gatts_context_store)
 <LI><a href="#[67]">reset_prepare</a> from task_ble.o(i.reset_prepare) referenced from task_ble.o(i.taskBleInit)
 <LI><a href="#[60]">softdevice_fault_handler</a> from softdevice_handler.o(i.softdevice_fault_handler) referenced from softdevice_handler.o(i.softdevice_handler_init)
 <LI><a href="#[84]">state_erase_data_page_entry_run</a> from pstorage.o(i.state_erase_data_page_entry_run) referenced from pstorage.o(.constdata)
 <LI><a href="#[86]">state_restore_head_entry_run</a> from pstorage.o(i.state_restore_head_entry_run) referenced from pstorage.o(.constdata)
 <LI><a href="#[85]">state_restore_tail_entry_run</a> from pstorage.o(i.state_restore_tail_entry_run) referenced from pstorage.o(.constdata)
 <LI><a href="#[82]">state_swap_erase_entry_run</a> from pstorage.o(i.state_swap_erase_entry_run) referenced from pstorage.o(.constdata)
 <LI><a href="#[83]">state_write_data_swap_entry_run</a> from pstorage.o(i.state_write_data_swap_entry_run) referenced from pstorage.o(.constdata)
 <LI><a href="#[5c]">storage_operation_dummy_handler</a> from device_manager_peripheral.o(i.storage_operation_dummy_handler) referenced from device_manager_peripheral.o(i.device_context_store)
 <LI><a href="#[87]">swap_erase_state_run</a> from pstorage.o(i.swap_erase_state_run) referenced from pstorage.o(.constdata)
 <LI><a href="#[62]">sys_evt_dispatch</a> from task_ble.o(i.sys_evt_dispatch) referenced from task_ble.o(i.taskBleInit)
 <LI><a href="#[8a]">tail_restore_state_run</a> from pstorage.o(i.tail_restore_state_run) referenced from pstorage.o(.constdata)
 <LI><a href="#[75]">taskBattery</a> from task_battery.o(i.taskBattery) referenced from osal_task.o(.constdata)
 <LI><a href="#[6a]">taskBle</a> from task_ble.o(i.taskBle) referenced from osal_task.o(.constdata)
 <LI><a href="#[74]">taskFinder</a> from task_finder.o(i.taskFinder) referenced from osal_task.o(.constdata)
 <LI><a href="#[6b]">taskFlash</a> from task_flash.o(i.taskFlash) referenced from osal_task.o(.constdata)
 <LI><a href="#[72]">taskFrame</a> from task_frame.o(i.taskFrame) referenced from osal_task.o(.constdata)
 <LI><a href="#[70]">taskGUI</a> from task_gui.o(i.taskGUI) referenced from osal_task.o(.constdata)
 <LI><a href="#[6f]">taskHr</a> from task_hr.o(i.taskHr) referenced from osal_task.o(.constdata)
 <LI><a href="#[73]">taskMotor</a> from task_motor.o(i.taskMotor) referenced from osal_task.o(.constdata)
 <LI><a href="#[71]">taskStep</a> from task_step.o(i.taskStep) referenced from osal_task.o(.constdata)
 <LI><a href="#[6c]">taskStore</a> from task_store.o(i.taskStore) referenced from osal_task.o(.constdata)
 <LI><a href="#[6e]">taskTouch</a> from task_touch.o(i.taskTouch) referenced from osal_task.o(.constdata)
 <LI><a href="#[6d]">taskUpload</a> from task_upload.o(i.taskUpload) referenced from osal_task.o(.constdata)
 <LI><a href="#[92]">ui_alarm_notify</a> from ui_win_notify.o(i.ui_alarm_notify) referenced from ui_win_notify.o(.constdata)
 <LI><a href="#[90]">ui_app_notify</a> from ui_win_notify.o(i.ui_app_notify) referenced from ui_win_notify.o(.constdata)
 <LI><a href="#[96]">ui_ble_notify</a> from ui_win_notify.o(i.ui_ble_notify) referenced from ui_win_notify.o(.constdata)
 <LI><a href="#[8c]">ui_calling_notify</a> from ui_win_notify.o(i.ui_calling_notify) referenced from ui_win_notify.o(.constdata)
 <LI><a href="#[91]">ui_earse_app_notify</a> from ui_win_notify.o(i.ui_earse_app_notify) referenced from ui_win_notify.o(.constdata)
 <LI><a href="#[93]">ui_erase_alarm_notify</a> from ui_win_notify.o(i.ui_erase_alarm_notify) referenced from ui_win_notify.o(.constdata)
 <LI><a href="#[97]">ui_erase_ble_notify</a> from ui_win_notify.o(i.ui_erase_ble_notify) referenced from ui_win_notify.o(.constdata)
 <LI><a href="#[8d]">ui_erase_calling_notify</a> from ui_win_notify.o(i.ui_erase_calling_notify) referenced from ui_win_notify.o(.constdata)
 <LI><a href="#[95]">ui_erase_find_me_notify</a> from ui_win_notify.o(i.ui_erase_find_me_notify) referenced from ui_win_notify.o(.constdata)
 <LI><a href="#[8f]">ui_erase_message_notify</a> from ui_win_notify.o(i.ui_erase_message_notify) referenced from ui_win_notify.o(.constdata)
 <LI><a href="#[99]">ui_erase_sedentary_notify</a> from ui_win_notify.o(i.ui_erase_sedentary_notify) referenced from ui_win_notify.o(.constdata)
 <LI><a href="#[94]">ui_find_me_notify</a> from ui_win_notify.o(i.ui_find_me_notify) referenced from ui_win_notify.o(.constdata)
 <LI><a href="#[8e]">ui_message_notify</a> from ui_win_notify.o(i.ui_message_notify) referenced from ui_win_notify.o(.constdata)
 <LI><a href="#[98]">ui_sedentary_notify</a> from ui_win_notify.o(i.ui_sedentary_notify) referenced from ui_win_notify.o(.constdata)
 <LI><a href="#[56]">update_timeout_handler</a> from ble_conn_params.o(i.update_timeout_handler) referenced from ble_conn_params.o(i.ble_conn_params_init)
 <LI><a href="#[1b]">win_alarm_proc</a> from ui_win_alarm.o(i.win_alarm_proc) referenced 2 times from window.o(.data)
 <LI><a href="#[1c]">win_camera_proc</a> from ui_win_camera.o(i.win_camera_proc) referenced 2 times from window.o(.data)
 <LI><a href="#[1d]">win_findphone_proc</a> from ui_win_findphone.o(i.win_findphone_proc) referenced 2 times from window.o(.data)
 <LI><a href="#[19]">win_hr_proc</a> from ui_win_hr.o(i.win_hr_proc) referenced 2 times from window.o(.data)
 <LI><a href="#[1e]">win_info_proc</a> from ui_win_info.o(i.win_info_proc) referenced 2 times from window.o(.data)
 <LI><a href="#[16]">win_main_proc</a> from ui_win_main.o(i.win_main_proc) referenced 2 times from window.o(.data)
 <LI><a href="#[20]">win_notify_proc</a> from ui_win_notify.o(i.win_notify_proc) referenced 2 times from window.o(.data)
 <LI><a href="#[17]">win_pedometer_proc</a> from ui_win_pedometer.o(i.win_pedometer_proc) referenced 2 times from window.o(.data)
 <LI><a href="#[1f]">win_shutdown_proc</a> from ui_win_shutdown.o(i.win_shutdown_proc) referenced 2 times from window.o(.data)
 <LI><a href="#[1a]">win_sleep_proc</a> from ui_win_sleep.o(i.win_sleep_proc) referenced 2 times from window.o(.data)
 <LI><a href="#[18]">win_sport_proc</a> from ui_win_sport.o(i.win_sport_proc) referenced 2 times from window.o(.data)
</UL>
<P>
<H3>
Global Symbols
</H3>
<P><STRONG><a name="[52]"></a>__main</STRONG> (Thumb, 0 bytes, Stack size unknown bytes, entry.o(.ARM.Collect$$$$00000000))
<BR>[Address Reference Count : 1]<UL><LI> arm_startup_nrf52.o(.text)
</UL>
<P><STRONG><a name="[212]"></a>_main_stk</STRONG> (Thumb, 0 bytes, Stack size unknown bytes, entry2.o(.ARM.Collect$$$$00000001))

<P><STRONG><a name="[9a]"></a>_main_scatterload</STRONG> (Thumb, 0 bytes, Stack size unknown bytes, entry5.o(.ARM.Collect$$$$00000004))
<BR><BR>[Calls]<UL><LI><a href="#[9b]">&gt;&gt;</a>&nbsp;&nbsp;&nbsp;__scatterload
</UL>

<P><STRONG><a name="[b5]"></a>__main_after_scatterload</STRONG> (Thumb, 0 bytes, Stack size unknown bytes, entry5.o(.ARM.Collect$$$$00000004))
<BR><BR>[Called By]<UL><LI><a href="#[9b]">&gt;&gt;</a>&nbsp;&nbsp;&nbsp;__scatterload
</UL>

<P><STRONG><a name="[213]"></a>_main_clock</STRONG> (Thumb, 0 bytes, Stack size unknown bytes, entry7b.o(.ARM.Collect$$$$00000008))

<P><STRONG><a name="[214]"></a>_main_cpp_init</STRONG> (Thumb, 0 bytes, Stack size unknown bytes, entry8b.o(.ARM.Collect$$$$0000000A))

<P><STRONG><a name="[215]"></a>_main_init</STRONG> (Thumb, 0 bytes, Stack size unknown bytes, entry9a.o(.ARM.Collect$$$$0000000B))

<P><STRONG><a name="[216]"></a>__rt_final_cpp</STRONG> (Thumb, 0 bytes, Stack size unknown bytes, entry10a.o(.ARM.Collect$$$$0000000D))

<P><STRONG><a name="[217]"></a>__rt_final_exit</STRONG> (Thumb, 0 bytes, Stack size unknown bytes, entry11a.o(.ARM.Collect$$$$0000000F))

<P><STRONG><a name="[165]"></a>__asm___17_bootloader_util_c_c13d365c__bootloader_util_reset</STRONG> (Thumb, 52 bytes, Stack size 0 bytes, bootloader_util.o(.emb_text))
<BR><BR>[Called By]<UL><LI><a href="#[164]">&gt;&gt;</a>&nbsp;&nbsp;&nbsp;bootloader_util_app_start
</UL>

<P><STRONG><a name="[9c]"></a>__asm___11_nrf_delay_c_532987f3__nrf_delay_us</STRONG> (Thumb, 118 bytes, Stack size 0 bytes, nrf_delay.o(.emb_text))
<BR><BR>[Calls]<UL><LI><a href="#[9c]">&gt;&gt;</a>&nbsp;&nbsp;&nbsp;__asm___11_nrf_delay_c_532987f3__nrf_delay_us
</UL>
<BR>[Called By]<UL><LI><a href="#[e5]">&gt;&gt;</a>&nbsp;&nbsp;&nbsp;nrf_delay_ms
<LI><a href="#[9c]">&gt;&gt;</a>&nbsp;&nbsp;&nbsp;__asm___11_nrf_delay_c_532987f3__nrf_delay_us
</UL>

<P><STRONG><a name="[21]"></a>Reset_Handler</STRONG> (Thumb, 8 bytes, Stack size 0 bytes, arm_startup_nrf52.o(.text))
<BR>[Address Reference Count : 1]<UL><LI> arm_startup_nrf52.o(RESET)
</UL>
<P><STRONG><a name="[22]"></a>NMI_Handler</STRONG> (Thumb, 2 bytes, Stack size 0 bytes, arm_startup_nrf52.o(.text))
<BR><BR>[Calls]<UL><LI><a href="#[22]">&gt;&gt;</a>&nbsp;&nbsp;&nbsp;NMI_Handler
</UL>
<BR>[Called By]<UL><LI><a href="#[22]">&gt;&gt;</a>&nbsp;&nbsp;&nbsp;NMI_Handler
</UL>
<BR>[Address Reference Count : 1]<UL><LI> arm_startup_nrf52.o(RESET)
</UL>
<P><STRONG><a name="[23]"></a>HardFault_Handler</STRONG> (Thumb, 2 bytes, Stack size 0 bytes, arm_startup_nrf52.o(.text))
<BR><BR>[Calls]<UL><LI><a href="#[23]">&gt;&gt;</a>&nbsp;&nbsp;&nbsp;HardFault_Handler
</UL>
<BR>[Called By]<UL><LI><a href="#[23]">&gt;&gt;</a>&nbsp;&nbsp;&nbsp;HardFault_Handler
</UL>
<BR>[Address Reference Count : 1]<UL><LI> arm_startup_nrf52.o(RESET)
</UL>
<P><STRONG><a name="[24]"></a>MemoryManagement_Handler</STRONG> (Thumb, 2 bytes, Stack size 0 bytes, arm_startup_nrf52.o(.text))
<BR><BR>[Calls]<UL><LI><a href="#[24]">&gt;&gt;</a>&nbsp;&nbsp;&nbsp;MemoryManagement_Handler
</UL>
<BR>[Called By]<UL><LI><a href="#[24]">&gt;&gt;</a>&nbsp;&nbsp;&nbsp;MemoryManagement_Handler
</UL>
<BR>[Address Reference Count : 1]<UL><LI> arm_startup_nrf52.o(RESET)
</UL>
<P><STRONG><a name="[25]"></a>BusFault_Handler</STRONG> (Thumb, 2 bytes, Stack size 0 bytes, arm_startup_nrf52.o(.text))
<BR><BR>[Calls]<UL><LI><a href="#[25]">&gt;&gt;</a>&nbsp;&nbsp;&nbsp;BusFault_Handler
</UL>
<BR>[Called By]<UL><LI><a href="#[25]">&gt;&gt;</a>&nbsp;&nbsp;&nbsp;BusFault_Handler
</UL>
<BR>[Address Reference Count : 1]<UL><LI> arm_startup_nrf52.o(RESET)
</UL>
<P><STRONG><a name="[26]"></a>UsageFault_Handler</STRONG> (Thumb, 2 bytes, Stack size 0 bytes, arm_startup_nrf52.o(.text))
<BR><BR>[Calls]<UL><LI><a href="#[26]">&gt;&gt;</a>&nbsp;&nbsp;&nbsp;UsageFault_Handler
</UL>
<BR>[Called By]<UL><LI><a href="#[26]">&gt;&gt;</a>&nbsp;&nbsp;&nbsp;UsageFault_Handler
</UL>
<BR>[Address Reference Count : 1]<UL><LI> arm_startup_nrf52.o(RESET)
</UL>
<P><STRONG><a name="[27]"></a>SVC_Handler</STRONG> (Thumb, 2 bytes, Stack size 0 bytes, arm_startup_nrf52.o(.text))
<BR><BR>[Calls]<UL><LI><a href="#[27]">&gt;&gt;</a>&nbsp;&nbsp;&nbsp;SVC_Handler
</UL>
<BR>[Called By]<UL><LI><a href="#[27]">&gt;&gt;</a>&nbsp;&nbsp;&nbsp;SVC_Handler
</UL>
<BR>[Address Reference Count : 1]<UL><LI> arm_startup_nrf52.o(RESET)
</UL>
<P><STRONG><a name="[28]"></a>DebugMon_Handler</STRONG> (Thumb, 2 bytes, Stack size 0 bytes, arm_startup_nrf52.o(.text))
<BR><BR>[Calls]<UL><LI><a href="#[28]">&gt;&gt;</a>&nbsp;&nbsp;&nbsp;DebugMon_Handler
</UL>
<BR>[Called By]<UL><LI><a href="#[28]">&gt;&gt;</a>&nbsp;&nbsp;&nbsp;DebugMon_Handler
</UL>
<BR>[Address Reference Count : 1]<UL><LI> arm_startup_nrf52.o(RESET)
</UL>
<P><STRONG><a name="[29]"></a>PendSV_Handler</STRONG> (Thumb, 2 bytes, Stack size 0 bytes, arm_startup_nrf52.o(.text))
<BR><BR>[Calls]<UL><LI><a href="#[29]">&gt;&gt;</a>&nbsp;&nbsp;&nbsp;PendSV_Handler
</UL>
<BR>[Called By]<UL><LI><a href="#[29]">&gt;&gt;</a>&nbsp;&nbsp;&nbsp;PendSV_Handler
</UL>
<BR>[Address Reference Count : 1]<UL><LI> arm_startup_nrf52.o(RESET)
</UL>
<P><STRONG><a name="[2a]"></a>SysTick_Handler</STRONG> (Thumb, 2 bytes, Stack size 0 bytes, arm_startup_nrf52.o(.text))
<BR><BR>[Calls]<UL><LI><a href="#[2a]">&gt;&gt;</a>&nbsp;&nbsp;&nbsp;SysTick_Handler
</UL>
<BR>[Called By]<UL><LI><a href="#[2a]">&gt;&gt;</a>&nbsp;&nbsp;&nbsp;SysTick_Handler
</UL>
<BR>[Address Reference Count : 1]<UL><LI> arm_startup_nrf52.o(RESET)
</UL>
<P><STRONG><a name="[3a]"></a>CCM_AAR_IRQHandler</STRONG> (Thumb, 0 bytes, Stack size 0 bytes, arm_startup_nrf52.o(.text))
<BR><BR>[Calls]<UL><LI><a href="#[3a]">&gt;&gt;</a>&nbsp;&nbsp;&nbsp;CCM_AAR_IRQHandler
</UL>
<BR>[Called By]<UL><LI><a href="#[3a]">&gt;&gt;</a>&nbsp;&nbsp;&nbsp;CCM_AAR_IRQHandler
</UL>
<BR>[Address Reference Count : 1]<UL><LI> arm_startup_nrf52.o(RESET)
</UL>
<P><STRONG><a name="[3e]"></a>COMP_LPCOMP_IRQHandler</STRONG> (Thumb, 0 bytes, Stack size 0 bytes, arm_startup_nrf52.o(.text))
<BR>[Address Reference Count : 1]<UL><LI> arm_startup_nrf52.o(RESET)
</UL>
<P><STRONG><a name="[39]"></a>ECB_IRQHandler</STRONG> (Thumb, 0 bytes, Stack size 0 bytes, arm_startup_nrf52.o(.text))
<BR>[Address Reference Count : 1]<UL><LI> arm_startup_nrf52.o(RESET)
</UL>
<P><STRONG><a name="[4e]"></a>I2S_IRQHandler</STRONG> (Thumb, 0 bytes, Stack size 0 bytes, arm_startup_nrf52.o(.text))
<BR>[Address Reference Count : 1]<UL><LI> arm_startup_nrf52.o(RESET)
</UL>
<P><STRONG><a name="[49]"></a>MWU_IRQHandler</STRONG> (Thumb, 0 bytes, Stack size 0 bytes, arm_startup_nrf52.o(.text))
<BR>[Address Reference Count : 1]<UL><LI> arm_startup_nrf52.o(RESET)
</UL>
<P><STRONG><a name="[30]"></a>NFCT_IRQHandler</STRONG> (Thumb, 0 bytes, Stack size 0 bytes, arm_startup_nrf52.o(.text))
<BR>[Address Reference Count : 1]<UL><LI> arm_startup_nrf52.o(RESET)
</UL>
<P><STRONG><a name="[48]"></a>PDM_IRQHandler</STRONG> (Thumb, 0 bytes, Stack size 0 bytes, arm_startup_nrf52.o(.text))
<BR>[Address Reference Count : 1]<UL><LI> arm_startup_nrf52.o(RESET)
</UL>
<P><STRONG><a name="[2b]"></a>POWER_CLOCK_IRQHandler</STRONG> (Thumb, 0 bytes, Stack size 0 bytes, arm_startup_nrf52.o(.text))
<BR>[Address Reference Count : 1]<UL><LI> arm_startup_nrf52.o(RESET)
</UL>
<P><STRONG><a name="[47]"></a>PWM0_IRQHandler</STRONG> (Thumb, 0 bytes, Stack size 0 bytes, arm_startup_nrf52.o(.text))
<BR>[Address Reference Count : 1]<UL><LI> arm_startup_nrf52.o(RESET)
</UL>
<P><STRONG><a name="[4a]"></a>PWM1_IRQHandler</STRONG> (Thumb, 0 bytes, Stack size 0 bytes, arm_startup_nrf52.o(.text))
<BR>[Address Reference Count : 1]<UL><LI> arm_startup_nrf52.o(RESET)
</UL>
<P><STRONG><a name="[4b]"></a>PWM2_IRQHandler</STRONG> (Thumb, 0 bytes, Stack size 0 bytes, arm_startup_nrf52.o(.text))
<BR>[Address Reference Count : 1]<UL><LI> arm_startup_nrf52.o(RESET)
</UL>
<P><STRONG><a name="[3d]"></a>QDEC_IRQHandler</STRONG> (Thumb, 0 bytes, Stack size 0 bytes, arm_startup_nrf52.o(.text))
<BR>[Address Reference Count : 1]<UL><LI> arm_startup_nrf52.o(RESET)
</UL>
<P><STRONG><a name="[2c]"></a>RADIO_IRQHandler</STRONG> (Thumb, 0 bytes, Stack size 0 bytes, arm_startup_nrf52.o(.text))
<BR>[Address Reference Count : 1]<UL><LI> arm_startup_nrf52.o(RESET)
</UL>
<P><STRONG><a name="[38]"></a>RNG_IRQHandler</STRONG> (Thumb, 0 bytes, Stack size 0 bytes, arm_startup_nrf52.o(.text))
<BR>[Address Reference Count : 1]<UL><LI> arm_startup_nrf52.o(RESET)
</UL>
<P><STRONG><a name="[36]"></a>RTC0_IRQHandler</STRONG> (Thumb, 0 bytes, Stack size 0 bytes, arm_startup_nrf52.o(.text))
<BR>[Address Reference Count : 1]<UL><LI> arm_startup_nrf52.o(RESET)
</UL>
<P><STRONG><a name="[32]"></a>SAADC_IRQHandler</STRONG> (Thumb, 0 bytes, Stack size 0 bytes, arm_startup_nrf52.o(.text))
<BR>[Address Reference Count : 1]<UL><LI> arm_startup_nrf52.o(RESET)
</UL>
<P><STRONG><a name="[2e]"></a>SPIM0_SPIS0_TWIM0_TWIS0_SPI0_TWI0_IRQHandler</STRONG> (Thumb, 0 bytes, Stack size 0 bytes, arm_startup_nrf52.o(.text))
<BR>[Address Reference Count : 1]<UL><LI> arm_startup_nrf52.o(RESET)
</UL>
<P><STRONG><a name="[2f]"></a>SPIM1_SPIS1_TWIM1_TWIS1_SPI1_TWI1_IRQHandler</STRONG> (Thumb, 0 bytes, Stack size 0 bytes, arm_startup_nrf52.o(.text))
<BR>[Address Reference Count : 1]<UL><LI> arm_startup_nrf52.o(RESET)
</UL>
<P><STRONG><a name="[4c]"></a>SPIM2_SPIS2_SPI2_IRQHandler</STRONG> (Thumb, 0 bytes, Stack size 0 bytes, arm_startup_nrf52.o(.text))
<BR>[Address Reference Count : 1]<UL><LI> arm_startup_nrf52.o(RESET)
</UL>
<P><STRONG><a name="[3f]"></a>SWI0_EGU0_IRQHandler</STRONG> (Thumb, 0 bytes, Stack size 0 bytes, arm_startup_nrf52.o(.text))
<BR>[Address Reference Count : 1]<UL><LI> arm_startup_nrf52.o(RESET)
</UL>
<P><STRONG><a name="[40]"></a>SWI1_EGU1_IRQHandler</STRONG> (Thumb, 0 bytes, Stack size 0 bytes, arm_startup_nrf52.o(.text))
<BR>[Address Reference Count : 1]<UL><LI> arm_startup_nrf52.o(RESET)
</UL>
<P><STRONG><a name="[42]"></a>SWI3_EGU3_IRQHandler</STRONG> (Thumb, 0 bytes, Stack size 0 bytes, arm_startup_nrf52.o(.text))
<BR>[Address Reference Count : 1]<UL><LI> arm_startup_nrf52.o(RESET)
</UL>
<P><STRONG><a name="[43]"></a>SWI4_EGU4_IRQHandler</STRONG> (Thumb, 0 bytes, Stack size 0 bytes, arm_startup_nrf52.o(.text))
<BR>[Address Reference Count : 1]<UL><LI> arm_startup_nrf52.o(RESET)
</UL>
<P><STRONG><a name="[44]"></a>SWI5_EGU5_IRQHandler</STRONG> (Thumb, 0 bytes, Stack size 0 bytes, arm_startup_nrf52.o(.text))
<BR>[Address Reference Count : 1]<UL><LI> arm_startup_nrf52.o(RESET)
</UL>
<P><STRONG><a name="[37]"></a>TEMP_IRQHandler</STRONG> (Thumb, 0 bytes, Stack size 0 bytes, arm_startup_nrf52.o(.text))
<BR>[Address Reference Count : 1]<UL><LI> arm_startup_nrf52.o(RESET)
</UL>
<P><STRONG><a name="[33]"></a>TIMER0_IRQHandler</STRONG> (Thumb, 0 bytes, Stack size 0 bytes, arm_startup_nrf52.o(.text))
<BR>[Address Reference Count : 1]<UL><LI> arm_startup_nrf52.o(RESET)
</UL>
<P><STRONG><a name="[34]"></a>TIMER1_IRQHandler</STRONG> (Thumb, 0 bytes, Stack size 0 bytes, arm_startup_nrf52.o(.text))
<BR>[Address Reference Count : 1]<UL><LI> arm_startup_nrf52.o(RESET)
</UL>
<P><STRONG><a name="[35]"></a>TIMER2_IRQHandler</STRONG> (Thumb, 0 bytes, Stack size 0 bytes, arm_startup_nrf52.o(.text))
<BR>[Address Reference Count : 1]<UL><LI> arm_startup_nrf52.o(RESET)
</UL>
<P><STRONG><a name="[45]"></a>TIMER3_IRQHandler</STRONG> (Thumb, 0 bytes, Stack size 0 bytes, arm_startup_nrf52.o(.text))
<BR>[Address Reference Count : 1]<UL><LI> arm_startup_nrf52.o(RESET)
</UL>
<P><STRONG><a name="[46]"></a>TIMER4_IRQHandler</STRONG> (Thumb, 0 bytes, Stack size 0 bytes, arm_startup_nrf52.o(.text))
<BR>[Address Reference Count : 1]<UL><LI> arm_startup_nrf52.o(RESET)
</UL>
<P><STRONG><a name="[2d]"></a>UARTE0_UART0_IRQHandler</STRONG> (Thumb, 0 bytes, Stack size 0 bytes, arm_startup_nrf52.o(.text))
<BR>[Address Reference Count : 1]<UL><LI> arm_startup_nrf52.o(RESET)
</UL>
<P><STRONG><a name="[3b]"></a>WDT_IRQHandler</STRONG> (Thumb, 0 bytes, Stack size 0 bytes, arm_startup_nrf52.o(.text))
<BR>[Address Reference Count : 1]<UL><LI> arm_startup_nrf52.o(RESET)
</UL>
<P><STRONG><a name="[9d]"></a>mktime</STRONG> (Thumb, 150 bytes, Stack size 16 bytes, mktime.o(.text))
<BR><BR>[Stack]<UL><LI>Max Depth = 24<LI>Call Chain = mktime &rArr; _localtime
</UL>
<BR>[Calls]<UL><LI><a href="#[9e]">&gt;&gt;</a>&nbsp;&nbsp;&nbsp;_localtime
</UL>
<BR>[Called By]<UL><LI><a href="#[6d]">&gt;&gt;</a>&nbsp;&nbsp;&nbsp;taskUpload
<LI><a href="#[d9]">&gt;&gt;</a>&nbsp;&nbsp;&nbsp;getUTC
<LI><a href="#[c3]">&gt;&gt;</a>&nbsp;&nbsp;&nbsp;Convert_UTC_time
<LI><a href="#[c0]">&gt;&gt;</a>&nbsp;&nbsp;&nbsp;Log_Printf
</UL>

<P><STRONG><a name="[218]"></a>___aeabi_memcpy8$move</STRONG> (Thumb, 0 bytes, Stack size 8 bytes, memmovea.o(.text), UNUSED)

<P><STRONG><a name="[ec]"></a>__aeabi_memcpy</STRONG> (Thumb, 64 bytes, Stack size 8 bytes, memmovea.o(.text))
<BR><BR>[Stack]<UL><LI>Max Depth = 8<LI>Call Chain = __aeabi_memcpy
</UL>
<BR>[Called By]<UL><LI><a href="#[ee]">&gt;&gt;</a>&nbsp;&nbsp;&nbsp;MessageBuildSender
<LI><a href="#[ed]">&gt;&gt;</a>&nbsp;&nbsp;&nbsp;MessageBuildContent
<LI><a href="#[19f]">&gt;&gt;</a>&nbsp;&nbsp;&nbsp;flash_memory_get
<LI><a href="#[1b6]">&gt;&gt;</a>&nbsp;&nbsp;&nbsp;load_queue
<LI><a href="#[1a4]">&gt;&gt;</a>&nbsp;&nbsp;&nbsp;flash_temp_queue_put
<LI><a href="#[c0]">&gt;&gt;</a>&nbsp;&nbsp;&nbsp;Log_Printf
<LI><a href="#[112]">&gt;&gt;</a>&nbsp;&nbsp;&nbsp;adv_data_encode
<LI><a href="#[163]">&gt;&gt;</a>&nbsp;&nbsp;&nbsp;pstorage_load
<LI><a href="#[1a0]">&gt;&gt;</a>&nbsp;&nbsp;&nbsp;flash_memory_put
<LI><a href="#[19e]">&gt;&gt;</a>&nbsp;&nbsp;&nbsp;flash_memory_control_update
<LI><a href="#[19a]">&gt;&gt;</a>&nbsp;&nbsp;&nbsp;flash_memory_Init
<LI><a href="#[134]">&gt;&gt;</a>&nbsp;&nbsp;&nbsp;discovery_complete_evt_trigger
</UL>

<P><STRONG><a name="[19c]"></a>__aeabi_memcpy4</STRONG> (Thumb, 0 bytes, Stack size 8 bytes, memmovea.o(.text))
<BR><BR>[Stack]<UL><LI>Max Depth = 8<LI>Call Chain = __aeabi_memcpy4
</UL>
<BR>[Called By]<UL><LI><a href="#[77]">&gt;&gt;</a>&nbsp;&nbsp;&nbsp;gatts_context_store
<LI><a href="#[19a]">&gt;&gt;</a>&nbsp;&nbsp;&nbsp;flash_memory_Init
</UL>

<P><STRONG><a name="[e1]"></a>__aeabi_memmove</STRONG> (Thumb, 0 bytes, Stack size 8 bytes, memmovea.o(.text))
<BR><BR>[Stack]<UL><LI>Max Depth = 8<LI>Call Chain = __aeabi_memmove
</UL>
<BR>[Called By]<UL><LI><a href="#[2]">&gt;&gt;</a>&nbsp;&nbsp;&nbsp;EncodeData
</UL>

<P><STRONG><a name="[219]"></a>__aeabi_memmove4</STRONG> (Thumb, 0 bytes, Stack size 8 bytes, memmovea.o(.text), UNUSED)

<P><STRONG><a name="[21a]"></a>__aeabi_memmove8</STRONG> (Thumb, 0 bytes, Stack size 8 bytes, memmovea.o(.text), UNUSED)

<P><STRONG><a name="[a0]"></a>__aeabi_memset</STRONG> (Thumb, 14 bytes, Stack size 0 bytes, memseta.o(.text))
<BR><BR>[Called By]<UL><LI><a href="#[a1]">&gt;&gt;</a>&nbsp;&nbsp;&nbsp;_memset$wrapper
<LI><a href="#[9f]">&gt;&gt;</a>&nbsp;&nbsp;&nbsp;__aeabi_memclr
</UL>

<P><STRONG><a name="[21b]"></a>__aeabi_memset4</STRONG> (Thumb, 0 bytes, Stack size 0 bytes, memseta.o(.text), UNUSED)

<P><STRONG><a name="[21c]"></a>__aeabi_memset8</STRONG> (Thumb, 0 bytes, Stack size 0 bytes, memseta.o(.text), UNUSED)

<P><STRONG><a name="[9f]"></a>__aeabi_memclr</STRONG> (Thumb, 4 bytes, Stack size 0 bytes, memseta.o(.text))
<BR><BR>[Calls]<UL><LI><a href="#[a0]">&gt;&gt;</a>&nbsp;&nbsp;&nbsp;__aeabi_memset
</UL>
<BR>[Called By]<UL><LI><a href="#[ef]">&gt;&gt;</a>&nbsp;&nbsp;&nbsp;MessageClearAll
<LI><a href="#[ee]">&gt;&gt;</a>&nbsp;&nbsp;&nbsp;MessageBuildSender
<LI><a href="#[ed]">&gt;&gt;</a>&nbsp;&nbsp;&nbsp;MessageBuildContent
<LI><a href="#[118]">&gt;&gt;</a>&nbsp;&nbsp;&nbsp;ble_ancs_c_init
<LI><a href="#[17]">&gt;&gt;</a>&nbsp;&nbsp;&nbsp;win_pedometer_proc
<LI><a href="#[16]">&gt;&gt;</a>&nbsp;&nbsp;&nbsp;win_main_proc
<LI><a href="#[2]">&gt;&gt;</a>&nbsp;&nbsp;&nbsp;EncodeData
<LI><a href="#[cd]">&gt;&gt;</a>&nbsp;&nbsp;&nbsp;LATIN_GetData
<LI><a href="#[8f]">&gt;&gt;</a>&nbsp;&nbsp;&nbsp;ui_erase_message_notify
<LI><a href="#[90]">&gt;&gt;</a>&nbsp;&nbsp;&nbsp;ui_app_notify
<LI><a href="#[1f]">&gt;&gt;</a>&nbsp;&nbsp;&nbsp;win_shutdown_proc
<LI><a href="#[18]">&gt;&gt;</a>&nbsp;&nbsp;&nbsp;win_sport_proc
</UL>

<P><STRONG><a name="[e0]"></a>__aeabi_memclr4</STRONG> (Thumb, 0 bytes, Stack size 0 bytes, memseta.o(.text))
<BR><BR>[Called By]<UL><LI><a href="#[6b]">&gt;&gt;</a>&nbsp;&nbsp;&nbsp;taskFlash
<LI><a href="#[1b9]">&gt;&gt;</a>&nbsp;&nbsp;&nbsp;osalTimerInit
<LI><a href="#[13a]">&gt;&gt;</a>&nbsp;&nbsp;&nbsp;dm_ble_evt_handler
<LI><a href="#[19a]">&gt;&gt;</a>&nbsp;&nbsp;&nbsp;flash_memory_Init
<LI><a href="#[d]">&gt;&gt;</a>&nbsp;&nbsp;&nbsp;FormatModule
<LI><a href="#[4]">&gt;&gt;</a>&nbsp;&nbsp;&nbsp;EncodeSourceData
<LI><a href="#[2]">&gt;&gt;</a>&nbsp;&nbsp;&nbsp;EncodeData
</UL>

<P><STRONG><a name="[21d]"></a>__aeabi_memclr8</STRONG> (Thumb, 0 bytes, Stack size 0 bytes, memseta.o(.text), UNUSED)

<P><STRONG><a name="[a1]"></a>_memset$wrapper</STRONG> (Thumb, 18 bytes, Stack size 8 bytes, memseta.o(.text), UNUSED)
<BR><BR>[Calls]<UL><LI><a href="#[a0]">&gt;&gt;</a>&nbsp;&nbsp;&nbsp;__aeabi_memset
</UL>

<P><STRONG><a name="[df]"></a>strlen</STRONG> (Thumb, 14 bytes, Stack size 0 bytes, strlen.o(.text))
<BR><BR>[Called By]<UL><LI><a href="#[2]">&gt;&gt;</a>&nbsp;&nbsp;&nbsp;EncodeData
</UL>

<P><STRONG><a name="[18b]"></a>memcmp</STRONG> (Thumb, 26 bytes, Stack size 12 bytes, memcmp.o(.text))
<BR><BR>[Stack]<UL><LI>Max Depth = 12<LI>Call Chain = memcmp
</UL>
<BR>[Called By]<UL><LI><a href="#[13a]">&gt;&gt;</a>&nbsp;&nbsp;&nbsp;dm_ble_evt_handler
<LI><a href="#[77]">&gt;&gt;</a>&nbsp;&nbsp;&nbsp;gatts_context_store
<LI><a href="#[5e]">&gt;&gt;</a>&nbsp;&nbsp;&nbsp;dm_pstorage_cb_handler
</UL>

<P><STRONG><a name="[1bf]"></a>strncmp</STRONG> (Thumb, 30 bytes, Stack size 12 bytes, strncmp.o(.text))
<BR><BR>[Stack]<UL><LI>Max Depth = 12<LI>Call Chain = strncmp
</UL>
<BR>[Called By]<UL><LI><a href="#[1be]">&gt;&gt;</a>&nbsp;&nbsp;&nbsp;notif_attr_print
</UL>

<P><STRONG><a name="[a2]"></a>__aeabi_dadd</STRONG> (Thumb, 322 bytes, Stack size 48 bytes, dadd.o(.text))
<BR><BR>[Stack]<UL><LI>Max Depth = 88<LI>Call Chain = __aeabi_dadd &rArr; _double_epilogue &rArr; _double_round
</UL>
<BR>[Calls]<UL><LI><a href="#[a6]">&gt;&gt;</a>&nbsp;&nbsp;&nbsp;_double_round
<LI><a href="#[a5]">&gt;&gt;</a>&nbsp;&nbsp;&nbsp;_double_epilogue
<LI><a href="#[a4]">&gt;&gt;</a>&nbsp;&nbsp;&nbsp;__aeabi_lasr
<LI><a href="#[a3]">&gt;&gt;</a>&nbsp;&nbsp;&nbsp;__aeabi_llsl
</UL>
<BR>[Called By]<UL><LI><a href="#[16d]">&gt;&gt;</a>&nbsp;&nbsp;&nbsp;unit_update
<LI><a href="#[1ab]">&gt;&gt;</a>&nbsp;&nbsp;&nbsp;heart_comp_init
<LI><a href="#[11a]">&gt;&gt;</a>&nbsp;&nbsp;&nbsp;battery_get_level
<LI><a href="#[1ac]">&gt;&gt;</a>&nbsp;&nbsp;&nbsp;heart_get_comp_blood_pressure_val
<LI><a href="#[1db]">&gt;&gt;</a>&nbsp;&nbsp;&nbsp;show_main_ui_style_2
<LI><a href="#[a8]">&gt;&gt;</a>&nbsp;&nbsp;&nbsp;__aeabi_drsub
<LI><a href="#[a7]">&gt;&gt;</a>&nbsp;&nbsp;&nbsp;__aeabi_dsub
<LI><a href="#[10d]">&gt;&gt;</a>&nbsp;&nbsp;&nbsp;_fp_digits
<LI><a href="#[10a]">&gt;&gt;</a>&nbsp;&nbsp;&nbsp;__kernel_poly
<LI><a href="#[105]">&gt;&gt;</a>&nbsp;&nbsp;&nbsp;__kernel_sin
<LI><a href="#[104]">&gt;&gt;</a>&nbsp;&nbsp;&nbsp;__ieee754_rem_pio2
<LI><a href="#[103]">&gt;&gt;</a>&nbsp;&nbsp;&nbsp;__mathlib_dbl_infnan
</UL>

<P><STRONG><a name="[a7]"></a>__aeabi_dsub</STRONG> (Thumb, 6 bytes, Stack size 0 bytes, dadd.o(.text))
<BR><BR>[Stack]<UL><LI>Max Depth = 88<LI>Call Chain = __aeabi_dsub &rArr; __aeabi_dadd &rArr; _double_epilogue &rArr; _double_round
</UL>
<BR>[Calls]<UL><LI><a href="#[a2]">&gt;&gt;</a>&nbsp;&nbsp;&nbsp;__aeabi_dadd
</UL>
<BR>[Called By]<UL><LI><a href="#[105]">&gt;&gt;</a>&nbsp;&nbsp;&nbsp;__kernel_sin
<LI><a href="#[104]">&gt;&gt;</a>&nbsp;&nbsp;&nbsp;__ieee754_rem_pio2
<LI><a href="#[106]">&gt;&gt;</a>&nbsp;&nbsp;&nbsp;__kernel_cos
</UL>

<P><STRONG><a name="[a8]"></a>__aeabi_drsub</STRONG> (Thumb, 6 bytes, Stack size 0 bytes, dadd.o(.text))
<BR><BR>[Stack]<UL><LI>Max Depth = 88<LI>Call Chain = __aeabi_drsub &rArr; __aeabi_dadd &rArr; _double_epilogue &rArr; _double_round
</UL>
<BR>[Calls]<UL><LI><a href="#[a2]">&gt;&gt;</a>&nbsp;&nbsp;&nbsp;__aeabi_dadd
</UL>
<BR>[Called By]<UL><LI><a href="#[105]">&gt;&gt;</a>&nbsp;&nbsp;&nbsp;__kernel_sin
<LI><a href="#[104]">&gt;&gt;</a>&nbsp;&nbsp;&nbsp;__ieee754_rem_pio2
<LI><a href="#[106]">&gt;&gt;</a>&nbsp;&nbsp;&nbsp;__kernel_cos
</UL>

<P><STRONG><a name="[a9]"></a>__aeabi_dmul</STRONG> (Thumb, 228 bytes, Stack size 48 bytes, dmul.o(.text))
<BR><BR>[Stack]<UL><LI>Max Depth = 88<LI>Call Chain = __aeabi_dmul &rArr; _double_epilogue &rArr; _double_round
</UL>
<BR>[Calls]<UL><LI><a href="#[a5]">&gt;&gt;</a>&nbsp;&nbsp;&nbsp;_double_epilogue
</UL>
<BR>[Called By]<UL><LI><a href="#[16d]">&gt;&gt;</a>&nbsp;&nbsp;&nbsp;unit_update
<LI><a href="#[1ab]">&gt;&gt;</a>&nbsp;&nbsp;&nbsp;heart_comp_init
<LI><a href="#[11a]">&gt;&gt;</a>&nbsp;&nbsp;&nbsp;battery_get_level
<LI><a href="#[1ac]">&gt;&gt;</a>&nbsp;&nbsp;&nbsp;heart_get_comp_blood_pressure_val
<LI><a href="#[1db]">&gt;&gt;</a>&nbsp;&nbsp;&nbsp;show_main_ui_style_2
<LI><a href="#[10d]">&gt;&gt;</a>&nbsp;&nbsp;&nbsp;_fp_digits
<LI><a href="#[10a]">&gt;&gt;</a>&nbsp;&nbsp;&nbsp;__kernel_poly
<LI><a href="#[105]">&gt;&gt;</a>&nbsp;&nbsp;&nbsp;__kernel_sin
<LI><a href="#[104]">&gt;&gt;</a>&nbsp;&nbsp;&nbsp;__ieee754_rem_pio2
<LI><a href="#[10c]">&gt;&gt;</a>&nbsp;&nbsp;&nbsp;__mathlib_dbl_underflow
<LI><a href="#[106]">&gt;&gt;</a>&nbsp;&nbsp;&nbsp;__kernel_cos
</UL>

<P><STRONG><a name="[aa]"></a>__aeabi_ddiv</STRONG> (Thumb, 222 bytes, Stack size 32 bytes, ddiv.o(.text))
<BR><BR>[Stack]<UL><LI>Max Depth = 40<LI>Call Chain = __aeabi_ddiv &rArr; _double_round
</UL>
<BR>[Calls]<UL><LI><a href="#[a6]">&gt;&gt;</a>&nbsp;&nbsp;&nbsp;_double_round
</UL>
<BR>[Called By]<UL><LI><a href="#[16d]">&gt;&gt;</a>&nbsp;&nbsp;&nbsp;unit_update
<LI><a href="#[1ab]">&gt;&gt;</a>&nbsp;&nbsp;&nbsp;heart_comp_init
<LI><a href="#[11a]">&gt;&gt;</a>&nbsp;&nbsp;&nbsp;battery_get_level
<LI><a href="#[1db]">&gt;&gt;</a>&nbsp;&nbsp;&nbsp;show_main_ui_style_2
<LI><a href="#[10d]">&gt;&gt;</a>&nbsp;&nbsp;&nbsp;_fp_digits
<LI><a href="#[102]">&gt;&gt;</a>&nbsp;&nbsp;&nbsp;__mathlib_dbl_invalid
</UL>

<P><STRONG><a name="[ab]"></a>__aeabi_i2d</STRONG> (Thumb, 34 bytes, Stack size 16 bytes, dflti.o(.text))
<BR><BR>[Stack]<UL><LI>Max Depth = 56<LI>Call Chain = __aeabi_i2d &rArr; _double_epilogue &rArr; _double_round
</UL>
<BR>[Calls]<UL><LI><a href="#[a5]">&gt;&gt;</a>&nbsp;&nbsp;&nbsp;_double_epilogue
</UL>
<BR>[Called By]<UL><LI><a href="#[16d]">&gt;&gt;</a>&nbsp;&nbsp;&nbsp;unit_update
<LI><a href="#[1ac]">&gt;&gt;</a>&nbsp;&nbsp;&nbsp;heart_get_comp_blood_pressure_val
<LI><a href="#[1db]">&gt;&gt;</a>&nbsp;&nbsp;&nbsp;show_main_ui_style_2
<LI><a href="#[104]">&gt;&gt;</a>&nbsp;&nbsp;&nbsp;__ieee754_rem_pio2
</UL>

<P><STRONG><a name="[ac]"></a>__aeabi_ui2d</STRONG> (Thumb, 26 bytes, Stack size 16 bytes, dfltui.o(.text))
<BR><BR>[Stack]<UL><LI>Max Depth = 56<LI>Call Chain = __aeabi_ui2d &rArr; _double_epilogue &rArr; _double_round
</UL>
<BR>[Calls]<UL><LI><a href="#[a5]">&gt;&gt;</a>&nbsp;&nbsp;&nbsp;_double_epilogue
</UL>
<BR>[Called By]<UL><LI><a href="#[16d]">&gt;&gt;</a>&nbsp;&nbsp;&nbsp;unit_update
<LI><a href="#[1ab]">&gt;&gt;</a>&nbsp;&nbsp;&nbsp;heart_comp_init
<LI><a href="#[11a]">&gt;&gt;</a>&nbsp;&nbsp;&nbsp;battery_get_level
<LI><a href="#[1ac]">&gt;&gt;</a>&nbsp;&nbsp;&nbsp;heart_get_comp_blood_pressure_val
<LI><a href="#[104]">&gt;&gt;</a>&nbsp;&nbsp;&nbsp;__ieee754_rem_pio2
</UL>

<P><STRONG><a name="[ad]"></a>__aeabi_d2iz</STRONG> (Thumb, 62 bytes, Stack size 16 bytes, dfixi.o(.text))
<BR><BR>[Stack]<UL><LI>Max Depth = 16<LI>Call Chain = __aeabi_d2iz
</UL>
<BR>[Calls]<UL><LI><a href="#[ae]">&gt;&gt;</a>&nbsp;&nbsp;&nbsp;__aeabi_llsr
</UL>
<BR>[Called By]<UL><LI><a href="#[1db]">&gt;&gt;</a>&nbsp;&nbsp;&nbsp;show_main_ui_style_2
<LI><a href="#[104]">&gt;&gt;</a>&nbsp;&nbsp;&nbsp;__ieee754_rem_pio2
<LI><a href="#[106]">&gt;&gt;</a>&nbsp;&nbsp;&nbsp;__kernel_cos
</UL>

<P><STRONG><a name="[af]"></a>__aeabi_d2uiz</STRONG> (Thumb, 50 bytes, Stack size 8 bytes, dfixui.o(.text))
<BR><BR>[Stack]<UL><LI>Max Depth = 8<LI>Call Chain = __aeabi_d2uiz
</UL>
<BR>[Calls]<UL><LI><a href="#[ae]">&gt;&gt;</a>&nbsp;&nbsp;&nbsp;__aeabi_llsr
</UL>
<BR>[Called By]<UL><LI><a href="#[16d]">&gt;&gt;</a>&nbsp;&nbsp;&nbsp;unit_update
<LI><a href="#[1ab]">&gt;&gt;</a>&nbsp;&nbsp;&nbsp;heart_comp_init
<LI><a href="#[1ac]">&gt;&gt;</a>&nbsp;&nbsp;&nbsp;heart_get_comp_blood_pressure_val
</UL>

<P><STRONG><a name="[11b]"></a>__aeabi_f2d</STRONG> (Thumb, 38 bytes, Stack size 0 bytes, f2d.o(.text))
<BR><BR>[Called By]<UL><LI><a href="#[11a]">&gt;&gt;</a>&nbsp;&nbsp;&nbsp;battery_get_level
<LI><a href="#[1ac]">&gt;&gt;</a>&nbsp;&nbsp;&nbsp;heart_get_comp_blood_pressure_val
<LI><a href="#[196]">&gt;&gt;</a>&nbsp;&nbsp;&nbsp;fft_init
<LI><a href="#[1db]">&gt;&gt;</a>&nbsp;&nbsp;&nbsp;show_main_ui_style_2
<LI><a href="#[197]">&gt;&gt;</a>&nbsp;&nbsp;&nbsp;fft_m
</UL>

<P><STRONG><a name="[b0]"></a>__aeabi_d2f</STRONG> (Thumb, 56 bytes, Stack size 8 bytes, d2f.o(.text))
<BR><BR>[Stack]<UL><LI>Max Depth = 8<LI>Call Chain = __aeabi_d2f
</UL>
<BR>[Calls]<UL><LI><a href="#[b1]">&gt;&gt;</a>&nbsp;&nbsp;&nbsp;_float_round
</UL>
<BR>[Called By]<UL><LI><a href="#[16d]">&gt;&gt;</a>&nbsp;&nbsp;&nbsp;unit_update
<LI><a href="#[11a]">&gt;&gt;</a>&nbsp;&nbsp;&nbsp;battery_get_level
<LI><a href="#[196]">&gt;&gt;</a>&nbsp;&nbsp;&nbsp;fft_init
<LI><a href="#[1db]">&gt;&gt;</a>&nbsp;&nbsp;&nbsp;show_main_ui_style_2
<LI><a href="#[197]">&gt;&gt;</a>&nbsp;&nbsp;&nbsp;fft_m
</UL>

<P><STRONG><a name="[21e]"></a>__aeabi_uidiv</STRONG> (Thumb, 0 bytes, Stack size 12 bytes, uidiv.o(.text), UNUSED)

<P><STRONG><a name="[111]"></a>__aeabi_uidivmod</STRONG> (Thumb, 44 bytes, Stack size 12 bytes, uidiv.o(.text), UNUSED)
<BR><BR>[Called By]<UL><LI><a href="#[ff]">&gt;&gt;</a>&nbsp;&nbsp;&nbsp;_printf_core
</UL>

<P><STRONG><a name="[b2]"></a>__aeabi_uldivmod</STRONG> (Thumb, 98 bytes, Stack size 40 bytes, uldiv.o(.text), UNUSED)
<BR><BR>[Calls]<UL><LI><a href="#[ae]">&gt;&gt;</a>&nbsp;&nbsp;&nbsp;__aeabi_llsr
<LI><a href="#[a3]">&gt;&gt;</a>&nbsp;&nbsp;&nbsp;__aeabi_llsl
</UL>
<BR>[Called By]<UL><LI><a href="#[ff]">&gt;&gt;</a>&nbsp;&nbsp;&nbsp;_printf_core
<LI><a href="#[10d]">&gt;&gt;</a>&nbsp;&nbsp;&nbsp;_fp_digits
</UL>

<P><STRONG><a name="[a3]"></a>__aeabi_llsl</STRONG> (Thumb, 30 bytes, Stack size 0 bytes, llshl.o(.text))
<BR><BR>[Called By]<UL><LI><a href="#[a2]">&gt;&gt;</a>&nbsp;&nbsp;&nbsp;__aeabi_dadd
<LI><a href="#[a5]">&gt;&gt;</a>&nbsp;&nbsp;&nbsp;_double_epilogue
<LI><a href="#[b4]">&gt;&gt;</a>&nbsp;&nbsp;&nbsp;__aeabi_d2ulz
<LI><a href="#[b2]">&gt;&gt;</a>&nbsp;&nbsp;&nbsp;__aeabi_uldivmod
</UL>

<P><STRONG><a name="[21f]"></a>_ll_shift_l</STRONG> (Thumb, 0 bytes, Stack size 0 bytes, llshl.o(.text), UNUSED)

<P><STRONG><a name="[ae]"></a>__aeabi_llsr</STRONG> (Thumb, 32 bytes, Stack size 0 bytes, llushr.o(.text))
<BR><BR>[Called By]<UL><LI><a href="#[af]">&gt;&gt;</a>&nbsp;&nbsp;&nbsp;__aeabi_d2uiz
<LI><a href="#[ad]">&gt;&gt;</a>&nbsp;&nbsp;&nbsp;__aeabi_d2iz
<LI><a href="#[a5]">&gt;&gt;</a>&nbsp;&nbsp;&nbsp;_double_epilogue
<LI><a href="#[b4]">&gt;&gt;</a>&nbsp;&nbsp;&nbsp;__aeabi_d2ulz
<LI><a href="#[b3]">&gt;&gt;</a>&nbsp;&nbsp;&nbsp;_dsqrt
<LI><a href="#[b2]">&gt;&gt;</a>&nbsp;&nbsp;&nbsp;__aeabi_uldivmod
</UL>

<P><STRONG><a name="[220]"></a>_ll_ushift_r</STRONG> (Thumb, 0 bytes, Stack size 0 bytes, llushr.o(.text), UNUSED)

<P><STRONG><a name="[a4]"></a>__aeabi_lasr</STRONG> (Thumb, 36 bytes, Stack size 0 bytes, llsshr.o(.text))
<BR><BR>[Called By]<UL><LI><a href="#[a2]">&gt;&gt;</a>&nbsp;&nbsp;&nbsp;__aeabi_dadd
</UL>

<P><STRONG><a name="[221]"></a>_ll_sshift_r</STRONG> (Thumb, 0 bytes, Stack size 0 bytes, llsshr.o(.text), UNUSED)

<P><STRONG><a name="[9e]"></a>_localtime</STRONG> (Thumb, 134 bytes, Stack size 8 bytes, localtime_i.o(.text))
<BR><BR>[Stack]<UL><LI>Max Depth = 8<LI>Call Chain = _localtime
</UL>
<BR>[Called By]<UL><LI><a href="#[9d]">&gt;&gt;</a>&nbsp;&nbsp;&nbsp;mktime
</UL>

<P><STRONG><a name="[222]"></a>__I$use$fp</STRONG> (Thumb, 0 bytes, Stack size 0 bytes, iusefp.o(.text), UNUSED)

<P><STRONG><a name="[b1]"></a>_float_round</STRONG> (Thumb, 18 bytes, Stack size 0 bytes, fepilogue.o(.text))
<BR><BR>[Called By]<UL><LI><a href="#[b0]">&gt;&gt;</a>&nbsp;&nbsp;&nbsp;__aeabi_d2f
</UL>

<P><STRONG><a name="[223]"></a>_float_epilogue</STRONG> (Thumb, 92 bytes, Stack size 4 bytes, fepilogue.o(.text), UNUSED)

<P><STRONG><a name="[a6]"></a>_double_round</STRONG> (Thumb, 30 bytes, Stack size 8 bytes, depilogue.o(.text))
<BR><BR>[Stack]<UL><LI>Max Depth = 8<LI>Call Chain = _double_round
</UL>
<BR>[Called By]<UL><LI><a href="#[aa]">&gt;&gt;</a>&nbsp;&nbsp;&nbsp;__aeabi_ddiv
<LI><a href="#[a2]">&gt;&gt;</a>&nbsp;&nbsp;&nbsp;__aeabi_dadd
<LI><a href="#[a5]">&gt;&gt;</a>&nbsp;&nbsp;&nbsp;_double_epilogue
<LI><a href="#[b3]">&gt;&gt;</a>&nbsp;&nbsp;&nbsp;_dsqrt
</UL>

<P><STRONG><a name="[a5]"></a>_double_epilogue</STRONG> (Thumb, 156 bytes, Stack size 32 bytes, depilogue.o(.text))
<BR><BR>[Stack]<UL><LI>Max Depth = 40<LI>Call Chain = _double_epilogue &rArr; _double_round
</UL>
<BR>[Calls]<UL><LI><a href="#[a6]">&gt;&gt;</a>&nbsp;&nbsp;&nbsp;_double_round
<LI><a href="#[ae]">&gt;&gt;</a>&nbsp;&nbsp;&nbsp;__aeabi_llsr
<LI><a href="#[a3]">&gt;&gt;</a>&nbsp;&nbsp;&nbsp;__aeabi_llsl
</UL>
<BR>[Called By]<UL><LI><a href="#[ab]">&gt;&gt;</a>&nbsp;&nbsp;&nbsp;__aeabi_i2d
<LI><a href="#[ac]">&gt;&gt;</a>&nbsp;&nbsp;&nbsp;__aeabi_ui2d
<LI><a href="#[a9]">&gt;&gt;</a>&nbsp;&nbsp;&nbsp;__aeabi_dmul
<LI><a href="#[a2]">&gt;&gt;</a>&nbsp;&nbsp;&nbsp;__aeabi_dadd
</UL>

<P><STRONG><a name="[b3]"></a>_dsqrt</STRONG> (Thumb, 162 bytes, Stack size 32 bytes, dsqrt.o(.text))
<BR><BR>[Stack]<UL><LI>Max Depth = 40<LI>Call Chain = _dsqrt &rArr; _double_round
</UL>
<BR>[Calls]<UL><LI><a href="#[a6]">&gt;&gt;</a>&nbsp;&nbsp;&nbsp;_double_round
<LI><a href="#[ae]">&gt;&gt;</a>&nbsp;&nbsp;&nbsp;__aeabi_llsr
</UL>
<BR>[Called By]<UL><LI><a href="#[108]">&gt;&gt;</a>&nbsp;&nbsp;&nbsp;__hardfp_sqrt
</UL>

<P><STRONG><a name="[b4]"></a>__aeabi_d2ulz</STRONG> (Thumb, 48 bytes, Stack size 0 bytes, dfixul.o(.text), UNUSED)
<BR><BR>[Calls]<UL><LI><a href="#[ae]">&gt;&gt;</a>&nbsp;&nbsp;&nbsp;__aeabi_llsr
<LI><a href="#[a3]">&gt;&gt;</a>&nbsp;&nbsp;&nbsp;__aeabi_llsl
</UL>
<BR>[Called By]<UL><LI><a href="#[10d]">&gt;&gt;</a>&nbsp;&nbsp;&nbsp;_fp_digits
</UL>

<P><STRONG><a name="[10e]"></a>__aeabi_cdrcmple</STRONG> (Thumb, 48 bytes, Stack size 0 bytes, cdrcmple.o(.text), UNUSED)
<BR><BR>[Called By]<UL><LI><a href="#[10d]">&gt;&gt;</a>&nbsp;&nbsp;&nbsp;_fp_digits
</UL>

<P><STRONG><a name="[9b]"></a>__scatterload</STRONG> (Thumb, 28 bytes, Stack size 0 bytes, init.o(.text))
<BR><BR>[Calls]<UL><LI><a href="#[b5]">&gt;&gt;</a>&nbsp;&nbsp;&nbsp;__main_after_scatterload
</UL>
<BR>[Called By]<UL><LI><a href="#[9a]">&gt;&gt;</a>&nbsp;&nbsp;&nbsp;_main_scatterload
</UL>

<P><STRONG><a name="[224]"></a>__scatterload_rt2</STRONG> (Thumb, 0 bytes, Stack size 0 bytes, init.o(.text), UNUSED)

<P><STRONG><a name="[225]"></a>__decompress</STRONG> (Thumb, 0 bytes, Stack size unknown bytes, __dczerorl2.o(.text), UNUSED)

<P><STRONG><a name="[226]"></a>__decompress1</STRONG> (Thumb, 86 bytes, Stack size unknown bytes, __dczerorl2.o(.text), UNUSED)

<P><STRONG><a name="[b6]"></a>ASCII_GetData</STRONG> (Thumb, 196 bytes, Stack size 16 bytes, hfma2ylib.o(i.ASCII_GetData))
<BR><BR>[Stack]<UL><LI>Max Depth = 48<LI>Call Chain = ASCII_GetData &rArr; r_dat_bat
</UL>
<BR>[Calls]<UL><LI><a href="#[b7]">&gt;&gt;</a>&nbsp;&nbsp;&nbsp;r_dat_bat
</UL>
<BR>[Called By]<UL><LI><a href="#[de]">&gt;&gt;</a>&nbsp;&nbsp;&nbsp;DrawTitle
<LI><a href="#[c6]">&gt;&gt;</a>&nbsp;&nbsp;&nbsp;DrawBody
<LI><a href="#[1d9]">&gt;&gt;</a>&nbsp;&nbsp;&nbsp;ui_show_version
<LI><a href="#[1d8]">&gt;&gt;</a>&nbsp;&nbsp;&nbsp;show_information_val
</UL>

<P><STRONG><a name="[b8]"></a>AccelHandle</STRONG> (Thumb, 82 bytes, Stack size 16 bytes, step_process.o(i.AccelHandle))
<BR><BR>[Stack]<UL><LI>Max Depth = 48<LI>Call Chain = AccelHandle &rArr; Step_main_thread &rArr; calcuZ
</UL>
<BR>[Calls]<UL><LI><a href="#[b9]">&gt;&gt;</a>&nbsp;&nbsp;&nbsp;Step_main_thread
</UL>
<BR>[Called By]<UL><LI><a href="#[71]">&gt;&gt;</a>&nbsp;&nbsp;&nbsp;taskStep
</UL>

<P><STRONG><a name="[a]"></a>AlphabetToBinaly</STRONG> (Thumb, 92 bytes, Stack size 0 bytes, qr_encode.o(i.AlphabetToBinaly))
<BR>[Address Reference Count : 1]<UL><LI> qr_encode.o(.data)
</UL>
<P><STRONG><a name="[140]"></a>BMA_init_spi_pin</STRONG> (Thumb, 52 bytes, Stack size 0 bytes, bma253.o(i.BMA_init_spi_pin))
<BR><BR>[Called By]<UL><LI><a href="#[13f]">&gt;&gt;</a>&nbsp;&nbsp;&nbsp;bma250_init
</UL>

<P><STRONG><a name="[bb]"></a>CYRILLIC_GetData</STRONG> (Thumb, 50 bytes, Stack size 16 bytes, hfma2ylib.o(i.CYRILLIC_GetData))
<BR><BR>[Stack]<UL><LI>Max Depth = 48<LI>Call Chain = CYRILLIC_GetData &rArr; r_dat_bat
</UL>
<BR>[Calls]<UL><LI><a href="#[b7]">&gt;&gt;</a>&nbsp;&nbsp;&nbsp;r_dat_bat
</UL>
<BR>[Called By]<UL><LI><a href="#[de]">&gt;&gt;</a>&nbsp;&nbsp;&nbsp;DrawTitle
<LI><a href="#[c6]">&gt;&gt;</a>&nbsp;&nbsp;&nbsp;DrawBody
</UL>

<P><STRONG><a name="[bc]"></a>Cal_Time</STRONG> (Thumb, 268 bytes, Stack size 28 bytes, clocktick.o(i.Cal_Time))
<BR><BR>[Stack]<UL><LI>Max Depth = 32<LI>Call Chain = Cal_Time &rArr; Get_Week
</UL>
<BR>[Calls]<UL><LI><a href="#[bd]">&gt;&gt;</a>&nbsp;&nbsp;&nbsp;Get_Week
</UL>
<BR>[Called By]<UL><LI><a href="#[71]">&gt;&gt;</a>&nbsp;&nbsp;&nbsp;taskStep
</UL>

<P><STRONG><a name="[be]"></a>ConnectionTerminate</STRONG> (Thumb, 74 bytes, Stack size 8 bytes, task_ble.o(i.ConnectionTerminate))
<BR><BR>[Stack]<UL><LI>Max Depth = 256<LI>Call Chain = ConnectionTerminate &rArr; ble_advertising_start &rArr; ble_advdata_set &rArr; adv_data_encode &rArr; uuid_list_sized_encode
</UL>
<BR>[Calls]<UL><LI><a href="#[c2]">&gt;&gt;</a>&nbsp;&nbsp;&nbsp;osal_start_timerEx
<LI><a href="#[bf]">&gt;&gt;</a>&nbsp;&nbsp;&nbsp;ble_advertising_start
<LI><a href="#[c1]">&gt;&gt;</a>&nbsp;&nbsp;&nbsp;app_error_handler_bare
<LI><a href="#[c0]">&gt;&gt;</a>&nbsp;&nbsp;&nbsp;Log_Printf
</UL>
<BR>[Called By]<UL><LI><a href="#[1f]">&gt;&gt;</a>&nbsp;&nbsp;&nbsp;win_shutdown_proc
</UL>

<P><STRONG><a name="[c3]"></a>Convert_UTC_time</STRONG> (Thumb, 42 bytes, Stack size 48 bytes, clocktick.o(i.Convert_UTC_time))
<BR><BR>[Stack]<UL><LI>Max Depth = 72<LI>Call Chain = Convert_UTC_time &rArr; mktime &rArr; _localtime
</UL>
<BR>[Calls]<UL><LI><a href="#[9d]">&gt;&gt;</a>&nbsp;&nbsp;&nbsp;mktime
</UL>
<BR>[Called By]<UL><LI><a href="#[1e2]">&gt;&gt;</a>&nbsp;&nbsp;&nbsp;sleep_algorithm
<LI><a href="#[f5]">&gt;&gt;</a>&nbsp;&nbsp;&nbsp;SaveSleepdata
</UL>

<P><STRONG><a name="[15]"></a>CountPenalty</STRONG> (Thumb, 914 bytes, Stack size 24 bytes, qr_encode.o(i.CountPenalty))
<BR><BR>[Stack]<UL><LI>Max Depth = 24<LI>Call Chain = CountPenalty
</UL>
<BR>[Address Reference Count : 1]<UL><LI> qr_encode.o(.data)
</UL>
<P><STRONG><a name="[c4]"></a>Debug_ble_send_hex</STRONG> (Thumb, 162 bytes, Stack size 8 bytes, debug.o(i.Debug_ble_send_hex))
<BR><BR>[Stack]<UL><LI>Max Depth = 40<LI>Call Chain = Debug_ble_send_hex &rArr; bt_protocol_tx &rArr; ble_write_bytes &rArr; ble_nus_string_send
</UL>
<BR>[Calls]<UL><LI><a href="#[c5]">&gt;&gt;</a>&nbsp;&nbsp;&nbsp;bt_protocol_tx
</UL>
<BR>[Called By]<UL><LI><a href="#[6f]">&gt;&gt;</a>&nbsp;&nbsp;&nbsp;taskHr
</UL>

<P><STRONG><a name="[cb]"></a>DoRect16x16</STRONG> (Thumb, 128 bytes, Stack size 20 bytes, ui_win_notify.o(i.DoRect16x16))
<BR><BR>[Stack]<UL><LI>Max Depth = 20<LI>Call Chain = DoRect16x16
</UL>
<BR>[Called By]<UL><LI><a href="#[de]">&gt;&gt;</a>&nbsp;&nbsp;&nbsp;DrawTitle
<LI><a href="#[c6]">&gt;&gt;</a>&nbsp;&nbsp;&nbsp;DrawBody
</UL>

<P><STRONG><a name="[c8]"></a>DoRect8x16</STRONG> (Thumb, 128 bytes, Stack size 20 bytes, ui_win_notify.o(i.DoRect8x16))
<BR><BR>[Stack]<UL><LI>Max Depth = 20<LI>Call Chain = DoRect8x16
</UL>
<BR>[Called By]<UL><LI><a href="#[de]">&gt;&gt;</a>&nbsp;&nbsp;&nbsp;DrawTitle
<LI><a href="#[c6]">&gt;&gt;</a>&nbsp;&nbsp;&nbsp;DrawBody
<LI><a href="#[1d9]">&gt;&gt;</a>&nbsp;&nbsp;&nbsp;ui_show_version
<LI><a href="#[1d8]">&gt;&gt;</a>&nbsp;&nbsp;&nbsp;show_information_val
</UL>

<P><STRONG><a name="[d0]"></a>DrawCaloriesValue</STRONG> (Thumb, 112 bytes, Stack size 40 bytes, ui_win_sport.o(i.DrawCaloriesValue))
<BR><BR>[Stack]<UL><LI>Max Depth = 92<LI>Call Chain = DrawCaloriesValue &rArr; DrawUI_Bitmap_Ex
</UL>
<BR>[Calls]<UL><LI><a href="#[d1]">&gt;&gt;</a>&nbsp;&nbsp;&nbsp;DrawUI_Bitmap_Ex
</UL>
<BR>[Called By]<UL><LI><a href="#[dd]">&gt;&gt;</a>&nbsp;&nbsp;&nbsp;DrawSportIconSwimming
<LI><a href="#[dc]">&gt;&gt;</a>&nbsp;&nbsp;&nbsp;DrawSportIconRunning
<LI><a href="#[d8]">&gt;&gt;</a>&nbsp;&nbsp;&nbsp;DrawSportIconBycle
</UL>

<P><STRONG><a name="[d2]"></a>DrawIcon</STRONG> (Thumb, 254 bytes, Stack size 16 bytes, ui_win_notify.o(i.DrawIcon))
<BR><BR>[Stack]<UL><LI>Max Depth = 68<LI>Call Chain = DrawIcon &rArr; DrawUI_Bitmap_Ex
</UL>
<BR>[Calls]<UL><LI><a href="#[d3]">&gt;&gt;</a>&nbsp;&nbsp;&nbsp;draw_bitmap
<LI><a href="#[d1]">&gt;&gt;</a>&nbsp;&nbsp;&nbsp;DrawUI_Bitmap_Ex
</UL>
<BR>[Called By]<UL><LI><a href="#[8e]">&gt;&gt;</a>&nbsp;&nbsp;&nbsp;ui_message_notify
<LI><a href="#[90]">&gt;&gt;</a>&nbsp;&nbsp;&nbsp;ui_app_notify
</UL>

<P><STRONG><a name="[d4]"></a>DrawSleepTimer</STRONG> (Thumb, 390 bytes, Stack size 48 bytes, ui_win_sleep.o(i.DrawSleepTimer))
<BR><BR>[Stack]<UL><LI>Max Depth = 124<LI>Call Chain = DrawSleepTimer &rArr; UI_Draw_Buttom &rArr; DrawUI_Bitmap_Ex
</UL>
<BR>[Calls]<UL><LI><a href="#[d5]">&gt;&gt;</a>&nbsp;&nbsp;&nbsp;draw_fill
<LI><a href="#[d1]">&gt;&gt;</a>&nbsp;&nbsp;&nbsp;DrawUI_Bitmap_Ex
<LI><a href="#[d6]">&gt;&gt;</a>&nbsp;&nbsp;&nbsp;DrawUI_Bitmap
<LI><a href="#[d7]">&gt;&gt;</a>&nbsp;&nbsp;&nbsp;UI_Draw_Buttom
</UL>
<BR>[Called By]<UL><LI><a href="#[1a]">&gt;&gt;</a>&nbsp;&nbsp;&nbsp;win_sleep_proc
</UL>

<P><STRONG><a name="[d8]"></a>DrawSportIconBycle</STRONG> (Thumb, 214 bytes, Stack size 32 bytes, ui_win_sport.o(i.DrawSportIconBycle))
<BR><BR>[Stack]<UL><LI>Max Depth = 132<LI>Call Chain = DrawSportIconBycle &rArr; DrawSportTimer &rArr; DrawUI_Bitmap
</UL>
<BR>[Calls]<UL><LI><a href="#[d9]">&gt;&gt;</a>&nbsp;&nbsp;&nbsp;getUTC
<LI><a href="#[d5]">&gt;&gt;</a>&nbsp;&nbsp;&nbsp;draw_fill
<LI><a href="#[d1]">&gt;&gt;</a>&nbsp;&nbsp;&nbsp;DrawUI_Bitmap_Ex
<LI><a href="#[d6]">&gt;&gt;</a>&nbsp;&nbsp;&nbsp;DrawUI_Bitmap
<LI><a href="#[da]">&gt;&gt;</a>&nbsp;&nbsp;&nbsp;DrawSportTimer
<LI><a href="#[d0]">&gt;&gt;</a>&nbsp;&nbsp;&nbsp;DrawCaloriesValue
</UL>
<BR>[Called By]<UL><LI><a href="#[208]">&gt;&gt;</a>&nbsp;&nbsp;&nbsp;ui_win_sport
</UL>

<P><STRONG><a name="[db]"></a>DrawSportIconMain</STRONG> (Thumb, 132 bytes, Stack size 24 bytes, ui_win_sport.o(i.DrawSportIconMain))
<BR><BR>[Stack]<UL><LI>Max Depth = 76<LI>Call Chain = DrawSportIconMain &rArr; DrawUI_Bitmap_Ex
</UL>
<BR>[Calls]<UL><LI><a href="#[d5]">&gt;&gt;</a>&nbsp;&nbsp;&nbsp;draw_fill
<LI><a href="#[d1]">&gt;&gt;</a>&nbsp;&nbsp;&nbsp;DrawUI_Bitmap_Ex
</UL>
<BR>[Called By]<UL><LI><a href="#[208]">&gt;&gt;</a>&nbsp;&nbsp;&nbsp;ui_win_sport
</UL>

<P><STRONG><a name="[dc]"></a>DrawSportIconRunning</STRONG> (Thumb, 212 bytes, Stack size 32 bytes, ui_win_sport.o(i.DrawSportIconRunning))
<BR><BR>[Stack]<UL><LI>Max Depth = 132<LI>Call Chain = DrawSportIconRunning &rArr; DrawSportTimer &rArr; DrawUI_Bitmap
</UL>
<BR>[Calls]<UL><LI><a href="#[d9]">&gt;&gt;</a>&nbsp;&nbsp;&nbsp;getUTC
<LI><a href="#[d5]">&gt;&gt;</a>&nbsp;&nbsp;&nbsp;draw_fill
<LI><a href="#[d1]">&gt;&gt;</a>&nbsp;&nbsp;&nbsp;DrawUI_Bitmap_Ex
<LI><a href="#[d6]">&gt;&gt;</a>&nbsp;&nbsp;&nbsp;DrawUI_Bitmap
<LI><a href="#[da]">&gt;&gt;</a>&nbsp;&nbsp;&nbsp;DrawSportTimer
<LI><a href="#[d0]">&gt;&gt;</a>&nbsp;&nbsp;&nbsp;DrawCaloriesValue
</UL>
<BR>[Called By]<UL><LI><a href="#[208]">&gt;&gt;</a>&nbsp;&nbsp;&nbsp;ui_win_sport
</UL>

<P><STRONG><a name="[dd]"></a>DrawSportIconSwimming</STRONG> (Thumb, 210 bytes, Stack size 24 bytes, ui_win_sport.o(i.DrawSportIconSwimming))
<BR><BR>[Stack]<UL><LI>Max Depth = 124<LI>Call Chain = DrawSportIconSwimming &rArr; DrawSportTimer &rArr; DrawUI_Bitmap
</UL>
<BR>[Calls]<UL><LI><a href="#[d9]">&gt;&gt;</a>&nbsp;&nbsp;&nbsp;getUTC
<LI><a href="#[d5]">&gt;&gt;</a>&nbsp;&nbsp;&nbsp;draw_fill
<LI><a href="#[d1]">&gt;&gt;</a>&nbsp;&nbsp;&nbsp;DrawUI_Bitmap_Ex
<LI><a href="#[d6]">&gt;&gt;</a>&nbsp;&nbsp;&nbsp;DrawUI_Bitmap
<LI><a href="#[da]">&gt;&gt;</a>&nbsp;&nbsp;&nbsp;DrawSportTimer
<LI><a href="#[d0]">&gt;&gt;</a>&nbsp;&nbsp;&nbsp;DrawCaloriesValue
</UL>
<BR>[Called By]<UL><LI><a href="#[208]">&gt;&gt;</a>&nbsp;&nbsp;&nbsp;ui_win_sport
</UL>

<P><STRONG><a name="[da]"></a>DrawSportTimer</STRONG> (Thumb, 398 bytes, Stack size 48 bytes, ui_win_sport.o(i.DrawSportTimer))
<BR><BR>[Stack]<UL><LI>Max Depth = 100<LI>Call Chain = DrawSportTimer &rArr; DrawUI_Bitmap
</UL>
<BR>[Calls]<UL><LI><a href="#[d6]">&gt;&gt;</a>&nbsp;&nbsp;&nbsp;DrawUI_Bitmap
</UL>
<BR>[Called By]<UL><LI><a href="#[dd]">&gt;&gt;</a>&nbsp;&nbsp;&nbsp;DrawSportIconSwimming
<LI><a href="#[dc]">&gt;&gt;</a>&nbsp;&nbsp;&nbsp;DrawSportIconRunning
<LI><a href="#[d8]">&gt;&gt;</a>&nbsp;&nbsp;&nbsp;DrawSportIconBycle
</UL>

<P><STRONG><a name="[d6]"></a>DrawUI_Bitmap</STRONG> (Thumb, 172 bytes, Stack size 52 bytes, ui_draw.o(i.DrawUI_Bitmap))
<BR><BR>[Stack]<UL><LI>Max Depth = 52<LI>Call Chain = DrawUI_Bitmap
</UL>
<BR>[Called By]<UL><LI><a href="#[1db]">&gt;&gt;</a>&nbsp;&nbsp;&nbsp;show_main_ui_style_2
<LI><a href="#[1da]">&gt;&gt;</a>&nbsp;&nbsp;&nbsp;show_main_ui_style_1
<LI><a href="#[92]">&gt;&gt;</a>&nbsp;&nbsp;&nbsp;ui_alarm_notify
<LI><a href="#[1c]">&gt;&gt;</a>&nbsp;&nbsp;&nbsp;win_camera_proc
<LI><a href="#[1d5]">&gt;&gt;</a>&nbsp;&nbsp;&nbsp;show_alarm
<LI><a href="#[d4]">&gt;&gt;</a>&nbsp;&nbsp;&nbsp;DrawSleepTimer
<LI><a href="#[19]">&gt;&gt;</a>&nbsp;&nbsp;&nbsp;win_hr_proc
<LI><a href="#[207]">&gt;&gt;</a>&nbsp;&nbsp;&nbsp;ui_win_hr_stop
<LI><a href="#[204]">&gt;&gt;</a>&nbsp;&nbsp;&nbsp;ui_win_hr_done
<LI><a href="#[208]">&gt;&gt;</a>&nbsp;&nbsp;&nbsp;ui_win_sport
<LI><a href="#[da]">&gt;&gt;</a>&nbsp;&nbsp;&nbsp;DrawSportTimer
<LI><a href="#[dd]">&gt;&gt;</a>&nbsp;&nbsp;&nbsp;DrawSportIconSwimming
<LI><a href="#[dc]">&gt;&gt;</a>&nbsp;&nbsp;&nbsp;DrawSportIconRunning
<LI><a href="#[d8]">&gt;&gt;</a>&nbsp;&nbsp;&nbsp;DrawSportIconBycle
</UL>

<P><STRONG><a name="[d1]"></a>DrawUI_Bitmap_Ex</STRONG> (Thumb, 134 bytes, Stack size 52 bytes, ui_draw.o(i.DrawUI_Bitmap_Ex))
<BR><BR>[Stack]<UL><LI>Max Depth = 52<LI>Call Chain = DrawUI_Bitmap_Ex
</UL>
<BR>[Called By]<UL><LI><a href="#[1df]">&gt;&gt;</a>&nbsp;&nbsp;&nbsp;show_pedometer_val
<LI><a href="#[1de]">&gt;&gt;</a>&nbsp;&nbsp;&nbsp;show_pedometer
<LI><a href="#[1da]">&gt;&gt;</a>&nbsp;&nbsp;&nbsp;show_main_ui_style_1
<LI><a href="#[fd]">&gt;&gt;</a>&nbsp;&nbsp;&nbsp;UI_Draw_Title_1
<LI><a href="#[fc]">&gt;&gt;</a>&nbsp;&nbsp;&nbsp;UI_Draw_Title
<LI><a href="#[d7]">&gt;&gt;</a>&nbsp;&nbsp;&nbsp;UI_Draw_Buttom
<LI><a href="#[98]">&gt;&gt;</a>&nbsp;&nbsp;&nbsp;ui_sedentary_notify
<LI><a href="#[94]">&gt;&gt;</a>&nbsp;&nbsp;&nbsp;ui_find_me_notify
<LI><a href="#[8c]">&gt;&gt;</a>&nbsp;&nbsp;&nbsp;ui_calling_notify
<LI><a href="#[96]">&gt;&gt;</a>&nbsp;&nbsp;&nbsp;ui_ble_notify
<LI><a href="#[92]">&gt;&gt;</a>&nbsp;&nbsp;&nbsp;ui_alarm_notify
<LI><a href="#[d2]">&gt;&gt;</a>&nbsp;&nbsp;&nbsp;DrawIcon
<LI><a href="#[1c]">&gt;&gt;</a>&nbsp;&nbsp;&nbsp;win_camera_proc
<LI><a href="#[1f]">&gt;&gt;</a>&nbsp;&nbsp;&nbsp;win_shutdown_proc
<LI><a href="#[1d7]">&gt;&gt;</a>&nbsp;&nbsp;&nbsp;show_information
<LI><a href="#[1d6]">&gt;&gt;</a>&nbsp;&nbsp;&nbsp;show_findphone_icon
<LI><a href="#[1d5]">&gt;&gt;</a>&nbsp;&nbsp;&nbsp;show_alarm
<LI><a href="#[d4]">&gt;&gt;</a>&nbsp;&nbsp;&nbsp;DrawSleepTimer
<LI><a href="#[19]">&gt;&gt;</a>&nbsp;&nbsp;&nbsp;win_hr_proc
<LI><a href="#[206]">&gt;&gt;</a>&nbsp;&nbsp;&nbsp;ui_win_hr_ready
<LI><a href="#[205]">&gt;&gt;</a>&nbsp;&nbsp;&nbsp;ui_win_hr_none
<LI><a href="#[208]">&gt;&gt;</a>&nbsp;&nbsp;&nbsp;ui_win_sport
<LI><a href="#[dd]">&gt;&gt;</a>&nbsp;&nbsp;&nbsp;DrawSportIconSwimming
<LI><a href="#[dc]">&gt;&gt;</a>&nbsp;&nbsp;&nbsp;DrawSportIconRunning
<LI><a href="#[db]">&gt;&gt;</a>&nbsp;&nbsp;&nbsp;DrawSportIconMain
<LI><a href="#[d8]">&gt;&gt;</a>&nbsp;&nbsp;&nbsp;DrawSportIconBycle
<LI><a href="#[d0]">&gt;&gt;</a>&nbsp;&nbsp;&nbsp;DrawCaloriesValue
</UL>

<P><STRONG><a name="[1dd]"></a>DrawUI_Bitmap_Rever</STRONG> (Thumb, 134 bytes, Stack size 52 bytes, ui_draw.o(i.DrawUI_Bitmap_Rever))
<BR><BR>[Stack]<UL><LI>Max Depth = 52<LI>Call Chain = DrawUI_Bitmap_Rever
</UL>
<BR>[Called By]<UL><LI><a href="#[1db]">&gt;&gt;</a>&nbsp;&nbsp;&nbsp;show_main_ui_style_2
</UL>

<P><STRONG><a name="[2]"></a>EncodeData</STRONG> (Thumb, 676 bytes, Stack size 56 bytes, qr_encode.o(i.EncodeData))
<BR><BR>[Stack]<UL><LI>Max Depth = 64<LI>Call Chain = EncodeData &rArr; __aeabi_memmove
</UL>
<BR>[Calls]<UL><LI><a href="#[df]">&gt;&gt;</a>&nbsp;&nbsp;&nbsp;strlen
<LI><a href="#[e0]">&gt;&gt;</a>&nbsp;&nbsp;&nbsp;__aeabi_memclr4
<LI><a href="#[9f]">&gt;&gt;</a>&nbsp;&nbsp;&nbsp;__aeabi_memclr
<LI><a href="#[e1]">&gt;&gt;</a>&nbsp;&nbsp;&nbsp;__aeabi_memmove
</UL>
<BR>[Address Reference Count : 1]<UL><LI> qr_encode.o(.data)
</UL>
<P><STRONG><a name="[4]"></a>EncodeSourceData</STRONG> (Thumb, 2014 bytes, Stack size 40 bytes, qr_encode.o(i.EncodeSourceData))
<BR><BR>[Stack]<UL><LI>Max Depth = 40<LI>Call Chain = EncodeSourceData
</UL>
<BR>[Calls]<UL><LI><a href="#[e0]">&gt;&gt;</a>&nbsp;&nbsp;&nbsp;__aeabi_memclr4
</UL>
<BR>[Address Reference Count : 1]<UL><LI> qr_encode.o(.data)
</UL>
<P><STRONG><a name="[cf]"></a>EntryDeepSleepMode</STRONG> (Thumb, 24 bytes, Stack size 8 bytes, spi.o(i.EntryDeepSleepMode))
<BR><BR>[Stack]<UL><LI>Max Depth = 8<LI>Call Chain = EntryDeepSleepMode
</UL>
<BR>[Calls]<UL><LI><a href="#[e2]">&gt;&gt;</a>&nbsp;&nbsp;&nbsp;spi_write_byte
</UL>
<BR>[Called By]<UL><LI><a href="#[70]">&gt;&gt;</a>&nbsp;&nbsp;&nbsp;taskGUI
<LI><a href="#[8e]">&gt;&gt;</a>&nbsp;&nbsp;&nbsp;ui_message_notify
<LI><a href="#[8c]">&gt;&gt;</a>&nbsp;&nbsp;&nbsp;ui_calling_notify
<LI><a href="#[90]">&gt;&gt;</a>&nbsp;&nbsp;&nbsp;ui_app_notify
<LI><a href="#[de]">&gt;&gt;</a>&nbsp;&nbsp;&nbsp;DrawTitle
<LI><a href="#[c6]">&gt;&gt;</a>&nbsp;&nbsp;&nbsp;DrawBody
<LI><a href="#[1d7]">&gt;&gt;</a>&nbsp;&nbsp;&nbsp;show_information
</UL>

<P><STRONG><a name="[c7]"></a>ExitDeepSleepMode</STRONG> (Thumb, 24 bytes, Stack size 8 bytes, spi.o(i.ExitDeepSleepMode))
<BR><BR>[Stack]<UL><LI>Max Depth = 8<LI>Call Chain = ExitDeepSleepMode
</UL>
<BR>[Calls]<UL><LI><a href="#[e2]">&gt;&gt;</a>&nbsp;&nbsp;&nbsp;spi_write_byte
</UL>
<BR>[Called By]<UL><LI><a href="#[70]">&gt;&gt;</a>&nbsp;&nbsp;&nbsp;taskGUI
<LI><a href="#[8e]">&gt;&gt;</a>&nbsp;&nbsp;&nbsp;ui_message_notify
<LI><a href="#[8c]">&gt;&gt;</a>&nbsp;&nbsp;&nbsp;ui_calling_notify
<LI><a href="#[90]">&gt;&gt;</a>&nbsp;&nbsp;&nbsp;ui_app_notify
<LI><a href="#[de]">&gt;&gt;</a>&nbsp;&nbsp;&nbsp;DrawTitle
<LI><a href="#[c6]">&gt;&gt;</a>&nbsp;&nbsp;&nbsp;DrawBody
<LI><a href="#[1d7]">&gt;&gt;</a>&nbsp;&nbsp;&nbsp;show_information
</UL>

<P><STRONG><a name="[4f]"></a>FPU_IRQHandler</STRONG> (Thumb, 18 bytes, Stack size 0 bytes, fpu.o(i.FPU_IRQHandler))
<BR>[Address Reference Count : 1]<UL><LI> arm_startup_nrf52.o(RESET)
</UL>
<P><STRONG><a name="[d]"></a>FormatModule</STRONG> (Thumb, 196 bytes, Stack size 16 bytes, qr_encode.o(i.FormatModule))
<BR><BR>[Stack]<UL><LI>Max Depth = 16<LI>Call Chain = FormatModule
</UL>
<BR>[Calls]<UL><LI><a href="#[e0]">&gt;&gt;</a>&nbsp;&nbsp;&nbsp;__aeabi_memclr4
</UL>
<BR>[Address Reference Count : 1]<UL><LI> qr_encode.o(.data)
</UL>
<P><STRONG><a name="[31]"></a>GPIOTE_IRQHandler</STRONG> (Thumb, 128 bytes, Stack size 16 bytes, irqhandler.o(i.GPIOTE_IRQHandler))
<BR><BR>[Stack]<UL><LI>Max Depth = 16<LI>Call Chain = GPIOTE_IRQHandler
</UL>
<BR>[Calls]<UL><LI><a href="#[e3]">&gt;&gt;</a>&nbsp;&nbsp;&nbsp;osal_set_event
</UL>
<BR>[Address Reference Count : 1]<UL><LI> arm_startup_nrf52.o(RESET)
</UL>
<P><STRONG><a name="[5]"></a>GetBitLength</STRONG> (Thumb, 146 bytes, Stack size 4 bytes, qr_encode.o(i.GetBitLength))
<BR><BR>[Stack]<UL><LI>Max Depth = 4<LI>Call Chain = GetBitLength
</UL>
<BR>[Address Reference Count : 1]<UL><LI> qr_encode.o(.data)
</UL>
<P><STRONG><a name="[3]"></a>GetEncodeVersion</STRONG> (Thumb, 230 bytes, Stack size 24 bytes, qr_encode.o(i.GetEncodeVersion))
<BR><BR>[Stack]<UL><LI>Max Depth = 24<LI>Call Chain = GetEncodeVersion
</UL>
<BR>[Address Reference Count : 1]<UL><LI> qr_encode.o(.data)
</UL>
<P><STRONG><a name="[c]"></a>GetRSCodeWord</STRONG> (Thumb, 140 bytes, Stack size 36 bytes, qr_encode.o(i.GetRSCodeWord))
<BR><BR>[Stack]<UL><LI>Max Depth = 36<LI>Call Chain = GetRSCodeWord
</UL>
<BR>[Address Reference Count : 1]<UL><LI> qr_encode.o(.data)
</UL>
<P><STRONG><a name="[bd]"></a>Get_Week</STRONG> (Thumb, 118 bytes, Stack size 4 bytes, clocktick.o(i.Get_Week))
<BR><BR>[Stack]<UL><LI>Max Depth = 4<LI>Call Chain = Get_Week
</UL>
<BR>[Called By]<UL><LI><a href="#[bc]">&gt;&gt;</a>&nbsp;&nbsp;&nbsp;Cal_Time
</UL>

<P><STRONG><a name="[8]"></a>IsAlphabetData</STRONG> (Thumb, 60 bytes, Stack size 0 bytes, qr_encode.o(i.IsAlphabetData))
<BR>[Address Reference Count : 1]<UL><LI> qr_encode.o(.data)
</UL>
<P><STRONG><a name="[9]"></a>IsKanjiData</STRONG> (Thumb, 48 bytes, Stack size 0 bytes, qr_encode.o(i.IsKanjiData))
<BR>[Address Reference Count : 1]<UL><LI> qr_encode.o(.data)
</UL>
<P><STRONG><a name="[7]"></a>IsNumeralData</STRONG> (Thumb, 12 bytes, Stack size 0 bytes, qr_encode.o(i.IsNumeralData))
<BR>[Address Reference Count : 1]<UL><LI> qr_encode.o(.data)
</UL>
<P><STRONG><a name="[1b2]"></a>JIS_16_GetData</STRONG> (Thumb, 70 bytes, Stack size 8 bytes, hfma2ylib.o(i.JIS_16_GetData))
<BR><BR>[Stack]<UL><LI>Max Depth = 8<LI>Call Chain = JIS_16_GetData
</UL>
<BR>[Called By]<UL><LI><a href="#[ca]">&gt;&gt;</a>&nbsp;&nbsp;&nbsp;hzbmp16
</UL>

<P><STRONG><a name="[1b3]"></a>KSC_16_GetData</STRONG> (Thumb, 66 bytes, Stack size 0 bytes, hfma2ylib.o(i.KSC_16_GetData))
<BR><BR>[Called By]<UL><LI><a href="#[ca]">&gt;&gt;</a>&nbsp;&nbsp;&nbsp;hzbmp16
</UL>

<P><STRONG><a name="[b]"></a>KanjiToBinaly</STRONG> (Thumb, 34 bytes, Stack size 0 bytes, qr_encode.o(i.KanjiToBinaly))
<BR>[Address Reference Count : 1]<UL><LI> qr_encode.o(.data)
</UL>
<P><STRONG><a name="[cd]"></a>LATIN_GetData</STRONG> (Thumb, 122 bytes, Stack size 16 bytes, hfma2ylib.o(i.LATIN_GetData))
<BR><BR>[Stack]<UL><LI>Max Depth = 48<LI>Call Chain = LATIN_GetData &rArr; r_dat_bat
</UL>
<BR>[Calls]<UL><LI><a href="#[b7]">&gt;&gt;</a>&nbsp;&nbsp;&nbsp;r_dat_bat
<LI><a href="#[9f]">&gt;&gt;</a>&nbsp;&nbsp;&nbsp;__aeabi_memclr
</UL>
<BR>[Called By]<UL><LI><a href="#[de]">&gt;&gt;</a>&nbsp;&nbsp;&nbsp;DrawTitle
<LI><a href="#[c6]">&gt;&gt;</a>&nbsp;&nbsp;&nbsp;DrawBody
</UL>

<P><STRONG><a name="[e4]"></a>LCD_Config</STRONG> (Thumb, 486 bytes, Stack size 16 bytes, lcd_st7735.o(i.LCD_Config))
<BR><BR>[Stack]<UL><LI>Max Depth = 36<LI>Call Chain = LCD_Config &rArr; WriteData
</UL>
<BR>[Calls]<UL><LI><a href="#[e5]">&gt;&gt;</a>&nbsp;&nbsp;&nbsp;nrf_delay_ms
<LI><a href="#[e7]">&gt;&gt;</a>&nbsp;&nbsp;&nbsp;WriteData
<LI><a href="#[e6]">&gt;&gt;</a>&nbsp;&nbsp;&nbsp;WriteComm
</UL>
<BR>[Called By]<UL><LI><a href="#[e9]">&gt;&gt;</a>&nbsp;&nbsp;&nbsp;LCD_Init
<LI><a href="#[e8]">&gt;&gt;</a>&nbsp;&nbsp;&nbsp;LCD_Config_Delay
</UL>

<P><STRONG><a name="[e8]"></a>LCD_Config_Delay</STRONG> (Thumb, 14 bytes, Stack size 8 bytes, lcd_st7735.o(i.LCD_Config_Delay))
<BR><BR>[Stack]<UL><LI>Max Depth = 44<LI>Call Chain = LCD_Config_Delay &rArr; LCD_Config &rArr; WriteData
</UL>
<BR>[Calls]<UL><LI><a href="#[e4]">&gt;&gt;</a>&nbsp;&nbsp;&nbsp;LCD_Config
</UL>
<BR>[Called By]<UL><LI><a href="#[70]">&gt;&gt;</a>&nbsp;&nbsp;&nbsp;taskGUI
</UL>

<P><STRONG><a name="[e9]"></a>LCD_Init</STRONG> (Thumb, 14 bytes, Stack size 8 bytes, lcd_st7735.o(i.LCD_Init))
<BR><BR>[Stack]<UL><LI>Max Depth = 44<LI>Call Chain = LCD_Init &rArr; LCD_Config &rArr; WriteData
</UL>
<BR>[Calls]<UL><LI><a href="#[ea]">&gt;&gt;</a>&nbsp;&nbsp;&nbsp;LCD_SPI_Init
<LI><a href="#[e4]">&gt;&gt;</a>&nbsp;&nbsp;&nbsp;LCD_Config
</UL>
<BR>[Called By]<UL><LI><a href="#[70]">&gt;&gt;</a>&nbsp;&nbsp;&nbsp;taskGUI
</UL>

<P><STRONG><a name="[ea]"></a>LCD_SPI_Init</STRONG> (Thumb, 146 bytes, Stack size 4 bytes, lcd_st7735.o(i.LCD_SPI_Init))
<BR><BR>[Stack]<UL><LI>Max Depth = 4<LI>Call Chain = LCD_SPI_Init
</UL>
<BR>[Called By]<UL><LI><a href="#[e9]">&gt;&gt;</a>&nbsp;&nbsp;&nbsp;LCD_Init
<LI><a href="#[184]">&gt;&gt;</a>&nbsp;&nbsp;&nbsp;lcd_display
</UL>

<P><STRONG><a name="[c0]"></a>Log_Printf</STRONG> (Thumb, 114 bytes, Stack size 136 bytes, log.o(i.Log_Printf))
<BR><BR>[Stack]<UL><LI>Max Depth = 160<LI>Call Chain = Log_Printf &rArr; vsnprintf
</UL>
<BR>[Calls]<UL><LI><a href="#[eb]">&gt;&gt;</a>&nbsp;&nbsp;&nbsp;vsnprintf
<LI><a href="#[ec]">&gt;&gt;</a>&nbsp;&nbsp;&nbsp;__aeabi_memcpy
<LI><a href="#[9d]">&gt;&gt;</a>&nbsp;&nbsp;&nbsp;mktime
</UL>
<BR>[Called By]<UL><LI><a href="#[6a]">&gt;&gt;</a>&nbsp;&nbsp;&nbsp;taskBle
<LI><a href="#[be]">&gt;&gt;</a>&nbsp;&nbsp;&nbsp;ConnectionTerminate
</UL>

<P><STRONG><a name="[ed]"></a>MessageBuildContent</STRONG> (Thumb, 72 bytes, Stack size 24 bytes, msgqueue.o(i.MessageBuildContent))
<BR><BR>[Stack]<UL><LI>Max Depth = 32<LI>Call Chain = MessageBuildContent &rArr; __aeabi_memcpy
</UL>
<BR>[Calls]<UL><LI><a href="#[9f]">&gt;&gt;</a>&nbsp;&nbsp;&nbsp;__aeabi_memclr
<LI><a href="#[ec]">&gt;&gt;</a>&nbsp;&nbsp;&nbsp;__aeabi_memcpy
</UL>
<BR>[Called By]<UL><LI><a href="#[16a]">&gt;&gt;</a>&nbsp;&nbsp;&nbsp;handle_notification
<LI><a href="#[1be]">&gt;&gt;</a>&nbsp;&nbsp;&nbsp;notif_attr_print
</UL>

<P><STRONG><a name="[ee]"></a>MessageBuildSender</STRONG> (Thumb, 70 bytes, Stack size 24 bytes, msgqueue.o(i.MessageBuildSender))
<BR><BR>[Stack]<UL><LI>Max Depth = 32<LI>Call Chain = MessageBuildSender &rArr; __aeabi_memcpy
</UL>
<BR>[Calls]<UL><LI><a href="#[9f]">&gt;&gt;</a>&nbsp;&nbsp;&nbsp;__aeabi_memclr
<LI><a href="#[ec]">&gt;&gt;</a>&nbsp;&nbsp;&nbsp;__aeabi_memcpy
</UL>
<BR>[Called By]<UL><LI><a href="#[16a]">&gt;&gt;</a>&nbsp;&nbsp;&nbsp;handle_notification
<LI><a href="#[1be]">&gt;&gt;</a>&nbsp;&nbsp;&nbsp;notif_attr_print
</UL>

<P><STRONG><a name="[ef]"></a>MessageClearAll</STRONG> (Thumb, 40 bytes, Stack size 8 bytes, msgqueue.o(i.MessageClearAll))
<BR><BR>[Stack]<UL><LI>Max Depth = 8<LI>Call Chain = MessageClearAll
</UL>
<BR>[Calls]<UL><LI><a href="#[9f]">&gt;&gt;</a>&nbsp;&nbsp;&nbsp;__aeabi_memclr
</UL>
<BR>[Called By]<UL><LI><a href="#[16a]">&gt;&gt;</a>&nbsp;&nbsp;&nbsp;handle_notification
<LI><a href="#[1be]">&gt;&gt;</a>&nbsp;&nbsp;&nbsp;notif_attr_print
</UL>

<P><STRONG><a name="[20e]"></a>MessageUpdatePage</STRONG> (Thumb, 38 bytes, Stack size 0 bytes, msgqueue.o(i.MessageUpdatePage))
<BR><BR>[Called By]<UL><LI><a href="#[20]">&gt;&gt;</a>&nbsp;&nbsp;&nbsp;win_notify_proc
</UL>

<P><STRONG><a name="[f0]"></a>NOTICE_ADD</STRONG> (Thumb, 16 bytes, Stack size 0 bytes, ui_win_notify.o(i.NOTICE_ADD))
<BR><BR>[Calls]<UL><LI><a href="#[e3]">&gt;&gt;</a>&nbsp;&nbsp;&nbsp;osal_set_event
</UL>
<BR>[Called By]<UL><LI><a href="#[71]">&gt;&gt;</a>&nbsp;&nbsp;&nbsp;taskStep
<LI><a href="#[70]">&gt;&gt;</a>&nbsp;&nbsp;&nbsp;taskGUI
<LI><a href="#[74]">&gt;&gt;</a>&nbsp;&nbsp;&nbsp;taskFinder
<LI><a href="#[16a]">&gt;&gt;</a>&nbsp;&nbsp;&nbsp;handle_notification
<LI><a href="#[1be]">&gt;&gt;</a>&nbsp;&nbsp;&nbsp;notif_attr_print
</UL>

<P><STRONG><a name="[1e3]"></a>Put_the_desktop_process</STRONG> (Thumb, 80 bytes, Stack size 8 bytes, sleep_algorithm.o(i.Put_the_desktop_process))
<BR><BR>[Stack]<UL><LI>Max Depth = 8<LI>Call Chain = Put_the_desktop_process
</UL>
<BR>[Called By]<UL><LI><a href="#[1e2]">&gt;&gt;</a>&nbsp;&nbsp;&nbsp;sleep_algorithm
</UL>

<P><STRONG><a name="[20f]"></a>QR_Copy_Image</STRONG> (Thumb, 152 bytes, Stack size 16 bytes, qr_utils.o(i.QR_Copy_Image))
[...]
</UL>
<BR>[Calls]<UL><LI><a href="#[171]">&gt;&gt;</a>&nbsp;&nbsp;&nbsp;sm_state_change
</UL>
<BR>[Called By]<UL><LI><a href="#[171]">&gt;&gt;</a>&nbsp;&nbsp;&nbsp;sm_state_change
<LI><a href="#[172]">&gt;&gt;</a>&nbsp;&nbsp;&nbsp;cmd_queue_enqueue
</UL>

<P><STRONG><a name="[174]"></a>cmd_queue_element_init</STRONG> (Thumb, 28 bytes, Stack size 0 bytes, pstorage.o(i.cmd_queue_element_init))
<BR><BR>[Called By]<UL><LI><a href="#[173]">&gt;&gt;</a>&nbsp;&nbsp;&nbsp;command_end_procedure_run
</UL>

<P><STRONG><a name="[172]"></a>cmd_queue_enqueue</STRONG> (Thumb, 120 bytes, Stack size 16 bytes, pstorage.o(i.cmd_queue_enqueue))
<BR><BR>[Stack]<UL><LI>Max Depth = 56<LI>Call Chain = cmd_queue_enqueue &rArr; sm_state_change &rArr;  sm_state_change (Cycle)
</UL>
<BR>[Calls]<UL><LI><a href="#[171]">&gt;&gt;</a>&nbsp;&nbsp;&nbsp;sm_state_change
<LI><a href="#[170]">&gt;&gt;</a>&nbsp;&nbsp;&nbsp;clear_operation_execute
</UL>
<BR>[Called By]<UL><LI><a href="#[5d]">&gt;&gt;</a>&nbsp;&nbsp;&nbsp;pstorage_update
<LI><a href="#[5b]">&gt;&gt;</a>&nbsp;&nbsp;&nbsp;pstorage_store
<LI><a href="#[18d]">&gt;&gt;</a>&nbsp;&nbsp;&nbsp;pstorage_clear
</UL>

<P><STRONG><a name="[173]"></a>command_end_procedure_run</STRONG> (Thumb, 84 bytes, Stack size 16 bytes, pstorage.o(i.command_end_procedure_run))
<BR><BR>[Stack]<UL><LI>Max Depth = 56<LI>Call Chain = command_end_procedure_run &rArr; sm_state_change &rArr;  sm_state_change (Cycle)
</UL>
<BR>[Calls]<UL><LI><a href="#[171]">&gt;&gt;</a>&nbsp;&nbsp;&nbsp;sm_state_change
<LI><a href="#[174]">&gt;&gt;</a>&nbsp;&nbsp;&nbsp;cmd_queue_element_init
</UL>
<BR>[Called By]<UL><LI><a href="#[8a]">&gt;&gt;</a>&nbsp;&nbsp;&nbsp;tail_restore_state_run
<LI><a href="#[8b]">&gt;&gt;</a>&nbsp;&nbsp;&nbsp;head_restore_state_run
<LI><a href="#[1a1]">&gt;&gt;</a>&nbsp;&nbsp;&nbsp;flash_operation_success_run
<LI><a href="#[89]">&gt;&gt;</a>&nbsp;&nbsp;&nbsp;data_page_erase_state_run
</UL>

<P><STRONG><a name="[89]"></a>data_page_erase_state_run</STRONG> (Thumb, 140 bytes, Stack size 16 bytes, pstorage.o(i.data_page_erase_state_run))
<BR><BR>[Stack]<UL><LI>Max Depth = 72<LI>Call Chain = data_page_erase_state_run &rArr; command_end_procedure_run &rArr; sm_state_change &rArr;  sm_state_change (Cycle)
</UL>
<BR>[Calls]<UL><LI><a href="#[176]">&gt;&gt;</a>&nbsp;&nbsp;&nbsp;swap_sub_state_err_busy_process
<LI><a href="#[171]">&gt;&gt;</a>&nbsp;&nbsp;&nbsp;sm_state_change
<LI><a href="#[177]">&gt;&gt;</a>&nbsp;&nbsp;&nbsp;is_page_erase_required
<LI><a href="#[173]">&gt;&gt;</a>&nbsp;&nbsp;&nbsp;command_end_procedure_run
</UL>
<BR>[Address Reference Count : 1]<UL><LI> pstorage.o(.constdata)
</UL>
<P><STRONG><a name="[88]"></a>data_to_swap_write_state_run</STRONG> (Thumb, 36 bytes, Stack size 0 bytes, pstorage.o(i.data_to_swap_write_state_run))
<BR><BR>[Calls]<UL><LI><a href="#[176]">&gt;&gt;</a>&nbsp;&nbsp;&nbsp;swap_sub_state_err_busy_process
</UL>
<BR>[Address Reference Count : 1]<UL><LI> pstorage.o(.constdata)
</UL>
<P><STRONG><a name="[1a1]"></a>flash_operation_success_run</STRONG> (Thumb, 156 bytes, Stack size 16 bytes, pstorage.o(i.flash_operation_success_run))
<BR><BR>[Stack]<UL><LI>Max Depth = 72<LI>Call Chain = flash_operation_success_run &rArr; command_end_procedure_run &rArr; sm_state_change &rArr;  sm_state_change (Cycle)
</UL>
<BR>[Calls]<UL><LI><a href="#[1a2]">&gt;&gt;</a>&nbsp;&nbsp;&nbsp;store_cmd_flash_write_execute
<LI><a href="#[171]">&gt;&gt;</a>&nbsp;&nbsp;&nbsp;sm_state_change
<LI><a href="#[177]">&gt;&gt;</a>&nbsp;&nbsp;&nbsp;is_page_erase_required
<LI><a href="#[173]">&gt;&gt;</a>&nbsp;&nbsp;&nbsp;command_end_procedure_run
</UL>
<BR>[Called By]<UL><LI><a href="#[1d3]">&gt;&gt;</a>&nbsp;&nbsp;&nbsp;pstorage_sys_event_handler
</UL>

<P><STRONG><a name="[1a3]"></a>flash_page_erase</STRONG> (Thumb, 82 bytes, Stack size 16 bytes, pstorage.o(i.flash_page_erase))
<BR><BR>[Stack]<UL><LI>Max Depth = 16 + In Cycle
<LI>Call Chain = flash_page_erase &rArr;  sm_state_change (Cycle)
</UL>
<BR>[Calls]<UL><LI><a href="#[171]">&gt;&gt;</a>&nbsp;&nbsp;&nbsp;sm_state_change
</UL>
<BR>[Called By]<UL><LI><a href="#[82]">&gt;&gt;</a>&nbsp;&nbsp;&nbsp;state_swap_erase_entry_run
<LI><a href="#[84]">&gt;&gt;</a>&nbsp;&nbsp;&nbsp;state_erase_data_page_entry_run
<LI><a href="#[171]">&gt;&gt;</a>&nbsp;&nbsp;&nbsp;sm_state_change
</UL>

<P><STRONG><a name="[1a5]"></a>flash_write</STRONG> (Thumb, 82 bytes, Stack size 16 bytes, pstorage.o(i.flash_write))
<BR><BR>[Stack]<UL><LI>Max Depth = 16 + In Cycle
<LI>Call Chain = flash_write &rArr;  sm_state_change (Cycle)
</UL>
<BR>[Calls]<UL><LI><a href="#[171]">&gt;&gt;</a>&nbsp;&nbsp;&nbsp;sm_state_change
</UL>
<BR>[Called By]<UL><LI><a href="#[1a2]">&gt;&gt;</a>&nbsp;&nbsp;&nbsp;store_cmd_flash_write_execute
<LI><a href="#[83]">&gt;&gt;</a>&nbsp;&nbsp;&nbsp;state_write_data_swap_entry_run
<LI><a href="#[85]">&gt;&gt;</a>&nbsp;&nbsp;&nbsp;state_restore_tail_entry_run
<LI><a href="#[86]">&gt;&gt;</a>&nbsp;&nbsp;&nbsp;state_restore_head_entry_run
</UL>

<P><STRONG><a name="[8b]"></a>head_restore_state_run</STRONG> (Thumb, 162 bytes, Stack size 24 bytes, pstorage.o(i.head_restore_state_run))
<BR><BR>[Stack]<UL><LI>Max Depth = 80<LI>Call Chain = head_restore_state_run &rArr; command_end_procedure_run &rArr; sm_state_change &rArr;  sm_state_change (Cycle)
</UL>
<BR>[Calls]<UL><LI><a href="#[176]">&gt;&gt;</a>&nbsp;&nbsp;&nbsp;swap_sub_state_err_busy_process
<LI><a href="#[171]">&gt;&gt;</a>&nbsp;&nbsp;&nbsp;sm_state_change
<LI><a href="#[177]">&gt;&gt;</a>&nbsp;&nbsp;&nbsp;is_page_erase_required
<LI><a href="#[173]">&gt;&gt;</a>&nbsp;&nbsp;&nbsp;command_end_procedure_run
</UL>
<BR>[Address Reference Count : 1]<UL><LI> pstorage.o(.constdata)
</UL>
<P><STRONG><a name="[177]"></a>is_page_erase_required</STRONG> (Thumb, 58 bytes, Stack size 0 bytes, pstorage.o(i.is_page_erase_required))
<BR><BR>[Called By]<UL><LI><a href="#[8b]">&gt;&gt;</a>&nbsp;&nbsp;&nbsp;head_restore_state_run
<LI><a href="#[1a1]">&gt;&gt;</a>&nbsp;&nbsp;&nbsp;flash_operation_success_run
<LI><a href="#[89]">&gt;&gt;</a>&nbsp;&nbsp;&nbsp;data_page_erase_state_run
</UL>

<P><STRONG><a name="[171]"></a>sm_state_change</STRONG> (Thumb, 216 bytes, Stack size 8 bytes, pstorage.o(i.sm_state_change))
<BR><BR>[Stack]<UL><LI>Max Depth = 40 + In Cycle
<LI>Call Chain = sm_state_change &rArr;  sm_state_change (Cycle)
</UL>
<BR>[Calls]<UL><LI><a href="#[1a2]">&gt;&gt;</a>&nbsp;&nbsp;&nbsp;store_cmd_flash_write_execute
<LI><a href="#[171]">&gt;&gt;</a>&nbsp;&nbsp;&nbsp;sm_state_change
<LI><a href="#[1a3]">&gt;&gt;</a>&nbsp;&nbsp;&nbsp;flash_page_erase
<LI><a href="#[170]">&gt;&gt;</a>&nbsp;&nbsp;&nbsp;clear_operation_execute
</UL>
<BR>[Called By]<UL><LI><a href="#[1d3]">&gt;&gt;</a>&nbsp;&nbsp;&nbsp;pstorage_sys_event_handler
<LI><a href="#[8a]">&gt;&gt;</a>&nbsp;&nbsp;&nbsp;tail_restore_state_run
<LI><a href="#[171]">&gt;&gt;</a>&nbsp;&nbsp;&nbsp;sm_state_change
<LI><a href="#[8b]">&gt;&gt;</a>&nbsp;&nbsp;&nbsp;head_restore_state_run
<LI><a href="#[1a5]">&gt;&gt;</a>&nbsp;&nbsp;&nbsp;flash_write
<LI><a href="#[1a3]">&gt;&gt;</a>&nbsp;&nbsp;&nbsp;flash_page_erase
<LI><a href="#[1a1]">&gt;&gt;</a>&nbsp;&nbsp;&nbsp;flash_operation_success_run
<LI><a href="#[89]">&gt;&gt;</a>&nbsp;&nbsp;&nbsp;data_page_erase_state_run
<LI><a href="#[173]">&gt;&gt;</a>&nbsp;&nbsp;&nbsp;command_end_procedure_run
<LI><a href="#[172]">&gt;&gt;</a>&nbsp;&nbsp;&nbsp;cmd_queue_enqueue
<LI><a href="#[170]">&gt;&gt;</a>&nbsp;&nbsp;&nbsp;clear_operation_execute
</UL>

<P><STRONG><a name="[84]"></a>state_erase_data_page_entry_run</STRONG> (Thumb, 8 bytes, Stack size 0 bytes, pstorage.o(i.state_erase_data_page_entry_run))
<BR><BR>[Stack]<UL><LI>Max Depth = 16<LI>Call Chain = state_erase_data_page_entry_run &rArr; flash_page_erase &rArr;  sm_state_change (Cycle)
</UL>
<BR>[Calls]<UL><LI><a href="#[1a3]">&gt;&gt;</a>&nbsp;&nbsp;&nbsp;flash_page_erase
</UL>
<BR>[Address Reference Count : 1]<UL><LI> pstorage.o(.constdata)
</UL>
<P><STRONG><a name="[86]"></a>state_restore_head_entry_run</STRONG> (Thumb, 54 bytes, Stack size 0 bytes, pstorage.o(i.state_restore_head_entry_run))
<BR><BR>[Stack]<UL><LI>Max Depth = 16<LI>Call Chain = state_restore_head_entry_run &rArr; flash_write &rArr;  sm_state_change (Cycle)
</UL>
<BR>[Calls]<UL><LI><a href="#[1a5]">&gt;&gt;</a>&nbsp;&nbsp;&nbsp;flash_write
</UL>
<BR>[Address Reference Count : 1]<UL><LI> pstorage.o(.constdata)
</UL>
<P><STRONG><a name="[85]"></a>state_restore_tail_entry_run</STRONG> (Thumb, 88 bytes, Stack size 0 bytes, pstorage.o(i.state_restore_tail_entry_run))
<BR><BR>[Stack]<UL><LI>Max Depth = 16<LI>Call Chain = state_restore_tail_entry_run &rArr; flash_write &rArr;  sm_state_change (Cycle)
</UL>
<BR>[Calls]<UL><LI><a href="#[1a5]">&gt;&gt;</a>&nbsp;&nbsp;&nbsp;flash_write
</UL>
<BR>[Address Reference Count : 1]<UL><LI> pstorage.o(.constdata)
</UL>
<P><STRONG><a name="[82]"></a>state_swap_erase_entry_run</STRONG> (Thumb, 48 bytes, Stack size 0 bytes, pstorage.o(i.state_swap_erase_entry_run))
<BR><BR>[Stack]<UL><LI>Max Depth = 16<LI>Call Chain = state_swap_erase_entry_run &rArr; flash_page_erase &rArr;  sm_state_change (Cycle)
</UL>
<BR>[Calls]<UL><LI><a href="#[1a3]">&gt;&gt;</a>&nbsp;&nbsp;&nbsp;flash_page_erase
</UL>
<BR>[Address Reference Count : 1]<UL><LI> pstorage.o(.constdata)
</UL>
<P><STRONG><a name="[83]"></a>state_write_data_swap_entry_run</STRONG> (Thumb, 64 bytes, Stack size 0 bytes, pstorage.o(i.state_write_data_swap_entry_run))
<BR><BR>[Stack]<UL><LI>Max Depth = 16<LI>Call Chain = state_write_data_swap_entry_run &rArr; flash_write &rArr;  sm_state_change (Cycle)
</UL>
<BR>[Calls]<UL><LI><a href="#[1a5]">&gt;&gt;</a>&nbsp;&nbsp;&nbsp;flash_write
</UL>
<BR>[Address Reference Count : 1]<UL><LI> pstorage.o(.constdata)
</UL>
<P><STRONG><a name="[1a2]"></a>store_cmd_flash_write_execute</STRONG> (Thumb, 92 bytes, Stack size 16 bytes, pstorage.o(i.store_cmd_flash_write_execute))
<BR><BR>[Stack]<UL><LI>Max Depth = 32<LI>Call Chain = store_cmd_flash_write_execute &rArr; flash_write &rArr;  sm_state_change (Cycle)
</UL>
<BR>[Calls]<UL><LI><a href="#[1a5]">&gt;&gt;</a>&nbsp;&nbsp;&nbsp;flash_write
</UL>
<BR>[Called By]<UL><LI><a href="#[171]">&gt;&gt;</a>&nbsp;&nbsp;&nbsp;sm_state_change
<LI><a href="#[1a1]">&gt;&gt;</a>&nbsp;&nbsp;&nbsp;flash_operation_success_run
</UL>

<P><STRONG><a name="[87]"></a>swap_erase_state_run</STRONG> (Thumb, 24 bytes, Stack size 0 bytes, pstorage.o(i.swap_erase_state_run))
<BR><BR>[Calls]<UL><LI><a href="#[176]">&gt;&gt;</a>&nbsp;&nbsp;&nbsp;swap_sub_state_err_busy_process
</UL>
<BR>[Address Reference Count : 1]<UL><LI> pstorage.o(.constdata)
</UL>
<P><STRONG><a name="[176]"></a>swap_sub_state_err_busy_process</STRONG> (Thumb, 20 bytes, Stack size 0 bytes, pstorage.o(i.swap_sub_state_err_busy_process))
<BR><BR>[Called By]<UL><LI><a href="#[8a]">&gt;&gt;</a>&nbsp;&nbsp;&nbsp;tail_restore_state_run
<LI><a href="#[87]">&gt;&gt;</a>&nbsp;&nbsp;&nbsp;swap_erase_state_run
<LI><a href="#[8b]">&gt;&gt;</a>&nbsp;&nbsp;&nbsp;head_restore_state_run
<LI><a href="#[88]">&gt;&gt;</a>&nbsp;&nbsp;&nbsp;data_to_swap_write_state_run
<LI><a href="#[89]">&gt;&gt;</a>&nbsp;&nbsp;&nbsp;data_page_erase_state_run
</UL>

<P><STRONG><a name="[8a]"></a>tail_restore_state_run</STRONG> (Thumb, 42 bytes, Stack size 0 bytes, pstorage.o(i.tail_restore_state_run))
<BR><BR>[Stack]<UL><LI>Max Depth = 56<LI>Call Chain = tail_restore_state_run &rArr; command_end_procedure_run &rArr; sm_state_change &rArr;  sm_state_change (Cycle)
</UL>
<BR>[Calls]<UL><LI><a href="#[176]">&gt;&gt;</a>&nbsp;&nbsp;&nbsp;swap_sub_state_err_busy_process
<LI><a href="#[171]">&gt;&gt;</a>&nbsp;&nbsp;&nbsp;sm_state_change
<LI><a href="#[173]">&gt;&gt;</a>&nbsp;&nbsp;&nbsp;command_end_procedure_run
</UL>
<BR>[Address Reference Count : 1]<UL><LI> pstorage.o(.constdata)
</UL>
<P><STRONG><a name="[58]"></a>BMA2x2_SPI_bus_read</STRONG> (Thumb, 84 bytes, Stack size 32 bytes, bma253.o(i.BMA2x2_SPI_bus_read))
<BR><BR>[Stack]<UL><LI>Max Depth = 32<LI>Call Chain = BMA2x2_SPI_bus_read
</UL>
<BR>[Calls]<UL><LI><a href="#[ba]">&gt;&gt;</a>&nbsp;&nbsp;&nbsp;spi_transfer
</UL>
<BR>[Address Reference Count : 1]<UL><LI> bma253.o(i.bma250_init)
</UL>
<P><STRONG><a name="[57]"></a>BMA2x2_SPI_bus_write</STRONG> (Thumb, 78 bytes, Stack size 32 bytes, bma253.o(i.BMA2x2_SPI_bus_write))
<BR><BR>[Stack]<UL><LI>Max Depth = 32<LI>Call Chain = BMA2x2_SPI_bus_write
</UL>
<BR>[Calls]<UL><LI><a href="#[ba]">&gt;&gt;</a>&nbsp;&nbsp;&nbsp;spi_transfer
</UL>
<BR>[Address Reference Count : 1]<UL><LI> bma253.o(i.bma250_init)
</UL>
<P><STRONG><a name="[59]"></a>BMA2x2_delay_msek</STRONG> (Thumb, 26 bytes, Stack size 0 bytes, bma253.o(i.BMA2x2_delay_msek))
<BR>[Address Reference Count : 1]<UL><LI> bma253.o(i.bma250_init)
</UL>
<P><STRONG><a name="[55]"></a>apple_notification_error_handler</STRONG> (Thumb, 4 bytes, Stack size 0 bytes, ancs.o(i.apple_notification_error_handler))
<BR><BR>[Stack]<UL><LI>Max Depth = 16<LI>Call Chain = apple_notification_error_handler &rArr; app_error_handler_bare
</UL>
<BR>[Calls]<UL><LI><a href="#[c1]">&gt;&gt;</a>&nbsp;&nbsp;&nbsp;app_error_handler_bare
</UL>
<BR>[Address Reference Count : 1]<UL><LI> ancs.o(i.ancs_service_init)
</UL>
<P><STRONG><a name="[5a]"></a>db_disc_handler</STRONG> (Thumb, 8 bytes, Stack size 0 bytes, ancs.o(i.db_disc_handler))
<BR><BR>[Stack]<UL><LI>Max Depth = 88<LI>Call Chain = db_disc_handler &rArr; ble_ancs_c_on_db_disc_evt
</UL>
<BR>[Calls]<UL><LI><a href="#[178]">&gt;&gt;</a>&nbsp;&nbsp;&nbsp;ble_ancs_c_on_db_disc_evt
</UL>
<BR>[Address Reference Count : 1]<UL><LI> ancs.o(i.db_discovery_init)
</UL>
<P><STRONG><a name="[1be]"></a>notif_attr_print</STRONG> (Thumb, 814 bytes, Stack size 40 bytes, ancs.o(i.notif_attr_print))
<BR><BR>[Stack]<UL><LI>Max Depth = 72<LI>Call Chain = notif_attr_print &rArr; MessageBuildSender &rArr; __aeabi_memcpy
</UL>
<BR>[Calls]<UL><LI><a href="#[f0]">&gt;&gt;</a>&nbsp;&nbsp;&nbsp;NOTICE_ADD
<LI><a href="#[ef]">&gt;&gt;</a>&nbsp;&nbsp;&nbsp;MessageClearAll
<LI><a href="#[ee]">&gt;&gt;</a>&nbsp;&nbsp;&nbsp;MessageBuildSender
<LI><a href="#[ed]">&gt;&gt;</a>&nbsp;&nbsp;&nbsp;MessageBuildContent
<LI><a href="#[1c0]">&gt;&gt;</a>&nbsp;&nbsp;&nbsp;enc_utf8_to_unicode_one
<LI><a href="#[1c1]">&gt;&gt;</a>&nbsp;&nbsp;&nbsp;enc_get_utf8_size
<LI><a href="#[1bf]">&gt;&gt;</a>&nbsp;&nbsp;&nbsp;strncmp
</UL>
<BR>[Called By]<UL><LI><a href="#[54]">&gt;&gt;</a>&nbsp;&nbsp;&nbsp;on_ancs_c_evt
</UL>

<P><STRONG><a name="[54]"></a>on_ancs_c_evt</STRONG> (Thumb, 140 bytes, Stack size 8 bytes, ancs.o(i.on_ancs_c_evt))
<BR><BR>[Stack]<UL><LI>Max Depth = 80<LI>Call Chain = on_ancs_c_evt &rArr; notif_attr_print &rArr; MessageBuildSender &rArr; __aeabi_memcpy
</UL>
<BR>[Calls]<UL><LI><a href="#[1c3]">&gt;&gt;</a>&nbsp;&nbsp;&nbsp;notify_remove
<LI><a href="#[e5]">&gt;&gt;</a>&nbsp;&nbsp;&nbsp;nrf_delay_ms
<LI><a href="#[c1]">&gt;&gt;</a>&nbsp;&nbsp;&nbsp;app_error_handler_bare
<LI><a href="#[12b]">&gt;&gt;</a>&nbsp;&nbsp;&nbsp;ble_ancs_c_request_attrs
<LI><a href="#[127]">&gt;&gt;</a>&nbsp;&nbsp;&nbsp;ble_ancs_c_notif_source_notif_enable
<LI><a href="#[1c2]">&gt;&gt;</a>&nbsp;&nbsp;&nbsp;ble_ancs_c_handles_assign
<LI><a href="#[124]">&gt;&gt;</a>&nbsp;&nbsp;&nbsp;ble_ancs_c_data_source_notif_enable
<LI><a href="#[1be]">&gt;&gt;</a>&nbsp;&nbsp;&nbsp;notif_attr_print
</UL>
<BR>[Address Reference Count : 1]<UL><LI> ancs.o(i.ancs_service_init)
</UL>
<P><STRONG><a name="[c6]"></a>DrawBody</STRONG> (Thumb, 440 bytes, Stack size 40 bytes, ui_win_notify.o(i.DrawBody))
<BR><BR>[Stack]<UL><LI>Max Depth = 256<LI>Call Chain = DrawBody &rArr; hzbmp16 &rArr; decompressbmp16 &rArr; unziphfmex &rArr; r_dat_bat
</UL>
<BR>[Calls]<UL><LI><a href="#[c7]">&gt;&gt;</a>&nbsp;&nbsp;&nbsp;ExitDeepSleepMode
<LI><a href="#[cf]">&gt;&gt;</a>&nbsp;&nbsp;&nbsp;EntryDeepSleepMode
<LI><a href="#[ca]">&gt;&gt;</a>&nbsp;&nbsp;&nbsp;hzbmp16
<LI><a href="#[c9]">&gt;&gt;</a>&nbsp;&nbsp;&nbsp;U2K
<LI><a href="#[cc]">&gt;&gt;</a>&nbsp;&nbsp;&nbsp;U2J
<LI><a href="#[ce]">&gt;&gt;</a>&nbsp;&nbsp;&nbsp;U2G
<LI><a href="#[cd]">&gt;&gt;</a>&nbsp;&nbsp;&nbsp;LATIN_GetData
<LI><a href="#[bb]">&gt;&gt;</a>&nbsp;&nbsp;&nbsp;CYRILLIC_GetData
<LI><a href="#[cb]">&gt;&gt;</a>&nbsp;&nbsp;&nbsp;DoRect16x16
<LI><a href="#[c8]">&gt;&gt;</a>&nbsp;&nbsp;&nbsp;DoRect8x16
<LI><a href="#[b6]">&gt;&gt;</a>&nbsp;&nbsp;&nbsp;ASCII_GetData
</UL>
<BR>[Called By]<UL><LI><a href="#[8e]">&gt;&gt;</a>&nbsp;&nbsp;&nbsp;ui_message_notify
<LI><a href="#[90]">&gt;&gt;</a>&nbsp;&nbsp;&nbsp;ui_app_notify
</UL>

<P><STRONG><a name="[de]"></a>DrawTitle</STRONG> (Thumb, 526 bytes, Stack size 40 bytes, ui_win_notify.o(i.DrawTitle))
<BR><BR>[Stack]<UL><LI>Max Depth = 256<LI>Call Chain = DrawTitle &rArr; hzbmp16 &rArr; decompressbmp16 &rArr; unziphfmex &rArr; r_dat_bat
</UL>
<BR>[Calls]<UL><LI><a href="#[c7]">&gt;&gt;</a>&nbsp;&nbsp;&nbsp;ExitDeepSleepMode
<LI><a href="#[cf]">&gt;&gt;</a>&nbsp;&nbsp;&nbsp;EntryDeepSleepMode
<LI><a href="#[ca]">&gt;&gt;</a>&nbsp;&nbsp;&nbsp;hzbmp16
<LI><a href="#[c9]">&gt;&gt;</a>&nbsp;&nbsp;&nbsp;U2K
<LI><a href="#[cc]">&gt;&gt;</a>&nbsp;&nbsp;&nbsp;U2J
<LI><a href="#[ce]">&gt;&gt;</a>&nbsp;&nbsp;&nbsp;U2G
<LI><a href="#[cd]">&gt;&gt;</a>&nbsp;&nbsp;&nbsp;LATIN_GetData
<LI><a href="#[bb]">&gt;&gt;</a>&nbsp;&nbsp;&nbsp;CYRILLIC_GetData
<LI><a href="#[cb]">&gt;&gt;</a>&nbsp;&nbsp;&nbsp;DoRect16x16
<LI><a href="#[c8]">&gt;&gt;</a>&nbsp;&nbsp;&nbsp;DoRect8x16
<LI><a href="#[b6]">&gt;&gt;</a>&nbsp;&nbsp;&nbsp;ASCII_GetData
</UL>
<BR>[Called By]<UL><LI><a href="#[1e0]">&gt;&gt;</a>&nbsp;&nbsp;&nbsp;show_ui_version
<LI><a href="#[8e]">&gt;&gt;</a>&nbsp;&nbsp;&nbsp;ui_message_notify
<LI><a href="#[8c]">&gt;&gt;</a>&nbsp;&nbsp;&nbsp;ui_calling_notify
<LI><a href="#[90]">&gt;&gt;</a>&nbsp;&nbsp;&nbsp;ui_app_notify
</UL>

<P><STRONG><a name="[10d]"></a>_fp_digits</STRONG> (Thumb, 334 bytes, Stack size 56 bytes, printfa.o(i._fp_digits), UNUSED)
<BR><BR>[Calls]<UL><LI><a href="#[a9]">&gt;&gt;</a>&nbsp;&nbsp;&nbsp;__aeabi_dmul
<LI><a href="#[aa]">&gt;&gt;</a>&nbsp;&nbsp;&nbsp;__aeabi_ddiv
<LI><a href="#[a2]">&gt;&gt;</a>&nbsp;&nbsp;&nbsp;__aeabi_dadd
<LI><a href="#[b4]">&gt;&gt;</a>&nbsp;&nbsp;&nbsp;__aeabi_d2ulz
<LI><a href="#[10e]">&gt;&gt;</a>&nbsp;&nbsp;&nbsp;__aeabi_cdrcmple
<LI><a href="#[b2]">&gt;&gt;</a>&nbsp;&nbsp;&nbsp;__aeabi_uldivmod
</UL>
<BR>[Called By]<UL><LI><a href="#[ff]">&gt;&gt;</a>&nbsp;&nbsp;&nbsp;_printf_core
</UL>

<P><STRONG><a name="[ff]"></a>_printf_core</STRONG> (Thumb, 1744 bytes, Stack size 136 bytes, printfa.o(i._printf_core), UNUSED)
<BR><BR>[Calls]<UL><LI><a href="#[10f]">&gt;&gt;</a>&nbsp;&nbsp;&nbsp;_printf_pre_padding
<LI><a href="#[110]">&gt;&gt;</a>&nbsp;&nbsp;&nbsp;_printf_post_padding
<LI><a href="#[10d]">&gt;&gt;</a>&nbsp;&nbsp;&nbsp;_fp_digits
<LI><a href="#[b2]">&gt;&gt;</a>&nbsp;&nbsp;&nbsp;__aeabi_uldivmod
<LI><a href="#[111]">&gt;&gt;</a>&nbsp;&nbsp;&nbsp;__aeabi_uidivmod
</UL>
<BR>[Called By]<UL><LI><a href="#[fe]">&gt;&gt;</a>&nbsp;&nbsp;&nbsp;__0vsnprintf
</UL>

<P><STRONG><a name="[110]"></a>_printf_post_padding</STRONG> (Thumb, 36 bytes, Stack size 24 bytes, printfa.o(i._printf_post_padding), UNUSED)
<BR><BR>[Called By]<UL><LI><a href="#[ff]">&gt;&gt;</a>&nbsp;&nbsp;&nbsp;_printf_core
</UL>

<P><STRONG><a name="[10f]"></a>_printf_pre_padding</STRONG> (Thumb, 46 bytes, Stack size 24 bytes, printfa.o(i._printf_pre_padding), UNUSED)
<BR><BR>[Called By]<UL><LI><a href="#[ff]">&gt;&gt;</a>&nbsp;&nbsp;&nbsp;_printf_core
</UL>

<P><STRONG><a name="[53]"></a>_snputc</STRONG> (Thumb, 22 bytes, Stack size 0 bytes, printfa.o(i._snputc))
<BR>[Address Reference Count : 1]<UL><LI> printfa.o(i.__0vsnprintf)
</UL><P>
<H3>
Undefined Global Symbols
</H3><HR></body></html>
