Component: ARM Compiler 5.06 update 1 (build 61) Tool: armlink [4d35a8]

==============================================================================

Section Cross References

    alarm.o(i.SetAlarm) refers to alarm.o(i.__SetAlarm) for __SetAlarm
    alarm.o(i.__SetAlarm) refers to alarm.o(.data) for .data
    alarm.o(i.alarm_reset) refers to memseta.o(.text) for __aeabi_memclr4
    alarm.o(i.alarm_reset) refers to alarm.o(.data) for .data
    alarm.o(i.calc_next_Alarm) refers to clocktick.o(.data) for current_timer
    alarm.o(i.calc_next_Alarm) refers to alarm.o(.data) for .data
    main.o(i.covert_int2str) refers to main.o(.constdata) for .constdata
    main.o(i.main) refers to main.o(i.covert_int2str) for covert_int2str
    main.o(i.main) refers to qr_utils.o(i.QR_Encode_Create) for QR_Encode_Create
    main.o(i.main) refers to osal_timer.o(i.osalTimerInit) for osalTimerInit
    main.o(i.main) refers to osal_task.o(i.osal_init_tasks) for osal_init_tasks
    main.o(i.main) refers to osal.o(i.osal_start_system) for osal_start_system
    main.o(i.main) refers to osal.o(i.osal_run_system) for osal_run_system
    main.o(i.main) refers to main.o(.bss) for .bss
    clocktick.o(i.Cal_Time) refers to clocktick.o(i.Is_LeapYear) for Is_LeapYear
    clocktick.o(i.Cal_Time) refers to clocktick.o(i.Get_Week) for Get_Week
    clocktick.o(i.Cal_Time) refers to clocktick.o(.constdata) for .constdata
    clocktick.o(i.Convert_UTC_time) refers to mktime.o(.text) for mktime
    clocktick.o(i.SetDate) refers to clocktick.o(.data) for .data
    clocktick.o(i.SetTimer) refers to clocktick.o(.data) for .data
    clocktick.o(i.getUTC) refers to mktime.o(.text) for mktime
    clocktick.o(i.getUTC) refers to clocktick.o(.data) for .data
    clocktick.o(i.load_date_time) refers to clocktick.o(i.setSystemTimer) for setSystemTimer
    clocktick.o(i.setSystemTimer) refers to clocktick.o(.data) for .data
    clocktick.o(i.system_clock_click) refers to osal.o(i.osal_set_event) for osal_set_event
    clocktick.o(i.system_clock_click) refers to osal_timer.o(i.osal_start_timerEx) for osal_start_timerEx
    clocktick.o(i.system_clock_click) refers to clocktick.o(.data) for .data
    clocktick.o(i.system_clock_click) refers to task_ble.o(.data) for taskBleTaskId
    clocktick.o(i.system_clock_click) refers to task_step.o(.data) for taskStepTaskId
    clocktick.o(i.system_clock_click) refers to task_battery.o(.data) for taskBatteryTaskId
    clocktick.o(i.system_clock_click) refers to task_gui.o(.data) for taskGUITaskId
    clocktick.o(i.system_clock_click) refers to task_flash.o(.data) for taskFlashTaskId
    clocktick.o(i.system_clock_click) refers to task_store.o(.data) for taskStoreTaskId
    clocktick.o(i.system_clock_click) refers to task_upload.o(.data) for taskUploadTaskId
    clocktick.o(i.system_clock_click) refers to clocktick.o(.constdata) for .constdata
    btprotocol.o(i.bt_protocol_rx) refers to memseta.o(.text) for __aeabi_memclr4
    btprotocol.o(i.bt_protocol_rx) refers to clocktick.o(i.SetTimer) for SetTimer
    btprotocol.o(i.bt_protocol_rx) refers to clocktick.o(i.SetDate) for SetDate
    btprotocol.o(i.bt_protocol_rx) refers to alarm.o(i.SetAlarm) for SetAlarm
    btprotocol.o(i.bt_protocol_rx) refers to memmovea.o(.text) for __aeabi_memcpy
    btprotocol.o(i.bt_protocol_rx) refers to alarm.o(i.calc_next_Alarm) for calc_next_Alarm
    btprotocol.o(i.bt_protocol_rx) refers to osal.o(i.osal_set_event) for osal_set_event
    btprotocol.o(i.bt_protocol_rx) refers to btprotocol.o(i.handle_notification) for handle_notification
    btprotocol.o(i.bt_protocol_rx) refers to task_motor.o(.data) for taskMotorTaskId
    btprotocol.o(i.bt_protocol_rx) refers to task_flash.o(.bss) for fm
    btprotocol.o(i.bt_protocol_rx) refers to task_step.o(.data) for taskStepTaskId
    btprotocol.o(i.bt_protocol_rx) refers to usersetting.o(.data) for config
    btprotocol.o(i.bt_protocol_rx) refers to task_upload.o(.data) for taskUploadTaskId
    btprotocol.o(i.bt_protocol_rx) refers to task_gui.o(.data) for taskGUITaskId
    btprotocol.o(i.bt_protocol_rx) refers to clocktick.o(.data) for current_timer
    btprotocol.o(i.bt_protocol_rx) refers to task_finder.o(.data) for finder
    btprotocol.o(i.bt_protocol_rx) refers to alarm.o(.data) for alarm
    btprotocol.o(i.bt_protocol_rx) refers to task_step.o(.bss) for pedometer
    btprotocol.o(i.bt_protocol_rx) refers to task_step.o(i.load_pedometer) for load_pedometer
    btprotocol.o(i.bt_protocol_rx) refers to ui_win_notify.o(i.font_is_ok) for font_is_ok
    btprotocol.o(i.bt_protocol_rx) refers to usersetting.o(.data) for monitor
    btprotocol.o(i.bt_protocol_rx) refers to task_flash.o(.data) for taskFlashTaskId
    btprotocol.o(i.bt_protocol_rx) refers to task_ble.o(.data) for taskBleTaskId
    btprotocol.o(i.bt_protocol_rx) refers to btprotocol.o(.constdata) for .constdata
[...]
    0x0001e088   0x00000118   Code   RO         5921    i.DrawSportTimer    ui_win_sport.o
    0x0001e1a0   0x000001d8   Code   RO         6317    i.DrawTitle         ui_win_notify.o
    0x0001e378   0x00000074   Code   RO         6559    i.DrawUI_Bitmap     ui_draw.o
    0x0001e3ec   0x00000066   Code   RO         6560    i.DrawUI_Bitmap_Ex  ui_draw.o
    0x0001e452   0x00000002   PAD
    0x0001e454   0x000000ae   Code   RO         6562    i.DrawUI_Bitmap_Exx  ui_draw.o
    0x0001e502   0x00000002   PAD
    0x0001e504   0x0000004c   Code   RO         7713    i.DrawUI_JPEG       jpeg_decode.lib(jpeg_decode.o)
    0x0001e550   0x00000110   Code   RO         5996    i.Draw_Hr_Value     ui_win_hr.o
    0x0001e660   0x00000054   Code   RO         7168    i.EM7028_enable     em70x8.o
    0x0001e6b4   0x000000d8   Code   RO         7169    i.EM7028_hrs_get_data  em70x8.o
    0x0001e78c   0x00000040   Code   RO         7170    i.EM7028_hrs_init   em70x8.o
    0x0001e7cc   0x00000278   Code   RO         5153    i.EncodeData        qr_encode.o
    0x0001ea44   0x00000748   Code   RO         5154    i.EncodeSourceData  qr_encode.o
    0x0001f18c   0x00000020   Code   RO          556    i.EntryDeepSleepMode  f_lib.o
    0x0001f1ac   0x00000020   Code   RO          558    i.ExitDeepSleepMode  f_lib.o
    0x0001f1cc   0x00000018   Code   RO         3725    i.FPU_IRQHandler    fpu.o
    0x0001f1e4   0x0000001e   Code   RO         4914    i.Find_Max_int      step_process.o
    0x0001f202   0x00000002   PAD
    0x0001f204   0x0000001e   Code   RO         4915    i.Find_Min_int      step_process.o
    0x0001f222   0x000000b6   Code   RO         5155    i.FormatModule      qr_encode.o
    0x0001f2d8   0x0000000c   Code   RO         7635    i.GET_BP_MAX        libBp.lib(blood.o)
    0x0001f2e4   0x0000000c   Code   RO         7636    i.GET_BP_MIN        libBp.lib(blood.o)
    0x0001f2f0   0x00000094   Code   RO         3608    i.GPIOTE_IRQHandler  irqhandler.o
    0x0001f384   0x00000090   Code   RO         5156    i.GetBitLength      qr_encode.o
    0x0001f414   0x000000dc   Code   RO         5157    i.GetEncodeVersion  qr_encode.o
    0x0001f4f0   0x00000080   Code   RO         5158    i.GetRSCodeWord     qr_encode.o
    0x0001f570   0x00000052   Code   RO          160    i.Get_Week          clocktick.o
    0x0001f5c2   0x00000002   PAD
    0x0001f5c4   0x00000074   Code   RO         7233    i.HRS_Chkack        em70x8_gpio_i2c.o
    0x0001f638   0x0000004c   Code   RO         7236    i.HRS_ReadByteNAck  em70x8_gpio_i2c.o
    0x0001f684   0x00000048   Code   RO         7237    i.HRS_ReadBytes     em70x8_gpio_i2c.o
    0x0001f6cc   0x00000048   Code   RO         7238    i.HRS_Restart       em70x8_gpio_i2c.o
    0x0001f714   0x0000002c   Code   RO         7239    i.HRS_SendByte      em70x8_gpio_i2c.o
    0x0001f740   0x0000003e   Code   RO         7240    i.HRS_WriteBytes    em70x8_gpio_i2c.o
    0x0001f77e   0x0000004e   Code   RO         7241    i.HRS_i2c_begin     em70x8_gpio_i2c.o
    0x0001f7cc   0x0000002a   Code   RO         7242    i.HRS_i2c_end       em70x8_gpio_i2c.o
    0x0001f7f6   0x00000024   Code   RO         7243    i.HRS_i2c_one_clk   em70x8_gpio_i2c.o
    0x0001f81a   0x0000003a   Code   RO         5159    i.IsAlphabetData    qr_encode.o
    0x0001f854   0x0000002e   Code   RO         5160    i.IsKanjiData       qr_encode.o
    0x0001f882   0x0000000e   Code   RO         5161    i.IsNumeralData     qr_encode.o
    0x0001f890   0x00000026   Code   RO          161    i.Is_LeapYear       clocktick.o
    0x0001f8b6   0x00000046   Code   RO         7397    i.JIS_16_GetData    nrf52832_xxaa.lib(hfma2ylib.o)
    0x0001f8fc   0x00000042   Code   RO         7398    i.KSC_16_GetData    nrf52832_xxaa.lib(hfma2ylib.o)
    0x0001f93e   0x00000026   Code   RO         5162    i.KanjiToBinaly     qr_encode.o
    0x0001f964   0x00000084   Code   RO         7400    i.LATIN_GetData     nrf52832_xxaa.lib(hfma2ylib.o)
    0x0001f9e8   0x000001ec   Code   RO         3846    i.LCD_Config        lcd_st7735.o
    0x0001fbd4   0x00000014   Code   RO         3847    i.LCD_Config_Delay  lcd_st7735.o
    0x0001fbe8   0x0000000e   Code   RO         3848    i.LCD_Init          lcd_st7735.o
    0x0001fbf6   0x00000002   PAD
    0x0001fbf8   0x000000c0   Code   RO         3849    i.LCD_SPI_Init      lcd_st7735.o
    0x0001fcb8   0x0000001c   Code   RO         6318    i.LengthCount       ui_win_notify.o
    0x0001fcd4   0x0000019c   Code   RO         7638    i.MAX_Blood_Process  libBp.lib(blood.o)
    0x0001fe70   0x00000154   Code   RO         7639    i.MIN_Blood_Process  libBp.lib(blood.o)
    0x0001ffc4   0x0000004c   Code   RO         5560    i.MessageBuildContent  msgqueue.o
    0x00020010   0x0000004c   Code   RO         5561    i.MessageBuildSender  msgqueue.o
    0x0002005c   0x00000034   Code   RO         5562    i.MessageClearAll   msgqueue.o
    0x00020090   0x0000002c   Code   RO         5564    i.MessageUpdatePage  msgqueue.o
    0x000200bc   0x00000018   Code   RO         6319    i.NOTICE_ADD        ui_win_notify.o
    0x000200d4   0x00000016   Code   RO          802    i.NVIC_ClearPendingIRQ  osal_timer.o
    0x000200ea   0x00000016   Code   RO          803    i.NVIC_DisableIRQ   osal_timer.o
    0x00020100   0x00000016   Code   RO          804    i.NVIC_EnableIRQ    osal_timer.o
    0x00020116   0x00000020   Code   RO          805    i.NVIC_SetPriority  osal_timer.o
    0x00020136   0x00000002   PAD
    0x00020138   0x00000044   Code   RO         5115    i.Put_the_desktop_process  sleep_algorithm.o
    0x0002017c   0x00000098   Code   RO         5323    i.QR_Copy_Image     qr_utils.o
    0x00020214   0x00000028   Code   RO         5324    i.QR_Encode_Create  qr_utils.o
    0x0002023c   0x00000044   Code   RO          806    i.RTC1_IRQHandler   osal_timer.o
    0x00020280   0x00000028   Code   RO          807    i.RTC2_IRQHandler   osal_timer.o
    0x000202a8   0x00000024   Code   RO         3489    i.SWI2_EGU2_IRQHandler  softdevice_handler.o
    0x000202cc   0x0000019c   Code   RO         5116    i.SaveSleepdata     sleep_algorithm.o
    0x00020468   0x000000bc   Code   RO            1    i.SetAlarm          alarm.o
    0x00020524   0x00000068   Code   RO         5163    i.SetAlignmentPattern  qr_encode.o
    0x0002058c   0x0000005e   Code   RO         5164    i.SetBitStream      qr_encode.o
    0x000205ea   0x00000002   PAD
    0x000205ec   0x0000007c   Code   RO         5165    i.SetCodeWordPattern  qr_encode.o
    0x00020668   0x00000054   Code   RO          162    i.SetDate           clocktick.o
    0x000206bc   0x00000048   Code   RO          483    i.SetDrink          drink.o
    0x00020704   0x00000050   Code   RO         5166    i.SetFinderPattern  qr_encode.o
    0x00020754   0x00000110   Code   RO         5167    i.SetFormatInfoPattern  qr_encode.o
    0x00020864   0x0000018c   Code   RO         5168    i.SetFunctionModule  qr_encode.o
    0x000209f0   0x000000ea   Code   RO         5169    i.SetMaskingPattern  qr_encode.o
    0x00020ada   0x00000048   Code   RO          518    i.SetMedicine       medicine.o
    0x00020b22   0x00000002   PAD
    0x00020b24   0x0000004c   Code   RO          163    i.SetTimer          clocktick.o
    0x00020b70   0x00000088   Code   RO         5170    i.SetVersionPattern  qr_encode.o
    0x00020bf8   0x00000010   Code   RO         5117    i.SleepdataInit     sleep_algorithm.o
    0x00020c08   0x0000004c   Code   RO         4916    i.Step_main_thread  step_process.o
    0x00020c54   0x000002fc   Code   RO         7356    i.SystemInit        system_nrf52.o
    0x00020f50   0x000001ec   Code   RO         7403    i.U2G               nrf52832_xxaa.lib(hfma2ylib.o)
    0x0002113c   0x000000a4   Code   RO         7404    i.U2J               nrf52832_xxaa.lib(hfma2ylib.o)
    0x000211e0   0x00000084   Code   RO         7405    i.U2K               nrf52832_xxaa.lib(hfma2ylib.o)
    0x00021264   0x000000bc   Code   RO         5610    i.UI_Draw_Title     ui_win_main.o
    0x00021320   0x0000002c   Code   RO         5615    i.UI_Draw_Title_Bluetooth_2  ui_win_main.o
    0x0002134c   0x00000050   Code   RO         3850    i.WriteComm         lcd_st7735.o
    0x0002139c   0x00000054   Code   RO         3851    i.WriteData         lcd_st7735.o
    0x000213f0   0x0000001a   Code   RO         7689    i.__ARM_common_switch8  libBp.lib(blood.o)
    0x0002140a   0x00000030   Code   RO         7960    i.__ARM_fpclassify  m_wm.l(fpclassify.o)
    0x0002143a   0x00000002   PAD
    0x0002143c   0x0000007c   Code   RO            2    i.__SetAlarm        alarm.o
    0x000214b8   0x00000058   Code   RO          484    i.__SetDrink        drink.o
    0x00021510   0x00000058   Code   RO          519    i.__Set_Medicine    medicine.o
    0x00021568   0x000000c8   Code   RO         7840    i.__hardfp_cos      m_wm.l(cos.o)
    0x00021630   0x00000c50   Code   RO         7852    i.__hardfp_pow      m_wm.l(pow.o)
    0x00022280   0x000000c8   Code   RO         7866    i.__hardfp_sin      m_wm.l(sin.o)
    0x00022348   0x00000438   Code   RO         7965    i.__ieee754_rem_pio2  m_wm.l(rred.o)
    0x00022780   0x00000170   Code   RO         7937    i.__kernel_cos      m_wm.l(cos_i.o)
    0x000228f0   0x000000f8   Code   RO         7962    i.__kernel_poly     m_wm.l(poly.o)
    0x000229e8   0x00000130   Code   RO         7970    i.__kernel_sin      m_wm.l(sin_i.o)
    0x00022b18   0x00000030   Code   RO         7940    i.__mathlib_dbl_divzero  m_wm.l(dunder.o)
    0x00022b48   0x00000014   Code   RO         7941    i.__mathlib_dbl_infnan  m_wm.l(dunder.o)
    0x00022b5c   0x00000014   Code   RO         7942    i.__mathlib_dbl_infnan2  m_wm.l(dunder.o)
    0x00022b70   0x00000020   Code   RO         7943    i.__mathlib_dbl_invalid  m_wm.l(dunder.o)
    0x00022b90   0x00000020   Code   RO         7944    i.__mathlib_dbl_overflow  m_wm.l(dunder.o)
    0x00022bb0   0x00000020   Code   RO         7946    i.__mathlib_dbl_underflow  m_wm.l(dunder.o)
    0x00022bd0   0x0000000e   Code   RO         8028    i.__scatterload_copy  mc_w.l(handlers.o)
    0x00022bde   0x00000002   Code   RO         8029    i.__scatterload_null  mc_w.l(handlers.o)
    0x00022be0   0x0000000e   Code   RO         8030    i.__scatterload_zeroinit  mc_w.l(handlers.o)
    0x00022bee   0x00000002   PAD
    0x00022bf0   0x0000000c   Code   RO         8004    i.__set_errno       mc_w.l(errno.o)
    0x00022bfc   0x00000034   Code   RO         4917    i.accel_filter      step_process.o
    0x00022c30   0x00000048   Code   RO          962    i.adc_filter        task_battery.o
    0x00022c78   0x00000202   Code   RO         2183    i.adv_data_encode   ble_advdata.o
    0x00022e7a   0x00000002   PAD
    0x00022e7c   0x00000088   Code   RO         1063    i.advertising_init  task_ble.o
    0x00022f04   0x00000038   Code   RO         1064    i.advertising_stop  task_ble.o
    0x00022f3c   0x0000000c   Code   RO            3    i.alarm_reset       alarm.o
    0x00022f48   0x0000001c   Code   RO         7785    i.alloc_pool        jpeg_decode.lib(tjpgd.o)
    0x00022f64   0x00000014   Code   RO         5487    i.ancs_perform_notification_action  ancs.o
    0x00022f78   0x00000078   Code   RO         5488    i.ancs_service_init  ancs.o
    0x00022ff0   0x0000006c   Code   RO         1065    i.app_context_load  task_ble.o
    0x0002305c   0x00000024   Code   RO         2828    i.app_error_fault_handler  app_error_weak.o
    0x00023080   0x00000016   Code   RO         2789    i.app_error_handler_bare  app_error.o
    0x00023096   0x00000002   PAD
    0x00023098   0x0000000c   Code   RO         2381    i.app_evt_notify    device_manager_peripheral.o
    0x000230a4   0x0000002c   Code   RO         3181    i.app_notify        pstorage.o
    0x000230d0   0x00000024   Code   RO         3182    i.app_notify_error_state_transit  pstorage.o
    0x000230f4   0x00000004   Code   RO         5489    i.apple_notification_error_handler  ancs.o
    0x000230f8   0x0000007e   Code   RO         2942    i.attr_data_parse   ble_ancs_c.o
    0x00023176   0x00000002   PAD
    0x00023178   0x000000d8   Code   RO          963    i.battery_get_level  task_battery.o
    0x00023250   0x0000007a   Code   RO         7786    i.bitext            jpeg_decode.lib(tjpgd.o)
    0x000232ca   0x00000068   Code   RO         2184    i.ble_advdata_set   ble_advdata.o
    0x00023332   0x00000002   PAD
    0x00023334   0x0000011c   Code   RO         2096    i.ble_advertising_init  ble_advertising.o
    0x00023450   0x00000080   Code   RO         2097    i.ble_advertising_on_ble_evt  ble_advertising.o
    0x000234d0   0x00000034   Code   RO         2098    i.ble_advertising_on_sys_evt  ble_advertising.o
    0x00023504   0x00000010   Code   RO         2100    i.ble_advertising_peer_address_clear  ble_advertising.o
    0x00023514   0x000001e0   Code   RO         2102    i.ble_advertising_start  ble_advertising.o
    0x000236f4   0x00000026   Code   RO         2943    i.ble_ancs_c_attr_add  ble_ancs_c.o
    0x0002371a   0x0000000a   Code   RO         2945    i.ble_ancs_c_data_source_notif_enable  ble_ancs_c.o
    0x00023724   0x00000022   Code   RO         2946    i.ble_ancs_c_handles_assign  ble_ancs_c.o
    0x00023746   0x00000002   PAD
    0x00023748   0x00000098   Code   RO         2947    i.ble_ancs_c_init   ble_ancs_c.o
    0x000237e0   0x0000000a   Code   RO         2949    i.ble_ancs_c_notif_source_notif_enable  ble_ancs_c.o
    0x000237ea   0x00000056   Code   RO         2950    i.ble_ancs_c_on_ble_evt  ble_ancs_c.o
    0x00023840   0x000000c0   Code   RO         2951    i.ble_ancs_c_on_db_disc_evt  ble_ancs_c.o
    0x00023900   0x00000020   Code   RO         2952    i.ble_ancs_c_request_attrs  ble_ancs_c.o
    0x00023920   0x00000094   Code   RO         2953    i.ble_ancs_get_notif_attrs  ble_ancs_c.o
    0x000239b4   0x0000007c   Code   RO         2954    i.ble_ancs_perform_notification_action  ble_ancs_c.o
    0x00023a30   0x00000014   Code   RO         2955    i.ble_ancs_verify_notification_format  ble_ancs_c.o
    0x00023a44   0x0000005c   Code   RO         2269    i.ble_conn_params_init  ble_conn_params.o
    0x00023aa0   0x00000084   Code   RO         2270    i.ble_conn_params_on_ble_evt  ble_conn_params.o
    0x00023b24   0x00000014   Code   RO         2271    i.ble_conn_params_stop  ble_conn_params.o
    0x00023b38   0x00000040   Code   RO         3075    i.ble_db_discovery_evt_register  ble_db_discovery.o
    0x00023b78   0x0000001c   Code   RO         3076    i.ble_db_discovery_init  ble_db_discovery.o
    0x00023b94   0x0000004c   Code   RO         3077    i.ble_db_discovery_on_ble_evt  ble_db_discovery.o
    0x00023be0   0x00000058   Code   RO         3078    i.ble_db_discovery_start  ble_db_discovery.o
    0x00023c38   0x0000005e   Code   RO         2185    i.ble_device_addr_encode  ble_advdata.o
    0x00023c96   0x00000002   PAD
    0x00023c98   0x0000008c   Code   RO         1958    i.ble_dfu_init      ble_dfu.o
    0x00023d24   0x0000008a   Code   RO         1959    i.ble_dfu_on_ble_evt  ble_dfu.o
    0x00023dae   0x00000002   PAD
    0x00023db0   0x00000060   Code   RO         1961    i.ble_dfu_response_send  ble_dfu.o
    0x00023e10   0x00000084   Code   RO         1067    i.ble_evt_dispatch  task_ble.o
    0x00023e94   0x00000068   Code   RO         2046    i.ble_nus_init      ble_nus.o
    0x00023efc   0x00000052   Code   RO         2047    i.ble_nus_on_ble_evt  ble_nus.o
    0x00023f4e   0x0000004e   Code   RO         2048    i.ble_nus_string_send  ble_nus.o
    0x00023f9c   0x00000084   Code   RO         1068    i.ble_stack_init    task_ble.o
    0x00024020   0x000000a0   Code   RO         5398    i.ble_wechat_add_indicate_char  ble_wechat_service.o
    0x000240c0   0x000000a4   Code   RO         5399    i.ble_wechat_add_read_char  ble_wechat_service.o
    0x00024164   0x000000a4   Code   RO         5400    i.ble_wechat_add_write_char  ble_wechat_service.o
    0x00024208   0x00000030   Code   RO         5401    i.ble_wechat_on_ble_evt  ble_wechat_service.o
    0x00024238   0x00000010   Code   RO         1069    i.ble_write_bytes   task_ble.o
    0x00024248   0x000001e4   Code   RO         7787    i.block_idct        jpeg_decode.lib(tjpgd.o)
    0x0002442c   0x000002f4   Code   RO         4831    i.bma250_init       bma253.o
    0x00024720   0x00000038   Code   RO         3954    i.bma2x2_get_bw     bma2x2.o
    0x00024758   0x00000034   Code   RO         3958    i.bma2x2_get_fifo_data_select  bma2x2.o
    0x0002478c   0x00000030   Code   RO         3960    i.bma2x2_get_fifo_mode  bma2x2.o
    0x000247bc   0x00000034   Code   RO         3963    i.bma2x2_get_fifo_wml_trig  bma2x2.o
    0x000247f0   0x00000034   Code   RO         3971    i.bma2x2_get_intr2_fifo_wm  bma2x2.o
    0x00024824   0x00000034   Code   RO         3975    i.bma2x2_get_intr_fifo_wm  bma2x2.o
    0x00024858   0x00000054   Code   RO         3978    i.bma2x2_get_intr_level  bma2x2.o
    0x000248ac   0x00000054   Code   RO         3982    i.bma2x2_get_intr_output_type  bma2x2.o
    0x00024900   0x00000034   Code   RO         3988    i.bma2x2_get_latch_intr  bma2x2.o
    0x00024934   0x000000b0   Code   RO         4001    i.bma2x2_get_power_mode  bma2x2.o
    0x000249e4   0x00000038   Code   RO         4002    i.bma2x2_get_range  bma2x2.o
    0x00024a1c   0x00000034   Code   RO         4006    i.bma2x2_get_sleep_durn  bma2x2.o
    0x00024a50   0x00000034   Code   RO         4007    i.bma2x2_get_sleep_timer_mode  bma2x2.o
    0x00024a84   0x00000044   Code   RO         4019    i.bma2x2_init       bma2x2.o
    0x00024ac8   0x00000034   Code   RO         4027    i.bma2x2_read_accel_xyz_fifo  bma2x2.o
    0x00024afc   0x00000028   Code   RO         4031    i.bma2x2_read_reg   bma2x2.o
    0x00024b24   0x0000004c   Code   RO         4033    i.bma2x2_rst_intr   bma2x2.o
    0x00024b70   0x000000a0   Code   RO         4034    i.bma2x2_set_bw     bma2x2.o
    0x00024c10   0x00000074   Code   RO         4037    i.bma2x2_set_fifo_data_select  bma2x2.o
    0x00024c84   0x00000074   Code   RO         4038    i.bma2x2_set_fifo_mode  bma2x2.o
    0x00024cf8   0x00000054   Code   RO         4039    i.bma2x2_set_fifo_wml_trig  bma2x2.o
    0x00024d4c   0x00000054   Code   RO         4047    i.bma2x2_set_intr2_fifo_wm  bma2x2.o
    0x00024da0   0x00000054   Code   RO         4051    i.bma2x2_set_intr_fifo_wm  bma2x2.o
    0x00024df4   0x0000006c   Code   RO         4054    i.bma2x2_set_intr_level  bma2x2.o
    0x00024e60   0x0000006c   Code   RO         4057    i.bma2x2_set_intr_output_type  bma2x2.o
    0x00024ecc   0x000000a4   Code   RO         4061    i.bma2x2_set_latch_intr  bma2x2.o
    0x00024f70   0x00000054   Code   RO         4064    i.bma2x2_set_mode_value  bma2x2.o
    0x00024fc4   0x000000f4   Code   RO         4075    i.bma2x2_set_power_mode  bma2x2.o
    0x000250b8   0x0000009c   Code   RO         4076    i.bma2x2_set_range  bma2x2.o
    0x00025154   0x00000090   Code   RO         4080    i.bma2x2_set_sleep_durn  bma2x2.o
    0x000251e4   0x00000054   Code   RO         4081    i.bma2x2_set_sleep_timer_mode  bma2x2.o
    0x00025238   0x00000028   Code   RO         4093    i.bma2x2_soft_rst   bma2x2.o
    0x00025260   0x00000028   Code   RO         4095    i.bma2x2_write_reg  bma2x2.o
    0x00025288   0x00000048   Code   RO         4832    i.bma_int_init      bma253.o
    0x000252d0   0x00000048   Code   RO         2382    i.bond_data_load    device_manager_peripheral.o
    0x00025318   0x00000088   Code   RO         2875    i.bootloader_start  dfu_app_handler.o
    0x000253a0   0x00000004   Code   RO         2850    i.bootloader_util_app_start  bootloader_util.o
    0x000253a4   0x00000cc4   Code   RO          307    i.bt_protocol_rx    btprotocol.o
    0x00026068   0x00000004   Code   RO          308    i.bt_protocol_tx    btprotocol.o
    0x0002606c   0x00000048   Code   RO         3691    i.button_init       button.o
    0x000260b4   0x00000140   Code   RO            4    i.calc_next_Alarm   alarm.o
    0x000261f4   0x00000118   Code   RO          485    i.calc_next_Drink   drink.o
    0x0002630c   0x00000118   Code   RO          520    i.calc_next_Medicine  medicine.o
    0x00026424   0x000000e8   Code   RO         4919    i.calcuX            step_process.o
    0x0002650c   0x000000e8   Code   RO         4920    i.calcuY            step_process.o
    0x000265f4   0x000000ec   Code   RO         4921    i.calcuZ            step_process.o
    0x000266e0   0x00000044   Code   RO         2956    i.cccd_configure    ble_ancs_c.o
    0x00026724   0x00000042   Code   RO         3079    i.characteristics_discover  ble_db_discovery.o
    0x00026766   0x00000002   PAD
    0x00026768   0x000000fc   Code   RO         3183    i.clear_operation_execute  pstorage.o
    0x00026864   0x00000020   Code   RO         3184    i.clear_post_processing_run  pstorage.o
    0x00026884   0x00000220   Code   RO         1894    i.cm_to_i           task_uitraviolet.o
    0x00026aa4   0x00000034   Code   RO         3185    i.cmd_process       pstorage.o
    0x00026ad8   0x00000020   Code   RO         3186    i.cmd_queue_element_init  pstorage.o
    0x00026af8   0x00000054   Code   RO         3187    i.cmd_queue_enqueue  pstorage.o
    0x00026b4c   0x00000040   Code   RO         3188    i.command_end_procedure_run  pstorage.o
    0x00026b8c   0x00000088   Code   RO         2186    i.conn_int_encode   ble_advdata.o
    0x00026c14   0x00000004   Code   RO         1070    i.conn_params_error_handler  task_ble.o
    0x00026c18   0x00000054   Code   RO         2272    i.conn_params_negotiation  ble_conn_params.o
    0x00026c6c   0x0000002c   Code   RO         2383    i.connection_instance_find  device_manager_peripheral.o
    0x00026c98   0x00000028   Code   RO         2384    i.connection_instance_init  device_manager_peripheral.o
    0x00026cc0   0x0000007c   Code   RO           48    i.covert_int2str    main.o
    0x00026d3c   0x000000ca   Code   RO         7788    i.create_huffman_tbl  jpeg_decode.lib(tjpgd.o)
    0x00026e06   0x00000002   PAD
    0x00026e08   0x00000054   Code   RO         3189    i.data_page_erase_state_run  pstorage.o
    0x00026e5c   0x00000020   Code   RO         3190    i.data_to_swap_write_state_run  pstorage.o
    0x00026e7c   0x0000000c   Code   RO         5490    i.db_disc_handler   ancs.o
    0x00026e88   0x0000001c   Code   RO         5491    i.db_discovery_init  ancs.o
    0x00026ea4   0x00000130   Code   RO         7407    i.decompressbmp16   nrf52832_xxaa.lib(hfma2ylib.o)
    0x00026fd4   0x0000008c   Code   RO         3080    i.descriptors_discover  ble_db_discovery.o
    0x00027060   0x000000bc   Code   RO         2385    i.device_context_store  device_manager_peripheral.o
    0x0002711c   0x00000048   Code   RO         2386    i.device_instance_find  device_manager_peripheral.o
    0x00027164   0x0000002c   Code   RO         2387    i.device_instance_free  device_manager_peripheral.o
    0x00027190   0x0000006c   Code   RO         1071    i.device_manager_evt_handler  task_ble.o
    0x000271fc   0x0000006c   Code   RO         1072    i.device_manager_init  task_ble.o
    0x00027268   0x00000018   Code   RO         2876    i.dfu_app_dm_appl_instance_set  dfu_app_handler.o
    0x00027280   0x0000003c   Code   RO         2877    i.dfu_app_on_dfu_evt  dfu_app_handler.o
    0x000272bc   0x0000009c   Code   RO         2878    i.dfu_app_peer_data_set  dfu_app_handler.o
    0x00027358   0x00000002   Code   RO         2879    i.dfu_app_reset_prepare  dfu_app_handler.o
    0x0002735a   0x00000002   PAD
    0x0002735c   0x0000000c   Code   RO         2880    i.dfu_app_reset_prepare_set  dfu_app_handler.o
    0x00027368   0x0000009c   Code   RO         1962    i.dfu_ctrl_pt_add   ble_dfu.o
    0x00027404   0x0000009c   Code   RO         1963    i.dfu_pkt_char_add  ble_dfu.o
    0x000274a0   0x0000009e   Code   RO         1964    i.dfu_rev_char_add  ble_dfu.o
    0x0002753e   0x00000002   PAD
    0x00027540   0x000000a4   Code   RO         3081    i.discovery_complete_evt_trigger  ble_db_discovery.o
    0x000275e4   0x00000034   Code   RO         3082    i.discovery_error_evt_trigger  ble_db_discovery.o
    0x00027618   0x00000094   Code   RO         2388    i.dm_application_context_delete  device_manager_peripheral.o
    0x000276ac   0x000000a8   Code   RO         2389    i.dm_application_context_get  device_manager_peripheral.o
    0x00027754   0x000000cc   Code   RO         2390    i.dm_application_context_set  device_manager_peripheral.o
    0x00027820   0x00000034   Code   RO         2391    i.dm_application_instance_set  device_manager_peripheral.o
    0x00027854   0x00000452   Code   RO         2392    i.dm_ble_evt_handler  device_manager_peripheral.o
    0x00027ca6   0x00000002   PAD
    0x00027ca8   0x000000b8   Code   RO         2396    i.dm_distributed_keys_get  device_manager_peripheral.o
    0x00027d60   0x00000040   Code   RO         2397    i.dm_handle_get     device_manager_peripheral.o
    0x00027da0   0x00000016   Code   RO         2398    i.dm_handle_initialize  device_manager_peripheral.o
    0x00027db6   0x00000002   PAD
    0x00027db8   0x000000c8   Code   RO         2399    i.dm_init           device_manager_peripheral.o
    0x00027e80   0x0000007c   Code   RO         2400    i.dm_peer_addr_get  device_manager_peripheral.o
    0x00027efc   0x00000188   Code   RO         2402    i.dm_pstorage_cb_handler  device_manager_peripheral.o
    0x00028084   0x00000068   Code   RO         2403    i.dm_register       device_manager_peripheral.o
    0x000280ec   0x00000050   Code   RO         2404    i.dm_security_setup_req  device_manager_peripheral.o
    0x0002813c   0x00000060   Code   RO         2405    i.dm_security_status_req  device_manager_peripheral.o
    0x0002819c   0x00000154   Code   RO         3852    i.do_sync_frame     lcd_st7735.o
    0x000282f0   0x000000a8   Code   RO         5616    i.draw_battery      ui_win_main.o
    0x00028398   0x0000003c   Code   RO         6575    i.draw_bitmap       ui_draw.o
    0x000283d4   0x000000a8   Code   RO         6576    i.draw_bitmap_from_flash  ui_draw.o
    0x0002847c   0x00000166   Code   RO         6577    i.draw_line         ui_draw.o
    0x000285e2   0x00000002   PAD
    0x000285e4   0x00000138   Code   RO         7604    i.em70xx_bpm_dynamic  HeartRatelib.lib(smallram.o)
    0x0002871c   0x0000000c   Code   RO         7605    i.em70xx_reset      HeartRatelib.lib(smallram.o)
    0x00028728   0x00000062   Code   RO         5348    i.enc_get_utf8_size  u2k.o
    0x0002878a   0x0000014a   Code   RO         5349    i.enc_utf8_to_unicode_one  u2k.o
    0x000288d4   0x00000018   Code   RO         7956    i.fabs              m_wm.l(fabs.o)
    0x000288ec   0x0000001c   Code   RO         3191    i.flash_api_err_code_process  pstorage.o
    0x00028908   0x00000080   Code   RO         1707    i.flash_memofy_cb_handler  task_flash.o
    0x00028988   0x0000010c   Code   RO         1708    i.flash_memory_Init  task_flash.o
    0x00028a94   0x0000007c   Code   RO         1709    i.flash_memory_control_update  task_flash.o
    0x00028b10   0x0000008c   Code   RO         1710    i.flash_memory_get  task_flash.o
    0x00028b9c   0x00000080   Code   RO         1711    i.flash_memory_put  task_flash.o
    0x00028c1c   0x00000020   Code   RO         1712    i.flash_memory_reset  task_flash.o
    0x00028c3c   0x00000030   Code   RO         1713    i.flash_memory_update  task_flash.o
    0x00028c6c   0x0000008c   Code   RO         3192    i.flash_operation_success_run  pstorage.o
    0x00028cf8   0x00000006   Code   RO         3193    i.flash_page_erase  pstorage.o
    0x00028cfe   0x00000002   PAD
    0x00028d00   0x00000050   Code   RO         1714    i.flash_temp_queue_put  task_flash.o
    0x00028d50   0x00000006   Code   RO         3194    i.flash_write       pstorage.o
    0x00028d56   0x00000002   PAD
    0x00028d58   0x0000006c   Code   RO          563    i.font_init         f_lib.o
    0x00028dc4   0x00000024   Code   RO         6320    i.font_is_ok        ui_win_notify.o
    0x00028de8   0x00000014   Code   RO         2655    i.fs_queued_op_count_get  fstorage.o
    0x00028dfc   0x00000024   Code   RO           49    i.gain_mac          main.o
    0x00028e20   0x00000004   Code   RO         2410    i.gattc_context_apply  device_manager_peripheral.o
    0x00028e24   0x00000004   Code   RO         2411    i.gattc_context_load  device_manager_peripheral.o
    0x00028e28   0x00000004   Code   RO         2412    i.gattc_context_store  device_manager_peripheral.o
    0x00028e2c   0x000000ac   Code   RO         2413    i.gatts_context_apply  device_manager_peripheral.o
    0x00028ed8   0x00000038   Code   RO         2414    i.gatts_context_load  device_manager_peripheral.o
    0x00028f10   0x000000c0   Code   RO         2415    i.gatts_context_store  device_manager_peripheral.o
    0x00028fd0   0x00000004   Code   RO         2416    i.gattsc_context_apply  device_manager_peripheral.o
    0x00028fd4   0x00000004   Code   RO         2417    i.gattsc_context_load  device_manager_peripheral.o
    0x00028fd8   0x00000004   Code   RO         2418    i.gattsc_context_store  device_manager_peripheral.o
    0x00028fdc   0x00000030   Code   RO          164    i.getUTC            clocktick.o
    0x0002900c   0x00000098   Code   RO         7606    i.get_adc_fix_value  HeartRatelib.lib(smallram.o)
    0x000290a4   0x000000c4   Code   RO         7607    i.get_adc_spike     HeartRatelib.lib(smallram.o)
    0x00029168   0x0000002c   Code   RO         1615    i.get_hr            task_hr.o
    0x00029194   0x00000118   Code   RO         7608    i.get_hrspo         HeartRatelib.lib(smallram.o)
    0x000292ac   0x000000e8   Code   RO         7411    i.gt                nrf52832_xxaa.lib(hfma2ylib.o)
    0x00029394   0x000007e8   Code   RO          309    i.handle_notification  btprotocol.o
    0x00029b7c   0x00000078   Code   RO         3195    i.head_restore_state_run  pstorage.o
    0x00029bf4   0x000000c8   Code   RO         4980    i.heart_comp_init   heartcomp.o
    0x00029cbc   0x00000064   Code   RO         4981    i.heart_comp_pedometer  heartcomp.o
    0x00029d20   0x00000004   Code   RO         1616    i.hr_callback       task_hr.o
    0x00029d24   0x00000054   Code   RO          808    i.hr_clock_rtc_init  osal_timer.o
    0x00029d78   0x00000024   Code   RO          809    i.hr_clock_rtc_start  osal_timer.o
    0x00029d9c   0x00000030   Code   RO          810    i.hr_clock_rtc_stop  osal_timer.o
    0x00029dcc   0x00000024   Code   RO         1617    i.hr_pwr_enable     task_hr.o
    0x00029df0   0x00000024   Code   RO         1618    i.hr_timer_disable  task_hr.o
    0x00029e14   0x00000090   Code   RO         7609    i.hrspo_handler     HeartRatelib.lib(smallram.o)
    0x00029ea4   0x000000a2   Code   RO         7789    i.huffext           jpeg_decode.lib(tjpgd.o)
    0x00029f46   0x00000002   PAD
    0x00029f48   0x00000068   Code   RO         7412    i.hzbmp16           nrf52832_xxaa.lib(hfma2ylib.o)
    0x00029fb0   0x00000070   Code   RO         3490    i.intern_softdevice_events_execute  softdevice_handler.o
    0x0002a020   0x0000001c   Code   RO         2273    i.is_conn_params_ok  ble_conn_params.o
    0x0002a03c   0x0000004a   Code   RO         3083    i.is_desc_discovery_reqd  ble_db_discovery.o
    0x0002a086   0x00000002   PAD
    0x0002a088   0x00000044   Code   RO         3196    i.is_page_erase_required  pstorage.o
    0x0002a0cc   0x0000000c   Code   RO         3197    i.is_word_aligned   pstorage.o
    0x0002a0d8   0x000000e4   Code   RO         7790    i.jd_decomp         jpeg_decode.lib(tjpgd.o)
    0x0002a1bc   0x000002c8   Code   RO         7791    i.jd_prepare        jpeg_decode.lib(tjpgd.o)
    0x0002a484   0x00000024   Code   RO         7716    i.jpeg_in_func      jpeg_decode.lib(jpeg_decode.o)
    0x0002a4a8   0x0000006c   Code   RO         7717    i.jpeg_out_func     jpeg_decode.lib(jpeg_decode.o)
    0x0002a514   0x00000080   Code   RO         3853    i.lcd_display       lcd_st7735.o
    0x0002a594   0x0000006c   Code   RO         7415    i.lcdram_map        nrf52832_xxaa.lib(hfma2ylib.o)
    0x0002a600   0x00000054   Code   RO         2187    i.le_role_encode    ble_advdata.o
    0x0002a654   0x00000074   Code   RO         1715    i.load_config_from_flash  task_flash.o
    0x0002a6c8   0x00000004   Code   RO          165    i.load_date_time    clocktick.o
    0x0002a6cc   0x00000028   Code   RO         1349    i.load_pedometer    task_step.o
    0x0002a6f4   0x0000003c   Code   RO         1476    i.load_queue        task_upload.o
    0x0002a730   0x00000054   Code   RO           50    i.main              main.o
    0x0002a784   0x00000014   Code   RO         3198    i.main_state_err_busy_process  pstorage.o
    0x0002a798   0x00000032   Code   RO         4833    i.make_bma250_to_deep_sleep  bma253.o
    0x0002a7ca   0x00000064   Code   RO         2188    i.manuf_specific_data_encode  ble_advdata.o
    0x0002a82e   0x00000002   PAD
    0x0002a830   0x00000144   Code   RO         7792    i.mcu_load          jpeg_decode.lib(tjpgd.o)
    0x0002a974   0x000001b4   Code   RO         7793    i.mcu_output        jpeg_decode.lib(tjpgd.o)
    0x0002ab28   0x00000006   Code   RO         1534    i.motor_disable     task_motor.o
    0x0002ab2e   0x0000009c   Code   RO         2189    i.name_encode       ble_advdata.o
    0x0002abca   0x00000004   Code   RO         2419    i.no_service_context_apply  device_manager_peripheral.o
    0x0002abce   0x00000004   Code   RO         2420    i.no_service_context_load  device_manager_peripheral.o
    0x0002abd2   0x00000004   Code   RO         2421    i.no_service_context_store  device_manager_peripheral.o
    0x0002abd6   0x00000002   PAD
    0x0002abd8   0x000004c0   Code   RO         5492    i.notif_attr_print  ancs.o
    0x0002b098   0x00000010   Code   RO          310    i.notify_remove     btprotocol.o
    0x0002b0a8   0x0000001a   Code   RO         3428    i.nrf_delay_ms      nrf_delay.o
    0x0002b0c2   0x00000022   Code   RO          564    i.nrf_gpio_cfg      f_lib.o
    0x0002b0e4   0x00000022   Code   RO         3854    i.nrf_gpio_cfg      lcd_st7735.o
    0x0002b106   0x00000022   Code   RO         4834    i.nrf_gpio_cfg      bma253.o
    0x0002b128   0x00000022   Code   RO         7244    i.nrf_gpio_cfg      em70x8_gpio_i2c.o
    0x0002b14a   0x00000012   Code   RO         3855    i.nrf_gpio_cfg_default  lcd_st7735.o
    0x0002b15c   0x00000012   Code   RO          964    i.nrf_gpio_cfg_input  task_battery.o
    0x0002b16e   0x00000012   Code   RO         7245    i.nrf_gpio_cfg_input  em70x8_gpio_i2c.o
    0x0002b180   0x0000000e   Code   RO         1619    i.nrf_gpio_cfg_output  task_hr.o
    0x0002b18e   0x00000014   Code   RO         4835    i.nrf_gpio_cfg_output  bma253.o
    0x0002b1a2   0x00000014   Code   RO         7246    i.nrf_gpio_cfg_output  em70x8_gpio_i2c.o
    0x0002b1b6   0x00000002   PAD
    0x0002b1b8   0x00000010   Code   RO          565    i.nrf_gpio_pin_clear  f_lib.o
    0x0002b1c8   0x00000010   Code   RO         1535    i.nrf_gpio_pin_clear  task_motor.o
    0x0002b1d8   0x00000010   Code   RO         1620    i.nrf_gpio_pin_clear  task_hr.o
    0x0002b1e8   0x00000010   Code   RO         3856    i.nrf_gpio_pin_clear  lcd_st7735.o
    0x0002b1f8   0x00000010   Code   RO         4836    i.nrf_gpio_pin_clear  bma253.o
    0x0002b208   0x00000010   Code   RO         7247    i.nrf_gpio_pin_clear  em70x8_gpio_i2c.o
    0x0002b218   0x00000010   Code   RO          965    i.nrf_gpio_pin_read  task_battery.o
    0x0002b228   0x00000010   Code   RO          566    i.nrf_gpio_pin_set  f_lib.o
    0x0002b238   0x00000010   Code   RO         1536    i.nrf_gpio_pin_set  task_motor.o
    0x0002b248   0x00000010   Code   RO         3857    i.nrf_gpio_pin_set  lcd_st7735.o
    0x0002b258   0x00000010   Code   RO         4837    i.nrf_gpio_pin_set  bma253.o
    0x0002b268   0x00000010   Code   RO         7248    i.nrf_gpio_pin_set  em70x8_gpio_i2c.o
    0x0002b278   0x00000060   Code   RO         3462    i.nrf_saadc_channel_init  nrf_saadc.o
    0x0002b2d8   0x00000020   Code   RO         1073    i.nus_data_handler  task_ble.o
    0x0002b2f8   0x0000000a   Code   RO         1074    i.on_adv_evt        task_ble.o
    0x0002b302   0x00000002   PAD
    0x0002b304   0x00000090   Code   RO         5493    i.on_ancs_c_evt     ancs.o
    0x0002b394   0x0000010c   Code   RO         3084    i.on_characteristic_discovery_rsp  ble_db_discovery.o
    0x0002b4a0   0x0000001c   Code   RO         1075    i.on_conn_params_evt  task_ble.o
    0x0002b4bc   0x000000f8   Code   RO         1965    i.on_ctrl_pt_write  ble_dfu.o
    0x0002b5b4   0x000000c8   Code   RO         3085    i.on_descriptor_discovery_rsp  ble_db_discovery.o
    0x0002b67c   0x00000070   Code   RO         3086    i.on_primary_srv_discovery_rsp  ble_db_discovery.o
    0x0002b6ec   0x0000007c   Code   RO         3087    i.on_srv_disc_completion  ble_db_discovery.o
    0x0002b768   0x00000084   Code   RO         5403    i.on_write          ble_wechat_service.o
    0x0002b7ec   0x00000018   Code   RO          811    i.osalTimerInit     osal_timer.o
    0x0002b804   0x00000030   Code   RO          646    i.osal_clear_event  osal.o
    0x0002b834   0x0000004c   Code   RO          812    i.osal_create_timer  osal_timer.o
    0x0002b880   0x0000007c   Code   RO          729    i.osal_init_tasks   osal_task.o
    0x0002b8fc   0x00000020   Code   RO          692    i.osal_pwrmgr_powerconserve  osal_pwrmgr.o
    0x0002b91c   0x00000074   Code   RO          647    i.osal_run_system   osal.o
    0x0002b990   0x00000030   Code   RO          648    i.osal_set_event    osal.o
    0x0002b9c0   0x00000004   Code   RO          649    i.osal_start_system  osal.o
    0x0002b9c4   0x00000020   Code   RO          814    i.osal_start_timer  osal_timer.o
    0x0002b9e4   0x00000084   Code   RO          815    i.osal_start_timerEx  osal_timer.o
    0x0002ba68   0x0000001c   Code   RO          816    i.osal_stop_timer   osal_timer.o
    0x0002ba84   0x00000050   Code   RO          817    i.osal_stop_timerEx  osal_timer.o
    0x0002bad4   0x00000004   Code   RO          818    i.osal_timer_disable  osal_timer.o
    0x0002bad8   0x0000006c   Code   RO          819    i.osal_timer_isr    osal_timer.o
    0x0002bb44   0x00000014   Code   RO          820    i.osal_timer_start  osal_timer.o
    0x0002bb58   0x000000f0   Code   RO         2957    i.parse_get_notif_attrs_response  ble_ancs_c.o
    0x0002bc48   0x00000090   Code   RO         2958    i.parse_notif       ble_ancs_c.o
    0x0002bcd8   0x00000014   Code   RO         2104    i.peer_address_exists  ble_advertising.o
    0x0002bcec   0x00000040   Code   RO         2422    i.peer_instance_init  device_manager_peripheral.o
    0x0002bd2c   0x00000068   Code   RO          821    i.platform_clock_init  osal_timer.o
    0x0002bd94   0x00000030   Code   RO          822    i.platform_clock_stop  osal_timer.o
    0x0002bdc4   0x0000000c   Code   RO         1076    i.power_manage      task_ble.o
    0x0002bdd0   0x00000024   Code   RO         3199    i.pstorage_access_status_get  pstorage.o
    0x0002bdf4   0x00000054   Code   RO         3200    i.pstorage_block_identifier_get  pstorage.o
    0x0002be48   0x0000009c   Code   RO         3201    i.pstorage_clear    pstorage.o
    0x0002bee4   0x0000001e   Code   RO         3202    i.pstorage_flash_page_end  pstorage.o
    0x0002bf02   0x0000000a   Code   RO         3203    i.pstorage_flash_page_size  pstorage.o
    0x0002bf0c   0x00000060   Code   RO         3204    i.pstorage_init     pstorage.o
    0x0002bf6c   0x000000a8   Code   RO         3205    i.pstorage_load     pstorage.o
    0x0002c014   0x000000b4   Code   RO         3206    i.pstorage_register  pstorage.o
    0x0002c0c8   0x00000088   Code   RO         3207    i.pstorage_store    pstorage.o
    0x0002c150   0x00000048   Code   RO         3208    i.pstorage_sys_event_handler  pstorage.o
    0x0002c198   0x00000088   Code   RO         3209    i.pstorage_update   pstorage.o
    0x0002c220   0x0000005c   Code   RO          567    i.r_dat_bat         f_lib.o
    0x0002c27c   0x00000038   Code   RO         3088    i.registered_handler_get  ble_db_discovery.o
    0x0002c2b4   0x00000038   Code   RO         1077    i.reset_prepare     task_ble.o
    0x0002c2ec   0x00000014   Code   RO         1477    i.reset_queue       task_upload.o
    0x0002c300   0x000000de   Code   RO         2049    i.rx_char_add       ble_nus.o
    0x0002c3de   0x00000002   PAD
    0x0002c3e0   0x00000044   Code   RO         3756    i.saadc_buffer_convert  ssadc.o
    0x0002c424   0x0000004c   Code   RO         3757    i.saadc_init        ssadc.o
    0x0002c470   0x00000010   Code   RO         3491    i.sd_check_ram_start  softdevice_handler.o
    0x0002c480   0x00000088   Code   RO         3492    i.sd_nvic_EnableIRQ  softdevice_handler.o
    0x0002c508   0x00000088   Code   RO         2190    i.service_data_encode  ble_advdata.o
    0x0002c590   0x00000068   Code   RO         1078    i.services_init     task_ble.o
    0x0002c5f8   0x00000020   Code   RO          166    i.setSystemTimer    clocktick.o
    0x0002c618   0x0000001c   Code   RO         6578    i.set_pixel         ui_draw.o
    0x0002c634   0x0000000c   Code   RO         7720    i.set_pos           jpeg_decode.lib(jpeg_decode.o)
    0x0002c640   0x0000005a   Code   RO         5792    i.show_Degree       ui_win_pedometer.o
    0x0002c69a   0x00000002   PAD
    0x0002c69c   0x000000b0   Code   RO         6095    i.show_alarm        ui_win_alarm.o
    0x0002c74c   0x0000006c   Code   RO         5793    i.show_calorie_val  ui_win_pedometer.o
    0x0002c7b8   0x00000020   Code   RO         6132    i.show_camera       ui_win_camera.o
    0x0002c7d8   0x00000128   Code   RO         5794    i.show_distance_val  ui_win_pedometer.o
    0x0002c900   0x00000078   Code   RO         6173    i.show_findphone_icon  ui_win_findphone.o
    0x0002c978   0x00000234   Code   RO         5874    i.show_function     ui_win_function.o
    0x0002cbac   0x00000024   Code   RO         6214    i.show_information  ui_win_info.o
    0x0002cbd0   0x0000018c   Code   RO         6215    i.show_information_val  ui_win_info.o
    0x0002cd5c   0x000004a4   Code   RO         5620    i.show_main_ui_style_0  ui_win_main.o
    0x0002d200   0x000000ec   Code   RO         5795    i.show_pedometer    ui_win_pedometer.o
    0x0002d2ec   0x00000074   Code   RO         5796    i.show_pedometer_val  ui_win_pedometer.o
    0x0002d360   0x00000016   Code   RO         6269    i.show_shutdown_icon  ui_win_shutdown.o
    0x0002d376   0x00000002   PAD
    0x0002d378   0x00000134   Code   RO         6062    i.show_sleep_timer  ui_win_sleep.o
    0x0002d4ac   0x0000004c   Code   RO         6321    i.show_ui_version   ui_win_notify.o
    0x0002d4f8   0x000002b8   Code   RO         5623    i.show_uit_win      ui_win_main.o
    0x0002d7b0   0x00000030   Code   RO         6270    i.shutdown_cb       ui_win_shutdown.o
    0x0002d7e0   0x00000048   Code   RO         5494    i.slave_security_request  ancs.o
    0x0002d828   0x000001cc   Code   RO         5118    i.sleep_algorithm   sleep_algorithm.o
    0x0002d9f4   0x0000000c   Code   RO         1079    i.sleep_mode_enter  task_ble.o
    0x0002da00   0x0000003c   Code   RO         3210    i.sm_state_change   pstorage.o
    0x0002da3c   0x00000014   Code   RO         3493    i.softdevice_ble_evt_handler_set  softdevice_handler.o
    0x0002da50   0x00000014   Code   RO         3494    i.softdevice_enable  softdevice_handler.o
    0x0002da64   0x00000026   Code   RO         3495    i.softdevice_enable_get_default_config  softdevice_handler.o
    0x0002da8a   0x00000004   Code   RO         3496    i.softdevice_fault_handler  softdevice_handler.o
    0x0002da8e   0x00000002   PAD
    0x0002da90   0x00000034   Code   RO         3497    i.softdevice_handler_init  softdevice_handler.o
    0x0002dac4   0x00000014   Code   RO         3500    i.softdevice_sys_evt_handler_set  softdevice_handler.o
    0x0002dad8   0x00000056   Code   RO         7612    i.sort_for_adc      HeartRatelib.lib(smallram.o)
    0x0002db2e   0x00000036   Code   RO         7613    i.sort_for_hr       HeartRatelib.lib(smallram.o)
    0x0002db64   0x0000004a   Code   RO         7614    i.sort_for_times    HeartRatelib.lib(smallram.o)
    0x0002dbae   0x00000002   PAD
    0x0002dbb0   0x0000002c   Code   RO         3636    i.spi_configure     spi_hw.o
    0x0002dbdc   0x00000030   Code   RO         3637    i.spi_transfer      spi_hw.o
    0x0002dc0c   0x00000026   Code   RO         3669    i.spi_write_byte    spi_hw.o
    0x0002dc32   0x00000002   PAD
    0x0002dc34   0x0000018c   Code   RO         7615    i.spike_handler     HeartRatelib.lib(smallram.o)
    0x0002ddc0   0x0000006e   Code   RO         7880    i.sqrt              m_wm.l(sqrt.o)
    0x0002de2e   0x00000002   PAD
    0x0002de30   0x00000068   Code   RO         3211    i.state_data_erase_swap_entry_run  pstorage.o
    0x0002de98   0x0000000c   Code   RO         3212    i.state_erase_data_page_entry_run  pstorage.o
    0x0002dea4   0x0000002c   Code   RO         3213    i.state_restore_head_entry_run  pstorage.o
    0x0002ded0   0x00000050   Code   RO         3214    i.state_restore_tail_entry_run  pstorage.o
    0x0002df20   0x0000001e   Code   RO         3215    i.state_swap_erase_entry_run  pstorage.o
    0x0002df3e   0x00000002   PAD
    0x0002df40   0x00000030   Code   RO         3216    i.state_write_data_swap_entry_run  pstorage.o
    0x0002df70   0x00000004   Code   RO         2423    i.storage_operation_dummy_handler  device_manager_peripheral.o
    0x0002df74   0x0000005c   Code   RO         3217    i.store_cmd_flash_write_execute  pstorage.o
    0x0002dfd0   0x00000048   Code   RO         1716    i.store_config_default  task_flash.o
    0x0002e018   0x00000078   Code   RO         1717    i.store_current_config  task_flash.o
    0x0002e090   0x00000084   Code   RO         1478    i.store_queue       task_upload.o
    0x0002e114   0x00000018   Code   RO         3218    i.swap_erase_state_run  pstorage.o
    0x0002e12c   0x00000014   Code   RO         3219    i.swap_sub_state_err_busy_process  pstorage.o
    0x0002e140   0x00000014   Code   RO         3220    i.swap_sub_state_state_change  pstorage.o
    0x0002e154   0x00000010   Code   RO         3858    i.sync_frame        lcd_st7735.o
    0x0002e164   0x00000012   Code   RO         1080    i.sys_evt_dispatch  task_ble.o
    0x0002e176   0x00000002   PAD
    0x0002e178   0x0000018c   Code   RO          167    i.system_clock_click  clocktick.o
    0x0002e304   0x00000014   Code   RO         3221    i.tail_restore_state_run  pstorage.o
    0x0002e318   0x00000304   Code   RO          966    i.taskBattery       task_battery.o
    0x0002e61c   0x00000070   Code   RO          967    i.taskBatteryInit   task_battery.o
    0x0002e68c   0x000001c8   Code   RO         1081    i.taskBle           task_ble.o
    0x0002e854   0x000000c8   Code   RO         1082    i.taskBleInit       task_ble.o
    0x0002e91c   0x000000fc   Code   RO         1586    i.taskFinder        task_finder.o
    0x0002ea18   0x0000000c   Code   RO         1587    i.taskFinderInit    task_finder.o
    0x0002ea24   0x00000310   Code   RO         1718    i.taskFlash         task_flash.o
    0x0002ed34   0x00000010   Code   RO         1719    i.taskFlashInit     task_flash.o
    0x0002ed44   0x000000b4   Code   RO         1858    i.taskFrame         task_frame.o
    0x0002edf8   0x0000000c   Code   RO         1859    i.taskFrameInit     task_frame.o
    0x0002ee04   0x00000354   Code   RO         1288    i.taskGUI           task_gui.o
    0x0002f158   0x00000030   Code   RO         1289    i.taskGUIInit       task_gui.o
    0x0002f188   0x00000378   Code   RO         1621    i.taskHr            task_hr.o
    0x0002f500   0x00000014   Code   RO         1622    i.taskHrInit        task_hr.o
    0x0002f514   0x00000144   Code   RO         1537    i.taskMotor         task_motor.o
    0x0002f658   0x0000002c   Code   RO         1538    i.taskMotorInit     task_motor.o
    0x0002f684   0x00000954   Code   RO         1350    i.taskStep          task_step.o
    0x0002ffd8   0x00000034   Code   RO         1351    i.taskStepInit      task_step.o
    0x0003000c   0x000005f0   Code   RO         1813    i.taskStore         task_store.o
    0x000305fc   0x0000000c   Code   RO         1814    i.taskStoreInit     task_store.o
    0x00030608   0x000000dc   Code   RO         1436    i.taskTouch         task_touch.o
    0x000306e4   0x0000000c   Code   RO         1437    i.taskTouchInit     task_touch.o
    0x000306f0   0x0000023c   Code   RO         1895    i.taskUItraviolet   task_uitraviolet.o
    0x0003092c   0x00000010   Code   RO         1896    i.taskUItravioletInit  task_uitraviolet.o
    0x0003093c   0x00000d94   Code   RO         1479    i.taskUpload        task_upload.o
    0x000316d0   0x0000000c   Code   RO         1480    i.taskUploadInit    task_upload.o
    0x000316dc   0x00000048   Code   RO         2959    i.tx_buffer_process  ble_ancs_c.o
    0x00031724   0x000000a2   Code   RO         2050    i.tx_char_add       ble_nus.o
    0x000317c6   0x00000002   PAD
    0x000317c8   0x0000002c   Code   RO         6322    i.ui_alarm_notify   ui_win_notify.o
    0x000317f4   0x00000074   Code   RO         6323    i.ui_app_notify     ui_win_notify.o
    0x00031868   0x00000044   Code   RO         6324    i.ui_ble_notify     ui_win_notify.o
    0x000318ac   0x00000054   Code   RO         6325    i.ui_calling_notify  ui_win_notify.o
    0x00031900   0x0000005c   Code   RO         6326    i.ui_drink_notify   ui_win_notify.o
    0x0003195c   0x00000002   Code   RO         6327    i.ui_earse_app_notify  ui_win_notify.o
    0x0003195e   0x00000002   Code   RO         6328    i.ui_erase_alarm_notify  ui_win_notify.o
    0x00031960   0x00000002   Code   RO         6329    i.ui_erase_ble_notify  ui_win_notify.o
    0x00031962   0x00000002   PAD
    0x00031964   0x00000018   Code   RO         6330    i.ui_erase_calling_notify  ui_win_notify.o
    0x0003197c   0x00000002   Code   RO         6331    i.ui_erase_drink_notify  ui_win_notify.o
    0x0003197e   0x00000002   Code   RO         6332    i.ui_erase_find_me_notify  ui_win_notify.o
    0x00031980   0x00000002   Code   RO         6333    i.ui_erase_medicine_notify  ui_win_notify.o
    0x00031982   0x00000002   PAD
    0x00031984   0x00000018   Code   RO         6334    i.ui_erase_message_notify  ui_win_notify.o
    0x0003199c   0x00000002   Code   RO         6335    i.ui_erase_sedentary_notify  ui_win_notify.o
    0x0003199e   0x00000002   Code   RO         6336    i.ui_erase_uit_notify  ui_win_notify.o
    0x000319a0   0x00000048   Code   RO         6337    i.ui_find_me_notify  ui_win_notify.o
    0x000319e8   0x00000044   Code   RO         6338    i.ui_medicine_notify  ui_win_notify.o
    0x00031a2c   0x00000050   Code   RO         6339    i.ui_message_notify  ui_win_notify.o
    0x00031a7c   0x00000044   Code   RO         6340    i.ui_sedentary_notify  ui_win_notify.o
    0x00031ac0   0x00000084   Code   RO         6216    i.ui_show_version   ui_win_info.o
    0x00031b44   0x0000009c   Code   RO         6341    i.ui_uit_notify     ui_win_notify.o
    0x00031be0   0x00000704   Code   RO         5626    i.ui_weather        ui_win_main.o
    0x000322e4   0x000001c8   Code   RO         5997    i.ui_win_hr_done    ui_win_hr.o
    0x000324ac   0x00000050   Code   RO         5998    i.ui_win_hr_error   ui_win_hr.o
    0x000324fc   0x00000050   Code   RO         5999    i.ui_win_hr_none    ui_win_hr.o
    0x0003254c   0x0000008c   Code   RO         6000    i.ui_win_hr_ready   ui_win_hr.o
    0x000325d8   0x000001b4   Code   RO         6001    i.ui_win_hr_stop    ui_win_hr.o
    0x0003278c   0x00000028   Code   RO         5922    i.ui_win_sport      ui_win_sport.o
    0x000327b4   0x00000030   Code   RO         6706    i.ui_window_manager  window.o
    0x000327e4   0x0000000a   Code   RO         2191    i.uint16_encode     ble_advdata.o
    0x000327ee   0x00000024   Code   RO         5627    i.uit_get_level     ui_win_main.o
    0x00032812   0x00000002   PAD
    0x00032814   0x000000e4   Code   RO         1352    i.unit_update       task_step.o
    0x000328f8   0x00000114   Code   RO         7418    i.unziphfmex        nrf52832_xxaa.lib(hfma2ylib.o)
    0x00032a0c   0x00000014   Code   RO         2424    i.update_status_bit_reset  device_manager_peripheral.o
    0x00032a20   0x00000060   Code   RO         2274    i.update_timeout_handler  ble_conn_params.o
    0x00032a80   0x00000030   Code   RO         2192    i.uuid_list_encode  ble_advdata.o
    0x00032ab0   0x0000009e   Code   RO         2193    i.uuid_list_sized_encode  ble_advdata.o
    0x00032b4e   0x00000002   PAD
    0x00032b50   0x00000208   Code   RO         1897    i.v_to_cm2          task_uitraviolet.o
    0x00032d58   0x000000a8   Code   RO         5404    i.wchat_pedometer_profile_init  ble_wechat_service.o
    0x00032e00   0x000000b0   Code   RO         5405    i.wchat_target_profile_init  ble_wechat_service.o
    0x00032eb0   0x00000058   Code   RO         5406    i.wechat_indicate_pedometer  ble_wechat_service.o
    0x00032f08   0x0000006c   Code   RO         5407    i.wechat_services_init  ble_wechat_service.o
    0x00032f74   0x0000000e   Code   RO         2105    i.whitelist_has_entries  ble_advertising.o
    0x00032f82   0x00000002   PAD
    0x00032f84   0x00000134   Code   RO         6096    i.win_alarm_proc    ui_win_alarm.o
    0x000330b8   0x00000134   Code   RO         6133    i.win_camera_proc   ui_win_camera.o
    0x000331ec   0x000001e4   Code   RO         6174    i.win_findphone_proc  ui_win_findphone.o
    0x000333d0   0x000001a0   Code   RO         5875    i.win_function_proc  ui_win_function.o
    0x00033570   0x00000240   Code   RO         6002    i.win_hr_proc       ui_win_hr.o
    0x000337b0   0x00000120   Code   RO         6217    i.win_info_proc     ui_win_info.o
    0x000338d0   0x000001fc   Code   RO         5628    i.win_main_proc     ui_win_main.o
    0x00033acc   0x000002d4   Code   RO         6342    i.win_notify_proc   ui_win_notify.o
    0x00033da0   0x000001ac   Code   RO         5798    i.win_pedometer_proc  ui_win_pedometer.o
    0x00033f4c   0x00000170   Code   RO         6271    i.win_shutdown_proc  ui_win_shutdown.o
    0x000340bc   0x0000011c   Code   RO         6063    i.win_sleep_proc    ui_win_sleep.o
    0x000341d8   0x00000220   Code   RO         5923    i.win_sport_proc    ui_win_sport.o
    0x000343f8   0x00000034   Code   RO         6710    i.window_get        window.o
    0x0003442c   0x0000003c   Code   RO         6711    i.window_init       window.o
    0x00034468   0x00000028   Code   RO         6712    i.window_pop        window.o
    0x00034490   0x00000018   Code   RO         6713    i.window_push       window.o
    0x000344a8   0x0000001c   Code   RO         6716    i.window_tack_reset  window.o
    0x000344c4   0x00000011   Data   RO           52    .constdata          main.o
    0x000344d5   0x00000003   PAD
    0x000344d8   0x0000003d   Data   RO          168    .constdata          clocktick.o
    0x00034515   0x00000003   Data   RO          311    .constdata          btprotocol.o
    0x00034518   0x00000034   Data   RO          731    .constdata          osal_task.o
    0x0003454c   0x00000004   Data   RO          732    .constdata          osal_task.o
    0x00034550   0x00000004   Data   RO         1084    .constdata          task_ble.o
    0x00034554   0x00000050   Data   RO         1623    .constdata          task_hr.o
    0x000345a4   0x00000010   Data   RO         1967    .constdata          ble_dfu.o
    0x000345b4   0x00000010   Data   RO         2051    .constdata          ble_nus.o
    0x000345c4   0x00000034   Data   RO         2426    .constdata          device_manager_peripheral.o
    0x000345f8   0x00000040   Data   RO         2961    .constdata          ble_ancs_c.o
    0x00034638   0x00000028   Data   RO         3223    .constdata          pstorage.o
    0x00034660   0x000019e4   Data   RO         5171    .constdata          qr_encode.o
    0x00036044   0x00000007   Data   RO         5172    .constdata          qr_encode.o
    0x0003604b   0x0000000a   Data   RO         5173    .constdata          qr_encode.o
    0x00036055   0x0000000d   Data   RO         5174    .constdata          qr_encode.o
    0x00036062   0x0000000f   Data   RO         5175    .constdata          qr_encode.o
    0x00036071   0x00000010   Data   RO         5176    .constdata          qr_encode.o
    0x00036081   0x00000011   Data   RO         5177    .constdata          qr_encode.o
    0x00036092   0x00000012   Data   RO         5178    .constdata          qr_encode.o
    0x000360a4   0x00000014   Data   RO         5179    .constdata          qr_encode.o
    0x000360b8   0x00000016   Data   RO         5180    .constdata          qr_encode.o
    0x000360ce   0x00000018   Data   RO         5181    .constdata          qr_encode.o
    0x000360e6   0x0000001a   Data   RO         5182    .constdata          qr_encode.o
    0x00036100   0x0000001c   Data   RO         5183    .constdata          qr_encode.o
    0x0003611c   0x0000001e   Data   RO         5184    .constdata          qr_encode.o
    0x0003613a   0x00000020   Data   RO         5185    .constdata          qr_encode.o
    0x0003615a   0x00000022   Data   RO         5186    .constdata          qr_encode.o
    0x0003617c   0x00000024   Data   RO         5187    .constdata          qr_encode.o
    0x000361a0   0x00000026   Data   RO         5188    .constdata          qr_encode.o
    0x000361c6   0x00000028   Data   RO         5189    .constdata          qr_encode.o
    0x000361ee   0x0000002a   Data   RO         5190    .constdata          qr_encode.o
    0x00036218   0x0000002c   Data   RO         5191    .constdata          qr_encode.o
    0x00036244   0x0000002e   Data   RO         5192    .constdata          qr_encode.o
    0x00036272   0x00000030   Data   RO         5193    .constdata          qr_encode.o
    0x000362a2   0x00000032   Data   RO         5194    .constdata          qr_encode.o
    0x000362d4   0x00000034   Data   RO         5195    .constdata          qr_encode.o
    0x00036308   0x00000036   Data   RO         5196    .constdata          qr_encode.o
    0x0003633e   0x00000038   Data   RO         5197    .constdata          qr_encode.o
    0x00036376   0x0000003a   Data   RO         5198    .constdata          qr_encode.o
    0x000363b0   0x0000003c   Data   RO         5199    .constdata          qr_encode.o
    0x000363ec   0x0000003e   Data   RO         5200    .constdata          qr_encode.o
    0x0003642a   0x00000040   Data   RO         5201    .constdata          qr_encode.o
    0x0003646a   0x00000042   Data   RO         5202    .constdata          qr_encode.o
    0x000364ac   0x00000044   Data   RO         5203    .constdata          qr_encode.o
    0x000364f0   0x0000080c   Data   RO         5629    .constdata          ui_win_main.o
    0x00036cfc   0x00000208   Data   RO         5809    .constdata          ui_win_pedometer.o
    0x00036f04   0x00001454   Data   RO         5876    .constdata          ui_win_function.o
    0x00038358   0x00000078   Data   RO         6343    .constdata          ui_win_notify.o
    0x000383d0   0x00000004   Data   RO         6718    .constdata          window.o
    0x000383d4   0x00000098   Data   RO         6814    .constdata          ui_main_icon.o
    0x0003846c   0x0000000a   Data   RO         6821    .constdata          ui_main_icon.o
    0x00038476   0x00000370   Data   RO         6824    .constdata          ui_main_icon.o
    0x000387e6   0x00000090   Data   RO         6859    .constdata          ui_main_icon.o
    0x00038876   0x000001dc   Data   RO         6860    .constdata          ui_main_icon.o
    0x00038a52   0x00000108   Data   RO         6861    .constdata          ui_main_icon.o
    0x00038b5a   0x000002d6   Data   RO         6862    .constdata          ui_main_icon.o
    0x00038e30   0x0000016c   Data   RO         6863    .constdata          ui_main_icon.o
    0x00038f9c   0x00000162   Data   RO         6864    .constdata          ui_main_icon.o
    0x000390fe   0x0000015e   Data   RO         6865    .constdata          ui_main_icon.o
    0x0003925c   0x0000016d   Data   RO         6866    .constdata          ui_main_icon.o
    0x000393c9   0x00000175   Data   RO         6867    .constdata          ui_main_icon.o
    0x0003953e   0x00000171   Data   RO         6868    .constdata          ui_main_icon.o
    0x000396af   0x0000016f   Data   RO         6869    .constdata          ui_main_icon.o
    0x0003981e   0x00000170   Data   RO         6870    .constdata          ui_main_icon.o
    0x0003998e   0x00000178   Data   RO         6871    .constdata          ui_main_icon.o
    0x00039b06   0x00000162   Data   RO         6872    .constdata          ui_main_icon.o
    0x00039c68   0x00000174   Data   RO         6873    .constdata          ui_main_icon.o
    0x00039ddc   0x00000162   Data   RO         6874    .constdata          ui_main_icon.o
    0x00039f3e   0x0000014e   Data   RO         6875    .constdata          ui_main_icon.o
    0x0003a08c   0x000001c0   Data   RO         6876    .constdata          ui_main_icon.o
    0x0003a24c   0x000005ad   Data   RO         6877    .constdata          ui_main_icon.o
    0x0003a7f9   0x00000528   Data   RO         6878    .constdata          ui_main_icon.o
    0x0003ad21   0x0000067a   Data   RO         6879    .constdata          ui_main_icon.o
    0x0003b39b   0x00000669   Data   RO         6880    .constdata          ui_main_icon.o
    0x0003ba04   0x000005fc   Data   RO         6881    .constdata          ui_main_icon.o
    0x0003c000   0x000005c0   Data   RO         6882    .constdata          ui_main_icon.o
    0x0003c5c0   0x00000431   Data   RO         6883    .constdata          ui_main_icon.o
    0x0003c9f1   0x000002c9   Data   RO         6884    .constdata          ui_main_icon.o
    0x0003ccba   0x00000201   Data   RO         6887    .constdata          ui_main_icon.o
    0x0003cebb   0x00000212   Data   RO         6888    .constdata          ui_main_icon.o
    0x0003d0cd   0x00000205   Data   RO         6889    .constdata          ui_main_icon.o
    0x0003d2d2   0x000001e2   Data   RO         6890    .constdata          ui_main_icon.o
    0x0003d4b4   0x000001dd   Data   RO         6891    .constdata          ui_main_icon.o
    0x0003d691   0x000001d3   Data   RO         6892    .constdata          ui_main_icon.o
    0x0003d864   0x00000245   Data   RO         6893    .constdata          ui_main_icon.o
    0x0003daa9   0x00000220   Data   RO         6894    .constdata          ui_main_icon.o
    0x0003dcc9   0x0000076d   Data   RO         6895    .constdata          ui_main_icon.o
    0x0003e436   0x0000073e   Data   RO         6896    .constdata          ui_main_icon.o
    0x0003eb74   0x00000790   Data   RO         6897    .constdata          ui_main_icon.o
    0x0003f304   0x00000737   Data   RO         6898    .constdata          ui_main_icon.o
    0x0003fa3b   0x00000714   Data   RO         6899    .constdata          ui_main_icon.o
    0x0004014f   0x00001991   Data   RO         6900    .constdata          ui_main_icon.o
    0x00041ae0   0x00000200   Data   RO         6916    .constdata          ui_pedometer_icon.o
    0x00041ce0   0x00000200   Data   RO         6918    .constdata          ui_pedometer_icon.o
    0x00041ee0   0x00000026   Data   RO         6919    .constdata          ui_pedometer_icon.o
    0x00041f06   0x00000050   Data   RO         6920    .constdata          ui_pedometer_icon.o
    0x00041f56   0x00000050   Data   RO         6921    .constdata          ui_pedometer_icon.o
    0x00041fa6   0x00000040   Data   RO         6922    .constdata          ui_pedometer_icon.o
    0x00041fe6   0x00000320   Data   RO         6934    .constdata          ui_function_icon.o
    0x00042306   0x00000320   Data   RO         6935    .constdata          ui_function_icon.o
    0x00042626   0x00000320   Data   RO         6941    .constdata          ui_function_icon.o
    0x00042946   0x00000320   Data   RO         6942    .constdata          ui_function_icon.o
    0x00042c66   0x00000320   Data   RO         6943    .constdata          ui_function_icon.o
    0x00042f86   0x00000320   Data   RO         6944    .constdata          ui_function_icon.o
    0x000432a6   0x00000080   Data   RO         6946    .constdata          ui_function_icon.o
    0x00043326   0x00000080   Data   RO         6947    .constdata          ui_function_icon.o
    0x000433a6   0x00000080   Data   RO         6948    .constdata          ui_function_icon.o
    0x00043426   0x00000080   Data   RO         6949    .constdata          ui_function_icon.o
    0x000434a6   0x00000080   Data   RO         6950    .constdata          ui_function_icon.o
    0x00043526   0x00000080   Data   RO         6951    .constdata          ui_function_icon.o
    0x000435a6   0x00000080   Data   RO         6952    .constdata          ui_function_icon.o
    0x00043626   0x00000080   Data   RO         6955    .constdata          ui_function_icon.o
    0x000436a6   0x00000198   Data   RO         6956    .constdata          ui_function_icon.o
    0x0004383e   0x0000010e   Data   RO         6957    .constdata          ui_function_icon.o
    0x0004394c   0x00000048   Data   RO         6969    .constdata          ui_hr_icon.o
    0x00043994   0x00000200   Data   RO         6970    .constdata          ui_hr_icon.o
    0x00043b94   0x00000200   Data   RO         6971    .constdata          ui_hr_icon.o
    0x00043d94   0x00000200   Data   RO         6972    .constdata          ui_hr_icon.o
    0x00043f94   0x00000280   Data   RO         6973    .constdata          ui_hr_icon.o
    0x00044214   0x00000320   Data   RO         7007    .constdata          ui_findphone_icon.o
    0x00044534   0x000001ad   Data   RO         7030    .constdata          ui_comm_icon.o
    0x000446e1   0x000000c4   Data   RO         7031    .constdata          ui_comm_icon.o
    0x000447a5   0x00002000   Data   RO         7045    .constdata          ui_notify_icon.o
    0x000467a5   0x000000c8   Data   RO         7046    .constdata          ui_notify_icon.o
    0x0004686d   0x000000c4   Data   RO         7047    .constdata          ui_notify_icon.o
    0x00046931   0x000000f6   Data   RO         7048    .constdata          ui_notify_icon.o
    0x00046a27   0x0000015c   Data   RO         7049    .constdata          ui_notify_icon.o
    0x00046b83   0x00000200   Data   RO         7050    .constdata          ui_notify_icon.o
    0x00046d83   0x000000d2   Data   RO         7051    .constdata          ui_notify_icon.o
    0x00046e55   0x00000200   Data   RO         7052    .constdata          ui_notify_icon.o
    0x00047055   0x00000200   Data   RO         7053    .constdata          ui_notify_icon.o
    0x00047255   0x00000320   Data   RO         7054    .constdata          ui_notify_icon.o
    0x00047575   0x00000144   Data   RO         7055    .constdata          ui_notify_icon.o
    0x000476b9   0x00000120   Data   RO         7056    .constdata          ui_notify_icon.o
    0x000477d9   0x000000a5   Data   RO         7057    .constdata          ui_notify_icon.o
    0x0004787e   0x0000012c   Data   RO         7058    .constdata          ui_notify_icon.o
    0x000479aa   0x00000068   Data   RO         7059    .constdata          ui_notify_icon.o
    0x00047a12   0x000007b1   Data   RO         7060    .constdata          ui_notify_icon.o
    0x000481c3   0x00000320   Data   RO         7061    .constdata          ui_notify_icon.o
    0x000484e3   0x00000320   Data   RO         7062    .constdata          ui_notify_icon.o
    0x00048803   0x00000320   Data   RO         7063    .constdata          ui_notify_icon.o
    0x00048b23   0x00000200   Data   RO         7075    .constdata          ui_camera_icon.o
    0x00048d23   0x00000048   Data   RO         7097    .constdata          ui_sport_icon.o
    0x00048d6b   0x000000ae   Data   RO         7098    .constdata          ui_sport_icon.o
    0x00048e19   0x00000020   Data   RO         7101    .constdata          ui_sport_icon.o
    0x00048e39   0x00000030   Data   RO         7103    .constdata          ui_sport_icon.o
    0x00048e69   0x00000260   Data   RO         7104    .constdata          ui_sport_icon.o
    0x000490c9   0x0000016b   Data   RO         7105    .constdata          ui_sport_icon.o
    0x00049234   0x000000c0   Data   RO         7108    .constdata          ui_sport_icon.o
    0x000492f4   0x000004c0   Data   RO         7794    .constdata          jpeg_decode.lib(tjpgd.o)
    0x000497b4   0x00000004   PAD
    0x000497b8   0x00000088   Data   RO         7855    .constdata          m_wm.l(pow.o)
    0x00049840   0x0000000c   Data   RO         7901    .constdata          mc_w.l(mktime.o)
    0x0004984c   0x00000004   PAD
    0x00049850   0x00000030   Data   RO         7938    .constdata          m_wm.l(cos_i.o)
    0x00049880   0x00000008   Data   RO         7964    .constdata          m_wm.l(qnan.o)
    0x00049888   0x000000c8   Data   RO         7967    .constdata          m_wm.l(rred.o)
    0x00049950   0x00000028   Data   RO         7971    .constdata          m_wm.l(sin_i.o)
    0x00049978   0x0000000c   Data   RO         8000    .constdata          mc_w.l(localtime_i.o)
    0x00049984   0x00000020   Data   RO         8026    Region$$Table       anon$$obj.o


    Execution Region RW_IRAM1 (Base: 0x20002080, Size: 0x0000d870, Max: 0x0000df80, ABSOLUTE, COMPRESSED[0x00000218])

    Base Addr    Size         Type   Attr      Idx    E Section Name        Object

    0x20002080   0x00000024   Data   RW            5    .data               alarm.o
    0x200020a4   0x00000010   Data   RW          169    .data               clocktick.o
    0x200020b4   0x00000050   Data   RW          284    .data               usersetting.o
    0x20002104   0x00000010   Data   RW          285    .data               usersetting.o
    0x20002114   0x0000000e   Data   RW          286    .data               usersetting.o
    0x20002122   0x00000002   PAD
    0x20002124   0x00000008   Data   RW          287    .data               usersetting.o
    0x2000212c   0x00000001   Data   RW          288    .data               usersetting.o
    0x2000212d   0x00000001   Data   RW          291    .data               usersetting.o
    0x2000212e   0x00000001   Data   RW          292    .data               usersetting.o
    0x2000212f   0x00000001   Data   RW          312    .data               btprotocol.o
    0x20002130   0x00000004   Data   RW          650    .data               osal.o
    0x20002134   0x0000000c   Data   RW          824    .data               osal_timer.o
    0x20002140   0x0000000c   Data   RW          969    .data               task_battery.o
    0x2000214c   0x0000001c   Data   RW         1085    .data               task_ble.o
    0x20002168   0x00000004   Data   RW         1290    .data               task_gui.o
    0x2000216c   0x00000048   Data   RW         1355    .data               task_step.o
    0x200021b4   0x0000000c   Data   RW         1438    .data               task_touch.o
    0x200021c0   0x00000014   Data   RW         1482    .data               task_upload.o
    0x200021d4   0x00000008   Data   RW         1539    .data               task_motor.o
    0x200021dc   0x00000008   Data   RW         1589    .data               task_finder.o
    0x200021e4   0x0000001d   Data   RW         1624    .data               task_hr.o
    0x20002201   0x00000003   PAD
    0x20002204   0x0000003c   Data   RW         1721    .data               task_flash.o
    0x20002240   0x00000008   Data   RW         1816    .data               task_store.o
    0x20002248   0x00000004   Data   RW         1860    .data               task_frame.o
    0x2000224c   0x00000024   Data   RW         1899    .data               task_uitraviolet.o
    0x20002270   0x00000008   Data   RW         1968    .data               ble_dfu.o
    0x20002278   0x0000001f   Data   RW         2107    .data               ble_advertising.o
    0x20002297   0x00000001   PAD
    0x20002298   0x00000018   Data   RW         2276    .data               ble_conn_params.o
    0x200022b0   0x00000018   Data   RW         2427    .data               device_manager_peripheral.o
    0x200022c8   0x00000008   Data   RW         2882    .data               dfu_app_handler.o
    0x200022d0   0x00000008   Data   RW         2962    .data               ble_ancs_c.o
    0x200022d8   0x00000010   Data   RW         3090    .data               ble_db_discovery.o
    0x200022e8   0x00000024   Data   RW         3224    .data               pstorage.o
    0x2000230c   0x00000014   Data   RW         3502    .data               softdevice_handler.o
    0x20002320   0x00000008   Data   RW         3609    .data               irqhandler.o
    0x20002328   0x00000004   Data   RW         3610    .data               irqhandler.o
    0x2000232c   0x00000008   Data   RW         3797    .data               debug.o
    0x20002334   0x00000001   Data   RW         3860    .data               lcd_st7735.o
    0x20002335   0x00000003   PAD
    0x20002338   0x00000008   Data   RW         4096    .data               bma2x2.o
    0x20002340   0x00000004   Data   RW         4839    .data               bma253.o
    0x20002344   0x00000010   Data   RW         4923    .data               step_process.o
    0x20002354   0x0000000c   Data   RW         4988    .data               heartcomp.o
    0x20002360   0x00000060   Data   RW         5119    .data               sleep_algorithm.o
    0x200023c0   0x00000120   Data   RW         5204    .data               qr_encode.o
    0x200024e0   0x00000354   Data   RW         5205    .data               qr_encode.o
    0x20002834   0x00000012   Data   RW         5409    .data               ble_wechat_service.o
    0x20002846   0x00000002   PAD
    0x20002848   0x00000014   Data   RW         5497    .data               ancs.o
    0x2000285c   0x00000028   Data   RW         5566    .data               msgqueue.o
    0x20002884   0x00000068   Data   RW         5632    .data               ui_win_main.o
    0x200028ec   0x00000004   Data   RW         5811    .data               ui_win_pedometer.o
    0x200028f0   0x00000004   Data   RW         5877    .data               ui_win_function.o
    0x200028f4   0x0000000c   Data   RW         5924    .data               ui_win_sport.o
    0x20002900   0x00000002   Data   RW         6003    .data               ui_win_hr.o
    0x20002902   0x00000028   Data   RW         6135    .data               ui_win_camera.o
    0x2000292a   0x00000002   Data   RW         6175    .data               ui_win_findphone.o
    0x2000292c   0x00000038   Data   RW         6344    .data               ui_win_notify.o
    0x20002964   0x0000012c   Data   RW         6720    .data               window.o
    0x20002a90   0x00000014   Data   RW         7175    .data               em70x8.o
    0x20002aa4   0x00000004   Data   RW         7357    .data               system_nrf52.o
    0x20002aa8   0x00000004   Data   RW         7420    .data               nrf52832_xxaa.lib(hfma2ylib.o)
    0x20002aac   0x00000041   Data   RW         7617    .data               HeartRatelib.lib(smallram.o)
    0x20002aed   0x00000003   PAD
    0x20002af0   0x00000010   Data   RW         7640    .data               libBp.lib(blood.o)
    0x20002b00   0x00000010   Data   RW         7722    .data               jpeg_decode.lib(jpeg_decode.o)
    0x20002b10   0x00000004   Data   RW         7898    .data               mc_w.l(rand.o)
    0x20002b14   0x00000004   Data   RW         8005    .data               mc_w.l(errno.o)
    0x20002b18   0x00000012   Zero   RW           51    .bss                main.o
    0x20002b2a   0x00000002   PAD
    0x20002b2c   0x00000018   Zero   RW          487    .bss                drink.o
    0x20002b44   0x00000018   Zero   RW          522    .bss                medicine.o
    0x20002b5c   0x00000034   Zero   RW          730    .bss                osal_task.o
    0x20002b90   0x000003c0   Zero   RW          823    .bss                osal_timer.o
    0x20002f50   0x00000054   Zero   RW          968    .bss                task_battery.o
    0x20002fa4   0x000000a8   Zero   RW         1083    .bss                task_ble.o
    0x2000304c   0x00000088   Zero   RW         1353    .bss                task_step.o
    0x200030d4   0x00000014   Zero   RW         1354    .bss                task_step.o
    0x200030e8   0x00001024   Zero   RW         1481    .bss                task_upload.o
    0x2000410c   0x00000014   Zero   RW         1588    .bss                task_finder.o
    0x20004120   0x000012d4   Zero   RW         1720    .bss                task_flash.o
    0x200053f4   0x00000014   Zero   RW         1815    .bss                task_store.o
    0x20005408   0x00000030   Zero   RW         1898    .bss                task_uitraviolet.o
    0x20005438   0x00000103   Zero   RW         2106    .bss                ble_advertising.o
    0x2000553b   0x00000001   PAD
    0x2000553c   0x0000001c   Zero   RW         2275    .bss                ble_conn_params.o
    0x20005558   0x00000143   Zero   RW         2425    .bss                device_manager_peripheral.o
    0x2000569b   0x00000001   PAD
    0x2000569c   0x00000058   Zero   RW         2664    .bss                fstorage.o
    0x200056f4   0x0000003c   Zero   RW         2881    .bss                dfu_app_handler.o
    0x20005730   0x00000120   Zero   RW         2960    .bss                ble_ancs_c.o
    0x20005850   0x000001f8   Zero   RW         3089    .bss                ble_db_discovery.o
    0x20005a48   0x00000144   Zero   RW         3222    .bss                pstorage.o
    0x20005b8c   0x0000000c   Zero   RW         3501    .bss                softdevice_handler.o
    0x20005b98   0x00000010   Zero   RW         3758    .bss                ssadc.o
    0x20005ba8   0x00000014   Zero   RW         3796    .bss                debug.o
    0x20005bbc   0x00006400   Zero   RW         3859    .bss                lcd_st7735.o
    0x2000bfbc   0x00000018   Zero   RW         4838    .bss                bma253.o
    0x2000bfd4   0x000000f4   Zero   RW         4922    .bss                step_process.o
    0x2000c0c8   0x00000020   Zero   RW         4986    .bss                heartcomp.o
    0x2000c0e8   0x00000038   Zero   RW         5408    .bss                ble_wechat_service.o
    0x2000c120   0x00000460   Zero   RW         5495    .bss                ancs.o
    0x2000c580   0x000001ac   Zero   RW         5496    .bss                ancs.o
    0x2000c72c   0x0000011e   Zero   RW         5565    .bss                msgqueue.o
    0x2000c84a   0x00000002   PAD
    0x2000c84c   0x00000010   Zero   RW         6717    .bss                window.o
    0x2000c85c   0x00000018   Zero   RW         7616    .bss                HeartRatelib.lib(smallram.o)
    0x2000c874   0x0000107c   Zero   RW         7721    .bss                jpeg_decode.lib(jpeg_decode.o)
    0x2000d8f0   0x00002000   Zero   RW         7345    STACK               arm_startup_nrf52.o


==============================================================================

Image component sizes


      Code (inc. data)   RO Data    RW Data    ZI Data      Debug   Object Name

       644         20          0         36          0       5643   alarm.o
      1616        344          0         20       1548       8496   ancs.o
        22          0          0          0          0       2129   app_error.o
        36         10          0          0          0        682   app_error_weak.o
        36          8        512          0       8192        848   arm_startup_nrf52.o
      1540          0          0          0          0      19556   ble_advdata.o
       994         36          0         31        259       9965   ble_advertising.o
      1496         46         64          8        288      23925   ble_ancs_c.o
       452         48          0         24         28      13815   ble_conn_params.o
      1512         66          0         16        504      16151   ble_db_discovery.o
      1092         26         16          8          0      21068   ble_dfu.o
       648          6         16          0          0       6446   ble_nus.o
      1208         36          0         18         56      17478   ble_wechat_service.o
      1296         70          0          4         24      11532   bma253.o
      2920        220          0          8          0      60248   bma2x2.o
        56          2          0          0          0       1176   bootloader_util.o
      5312        196          3          1          0      61507   btprotocol.o
        72         22          0          0          0      30449   button.o
       994         60         61         16          0      11888   clocktick.o
       152         10          0          8         20       1589   debug.o
      3960        268         52         24        323      39515   device_manager_peripheral.o
       390         26          0          8         60      34487   dfu_app_handler.o
       440         16          0          0         24       3969   drink.o
       364         12          0         20          0       2414   em70x8.o
       820         22          0          0          0      13565   em70x8_gpio_i2c.o
       330         34          0          0          0       7656   f_lib.o
        24          6          0          0          0        853   fpu.o
        20          4          0          0         88       4708   fstorage.o
       300         50          0         12         32       2556   heartcomp.o
       148         20          0         12          0       1019   irqhandler.o
      1450         80          0          1      25600      12288   lcd_st7735.o
       244         20         17          0         18      61680   main.o
       440         16          0          0         24       4042   medicine.o
       248         26          0         40        286       4331   msgqueue.o
         0          0          0          0          0       1396   nrf_assert.o
       144          0          0          0          0       1707   nrf_delay.o
        96          6          0          0          0       6197   nrf_saadc.o
       216         34          0          4          0       3688   osal.o
        32          4          0          0          0      27971   osal_pwrmgr.o
       124          6         56          0         52       3037   osal_task.o
      1148        102          0         12        960      41317   osal_timer.o
      2770        240         40         36        324      38194   pstorage.o
      5778         56       7824       1140          0      23820   qr_encode.o
       192         10          0          0          0       1615   qr_utils.o
       956         28          0         96          0       5300   sleep_algorithm.o
       454         52          0         20         12      41729   softdevice_handler.o
       130          4          0          0          0       2348   spi_hw.o
       144         30          0          0         16       2093   ssadc.o
       976         40          0         16        244       7251   step_process.o
       764         64          0          4          0       2683   system_nrf52.o
      1206         88          0         12         84      10543   task_battery.o
      1788        196          4         28        168      58534   task_ble.o
       264         20          0          8         20       2935   task_finder.o
      2056        176          0         60       4820      13116   task_flash.o
       192          6          0          4          0       1598   task_frame.o
       900         68          0          4          0       2656   task_gui.o
      1176         76         80         29          0      12882   task_hr.o
       406         34          0          8          0       6766   task_motor.o
      2708        162          0         72        156      44015   task_step.o
      1532         64          0          8         20       3651   task_store.o
       232         22          0         12          0       5072   task_touch.o
      1652        310          0         36         48      10595   task_uitraviolet.o
      3700         82          0         20       4132      10737   task_upload.o
       428          8          0          0          0       1782   u2k.o
         0          0        512          0          0        521   ui_camera_icon.o
         0          0        625          0          0        726   ui_comm_icon.o
      1006         22          0          0          0      10870   ui_draw.o
         0          0        800          0          0        541   ui_findphone_icon.o
         0          0       6502          0          0       1953   ui_function_icon.o
         0          0       2248          0          0        728   ui_hr_icon.o
         0          0      38668          0          0       5092   ui_main_icon.o
         0          0      17278          0          0       1414   ui_notify_icon.o
         0          0       1286          0          0        915   ui_pedometer_icon.o
         0          0       1489          0          0       1103   ui_sport_icon.o
       484         40          0          0          0       1558   ui_win_alarm.o
       340         40          0         40          0       2463   ui_win_camera.o
       604         58          0          2          0       2086   ui_win_findphone.o
       980        104       5204          4          0       3095   ui_win_function.o
      2040        156          0          2          0       5330   ui_win_hr.o
       852         52          0          0          0       3603   ui_win_info.o
      4900        294       2060        104          0      12459   ui_win_main.o
      3424        308        120         56          0      25670   ui_win_notify.o
      1274        122        520          4          0       7127   ui_win_pedometer.o
       438         36          0          0          0       2952   ui_win_shutdown.o
       592         50          0          0          0       1964   ui_win_sleep.o
      1540        164          0         12          0       6748   ui_win_sport.o
         0          0          0        121          0       3018   usersetting.o
       252         50          4        300         16       5794   window.o

    ----------------------------------------------------------------------
     82262       5310      86096       2600      48452    1020632   Object Totals
         0          0         32          0          0          0   (incl. Generated)
        96          0          3         11          6          0   (incl. Padding)

    ----------------------------------------------------------------------

      Code (inc. data)   RO Data    RW Data    ZI Data      Debug   Library Member Name

      1706        104          0         65         24        752   smallram.o
       232         38          0         16       4220       5146   jpeg_decode.o
      2698         52       1216          0          0      13445   tjpgd.o
      1366        414          0         16          0       7257   blood.o
       200         20          0          0          0        164   cos.o
       368         46         48          0          0        200   cos_i.o
       184         44          0          0          0        744   dunder.o
        24          0          0          0          0        124   fabs.o
        48          0          0          0          0        124   fpclassify.o
       248          0          0          0          0        152   poly.o
      3152        296        136          0          0        352   pow.o
         0          0          8          0          0          0   qnan.o
      1080        142        200          0          0        188   rred.o
       200         20          0          0          0        164   sin.o
       304         24         40          0          0        208   sin_i.o
       110          0          0          0          0        148   sqrt.o
        86          0          0          0          0          0   __dczerorl2.o
         0          0          0          0          0          0   entry.o
         0          0          0          0          0          0   entry10a.o
         0          0          0          0          0          0   entry11a.o
         8          4          0          0          0          0   entry2.o
         4          0          0          0          0          0   entry5.o
         0          0          0          0          0          0   entry7b.o
         0          0          0          0          0          0   entry8b.o
         8          4          0          0          0          0   entry9a.o
        12          6          0          4          0         68   errno.o
        30          0          0          0          0          0   handlers.o
        40          0          0          0          0         80   idiv.o
        36          8          0          0          0         68   init.o
         0          0          0          0          0          0   iusefp.o
        30          0          0          0          0         68   llshl.o
        36          0          0          0          0         68   llsshr.o
        32          0          0          0          0         68   llushr.o
       140          6         12          0          0         76   localtime_i.o
        26          0          0          0          0         80   memcmp.o
        64          0          0          0          0         76   memmovea.o
        36          0          0          0          0        108   memseta.o
       168         18         12          0          0         80   mktime.o
        36         10          0          4          0        136   rand.o
        14          0          0          0          0         68   strlen.o
        30          0          0          0          0         80   strncmp.o
        44          0          0          0          0         80   uidiv.o
        48          0          0          0          0         68   cdrcmple.o
        56          0          0          0          0         88   d2f.o
       334          0          0          0          0        148   dadd.o
       222          0          0          0          0        100   ddiv.o
       186          0          0          0          0        176   depilogue.o
        62          0          0          0          0         80   dfixi.o
        50          0          0          0          0         76   dfixui.o
        34          0          0          0          0         76   dflti.o
        26          0          0          0          0         76   dfltui.o
       228          0          0          0          0         96   dmul.o
        46          0          0          0          0         80   dscalb.o
       162          0          0          0          0        100   dsqrt.o
        38          0          0          0          0         68   f2d.o
       110          0          0          0          0        168   fepilogue.o
      2332         82          0          4          0      14749   hfma2ylib.o

    ----------------------------------------------------------------------
     16750       1338       1680        112       4244      46521   Library Totals
        16          0          8          3          0          0   (incl. Padding)

    ----------------------------------------------------------------------

      Code (inc. data)   RO Data    RW Data    ZI Data      Debug   Library Name

      1706        104          0         65         24        752   HeartRatelib.lib
      2930         90       1216         16       4220      18591   jpeg_decode.lib
      1366        414          0         16          0       7257   libBp.lib
      5918        592        432          0          0       2568   m_wm.l
       880         56         24          8          0       1204   mc_w.l
      1602          0          0          0          0       1400   mf_w.l
      2332         82          0          4          0      14749   nrf52832_xxaa.lib

    ----------------------------------------------------------------------
     16750       1338       1680        112       4244      46521   Library Totals

    ----------------------------------------------------------------------

==============================================================================


      Code (inc. data)   RO Data    RW Data    ZI Data      Debug   

     99012       6648      87776       2712      52696    1008061   Grand Totals
     99012       6648      87776        536      52696    1008061   ELF Image Totals (compressed)
     99012       6648      87776        536          0          0   ROM Totals

==============================================================================

    Total RO  Size (Code + RO Data)               186788 ( 182.41kB)
    Total RW  Size (RW Data + ZI Data)             55408 (  54.11kB)
    Total ROM Size (Code + RO Data + RW Data)     187324 ( 182.93kB)

==============================================================================

